Archive member included because of file (symbol)

.\CortexM0\ARM_GCC_493\Debug\BlueT.a(cyfitter_cfg.o)
                              .\CortexM0\ARM_GCC_493\Debug\Cm0Start.o (cyfitter_cfg)
.\CortexM0\ARM_GCC_493\Debug\BlueT.a(UART.o)
                              .\CortexM0\ARM_GCC_493\Debug\main.o (UART_Start)
.\CortexM0\ARM_GCC_493\Debug\BlueT.a(UART_SPI_UART.o)
                              .\CortexM0\ARM_GCC_493\Debug\main.o (UART_SpiUartWriteTxData)
.\CortexM0\ARM_GCC_493\Debug\BlueT.a(UART_UART.o)
                              .\CortexM0\ARM_GCC_493\Debug\BlueT.a(UART.o) (UART_UartInit)
.\CortexM0\ARM_GCC_493\Debug\BlueT.a(CyLib.o)
                              .\CortexM0\ARM_GCC_493\Debug\BlueT.a(cyfitter_cfg.o) (CyIntEnable)
.\CortexM0\ARM_GCC_493\Debug\BlueT.a(CyLFClk.o)
                              .\CortexM0\ARM_GCC_493\Debug\BlueT.a(cyfitter_cfg.o) (CySysWdtIsr)
.\CortexM0\ARM_GCC_493\Debug\BlueT.a(PWM_1.o)
                              .\CortexM0\ARM_GCC_493\Debug\main.o (PWM_1_WriteCompare)
.\CortexM0\ARM_GCC_493\Debug\BlueT.a(PWM_2.o)
                              .\CortexM0\ARM_GCC_493\Debug\main.o (PWM_2_WriteCompare)
.\CortexM0\ARM_GCC_493\Debug\BlueT.a(CyBootAsmGnu.o)
                              .\CortexM0\ARM_GCC_493\Debug\BlueT.a(CyLib.o) (CyDelayCycles)
c:/software/cypress/psoc creator/3.3/psoc creator/import/gnu/arm/4.9.3/bin/../lib/gcc/arm-none-eabi/4.9.3/armv6-m\libgcc.a(_udivsi3.o)
                              .\CortexM0\ARM_GCC_493\Debug\BlueT.a(CyLib.o) (__aeabi_uidiv)
c:/software/cypress/psoc creator/3.3/psoc creator/import/gnu/arm/4.9.3/bin/../lib/gcc/arm-none-eabi/4.9.3/armv6-m\libgcc.a(_dvmd_tls.o)
                              c:/software/cypress/psoc creator/3.3/psoc creator/import/gnu/arm/4.9.3/bin/../lib/gcc/arm-none-eabi/4.9.3/armv6-m\libgcc.a(_udivsi3.o) (__aeabi_idiv0)
c:/software/cypress/psoc creator/3.3/psoc creator/import/gnu/arm/4.9.3/bin/../lib/gcc/arm-none-eabi/4.9.3/../../../../arm-none-eabi/lib/armv6-m\libg_nano.a(lib_a-errno.o)
                              .\CortexM0\ARM_GCC_493\Debug\Cm0Start.o (__errno)
c:/software/cypress/psoc creator/3.3/psoc creator/import/gnu/arm/4.9.3/bin/../lib/gcc/arm-none-eabi/4.9.3/../../../../arm-none-eabi/lib/armv6-m\libg_nano.a(lib_a-exit.o)
                              c:/software/cypress/psoc creator/3.3/psoc creator/import/gnu/arm/4.9.3/bin/../lib/gcc/arm-none-eabi/4.9.3/../../../../arm-none-eabi/lib/armv6-m/crt0.o (exit)
c:/software/cypress/psoc creator/3.3/psoc creator/import/gnu/arm/4.9.3/bin/../lib/gcc/arm-none-eabi/4.9.3/../../../../arm-none-eabi/lib/armv6-m\libg_nano.a(lib_a-impure.o)
                              c:/software/cypress/psoc creator/3.3/psoc creator/import/gnu/arm/4.9.3/bin/../lib/gcc/arm-none-eabi/4.9.3/../../../../arm-none-eabi/lib/armv6-m\libg_nano.a(lib_a-exit.o) (_global_impure_ptr)
c:/software/cypress/psoc creator/3.3/psoc creator/import/gnu/arm/4.9.3/bin/../lib/gcc/arm-none-eabi/4.9.3/../../../../arm-none-eabi/lib/armv6-m\libg_nano.a(lib_a-init.o)
                              c:/software/cypress/psoc creator/3.3/psoc creator/import/gnu/arm/4.9.3/bin/../lib/gcc/arm-none-eabi/4.9.3/../../../../arm-none-eabi/lib/armv6-m/crt0.o (__libc_init_array)
c:/software/cypress/psoc creator/3.3/psoc creator/import/gnu/arm/4.9.3/bin/../lib/gcc/arm-none-eabi/4.9.3/../../../../arm-none-eabi/lib/armv6-m\libg_nano.a(lib_a-memset.o)
                              c:/software/cypress/psoc creator/3.3/psoc creator/import/gnu/arm/4.9.3/bin/../lib/gcc/arm-none-eabi/4.9.3/../../../../arm-none-eabi/lib/armv6-m/crt0.o (memset)

Discarded input sections

 .text          0x00000000        0x0 c:/software/cypress/psoc creator/3.3/psoc creator/import/gnu/arm/4.9.3/bin/../lib/gcc/arm-none-eabi/4.9.3/armv6-m/crti.o
 .data          0x00000000        0x0 c:/software/cypress/psoc creator/3.3/psoc creator/import/gnu/arm/4.9.3/bin/../lib/gcc/arm-none-eabi/4.9.3/armv6-m/crti.o
 .bss           0x00000000        0x0 c:/software/cypress/psoc creator/3.3/psoc creator/import/gnu/arm/4.9.3/bin/../lib/gcc/arm-none-eabi/4.9.3/armv6-m/crti.o
 .data          0x00000000        0x4 c:/software/cypress/psoc creator/3.3/psoc creator/import/gnu/arm/4.9.3/bin/../lib/gcc/arm-none-eabi/4.9.3/armv6-m/crtbegin.o
 .text          0x00000000       0x78 c:/software/cypress/psoc creator/3.3/psoc creator/import/gnu/arm/4.9.3/bin/../lib/gcc/arm-none-eabi/4.9.3/../../../../arm-none-eabi/lib/armv6-m/crt0.o
 .data          0x00000000        0x0 c:/software/cypress/psoc creator/3.3/psoc creator/import/gnu/arm/4.9.3/bin/../lib/gcc/arm-none-eabi/4.9.3/../../../../arm-none-eabi/lib/armv6-m/crt0.o
 .bss           0x00000000        0x0 c:/software/cypress/psoc creator/3.3/psoc creator/import/gnu/arm/4.9.3/bin/../lib/gcc/arm-none-eabi/4.9.3/../../../../arm-none-eabi/lib/armv6-m/crt0.o
 .ARM.extab     0x00000000        0x0 c:/software/cypress/psoc creator/3.3/psoc creator/import/gnu/arm/4.9.3/bin/../lib/gcc/arm-none-eabi/4.9.3/../../../../arm-none-eabi/lib/armv6-m/crt0.o
 .ARM.exidx     0x00000000        0x8 c:/software/cypress/psoc creator/3.3/psoc creator/import/gnu/arm/4.9.3/bin/../lib/gcc/arm-none-eabi/4.9.3/../../../../arm-none-eabi/lib/armv6-m/crt0.o
 .text          0x00000000        0x0 .\CortexM0\ARM_GCC_493\Debug\main.o
 .data          0x00000000        0x0 .\CortexM0\ARM_GCC_493\Debug\main.o
 .bss           0x00000000        0x0 .\CortexM0\ARM_GCC_493\Debug\main.o
 .text          0x00000000        0x0 .\CortexM0\ARM_GCC_493\Debug\cymetadata.o
 .data          0x00000000        0x0 .\CortexM0\ARM_GCC_493\Debug\cymetadata.o
 .bss           0x00000000        0x0 .\CortexM0\ARM_GCC_493\Debug\cymetadata.o
 .text          0x00000000        0x0 .\CortexM0\ARM_GCC_493\Debug\Cm0Start.o
 .data          0x00000000        0x4 .\CortexM0\ARM_GCC_493\Debug\Cm0Start.o
 .bss           0x00000000        0x0 .\CortexM0\ARM_GCC_493\Debug\Cm0Start.o
 .text._exit    0x00000000        0xc .\CortexM0\ARM_GCC_493\Debug\Cm0Start.o
 .text._sbrk    0x00000000       0x30 .\CortexM0\ARM_GCC_493\Debug\Cm0Start.o
 .text          0x00000000        0x0 .\CortexM0\ARM_GCC_493\Debug\BlueT.a(cyfitter_cfg.o)
 .data          0x00000000        0x0 .\CortexM0\ARM_GCC_493\Debug\BlueT.a(cyfitter_cfg.o)
 .bss           0x00000000        0x0 .\CortexM0\ARM_GCC_493\Debug\BlueT.a(cyfitter_cfg.o)
 .text          0x00000000        0x0 .\CortexM0\ARM_GCC_493\Debug\BlueT.a(UART.o)
 .data          0x00000000        0x0 .\CortexM0\ARM_GCC_493\Debug\BlueT.a(UART.o)
 .text.UART_ScbModeStop
                0x00000000        0x8 .\CortexM0\ARM_GCC_493\Debug\BlueT.a(UART.o)
 .text.UART_Stop
                0x00000000       0x20 .\CortexM0\ARM_GCC_493\Debug\BlueT.a(UART.o)
 .text.UART_SetRxFifoLevel
                0x00000000       0x14 .\CortexM0\ARM_GCC_493\Debug\BlueT.a(UART.o)
 .text.UART_SetTxFifoLevel
                0x00000000       0x14 .\CortexM0\ARM_GCC_493\Debug\BlueT.a(UART.o)
 .text.UART_I2CSlaveNackGeneration
                0x00000000       0x3c .\CortexM0\ARM_GCC_493\Debug\BlueT.a(UART.o)
 .text          0x00000000        0x0 .\CortexM0\ARM_GCC_493\Debug\BlueT.a(UART_SPI_UART.o)
 .data          0x00000000        0x0 .\CortexM0\ARM_GCC_493\Debug\BlueT.a(UART_SPI_UART.o)
 .bss           0x00000000        0x0 .\CortexM0\ARM_GCC_493\Debug\BlueT.a(UART_SPI_UART.o)
 .text.UART_SpiUartClearRxBuffer
                0x00000000       0x20 .\CortexM0\ARM_GCC_493\Debug\BlueT.a(UART_SPI_UART.o)
 .text.UART_SpiUartPutArray
                0x00000000       0x18 .\CortexM0\ARM_GCC_493\Debug\BlueT.a(UART_SPI_UART.o)
 .text.UART_SpiUartGetTxBufferSize
                0x00000000       0x10 .\CortexM0\ARM_GCC_493\Debug\BlueT.a(UART_SPI_UART.o)
 .text.UART_SpiUartClearTxBuffer
                0x00000000       0x20 .\CortexM0\ARM_GCC_493\Debug\BlueT.a(UART_SPI_UART.o)
 .text.UART_SpiUartDisableIntRx
                0x00000000       0x10 .\CortexM0\ARM_GCC_493\Debug\BlueT.a(UART_SPI_UART.o)
 .text.UART_SpiUartDisableIntTx
                0x00000000       0x10 .\CortexM0\ARM_GCC_493\Debug\BlueT.a(UART_SPI_UART.o)
 .text          0x00000000        0x0 .\CortexM0\ARM_GCC_493\Debug\BlueT.a(UART_UART.o)
 .data          0x00000000        0x0 .\CortexM0\ARM_GCC_493\Debug\BlueT.a(UART_UART.o)
 .bss           0x00000000        0x0 .\CortexM0\ARM_GCC_493\Debug\BlueT.a(UART_UART.o)
 .text.UART_UartStop
                0x00000000       0x14 .\CortexM0\ARM_GCC_493\Debug\BlueT.a(UART_UART.o)
 .text.UART_UartSetRxAddress
                0x00000000       0x14 .\CortexM0\ARM_GCC_493\Debug\BlueT.a(UART_UART.o)
 .text.UART_UartSetRxAddressMask
                0x00000000       0x18 .\CortexM0\ARM_GCC_493\Debug\BlueT.a(UART_UART.o)
 .text.UART_UartGetByte
                0x00000000       0x30 .\CortexM0\ARM_GCC_493\Debug\BlueT.a(UART_UART.o)
 .text.UART_UartPutCRLF
                0x00000000       0x14 .\CortexM0\ARM_GCC_493\Debug\BlueT.a(UART_UART.o)
 .text          0x00000000        0x0 .\CortexM0\ARM_GCC_493\Debug\BlueT.a(CyLib.o)
 .bss           0x00000000       0x18 .\CortexM0\ARM_GCC_493\Debug\BlueT.a(CyLib.o)
 .text.CySysClkImoStart
                0x00000000       0x14 .\CortexM0\ARM_GCC_493\Debug\BlueT.a(CyLib.o)
 .text.CySysClkImoStop
                0x00000000       0x10 .\CortexM0\ARM_GCC_493\Debug\BlueT.a(CyLib.o)
 .text.CySysClkWriteHfclkDirect
                0x00000000       0x24 .\CortexM0\ARM_GCC_493\Debug\BlueT.a(CyLib.o)
 .text.CySysClkWriteSysclkDiv
                0x00000000       0x28 .\CortexM0\ARM_GCC_493\Debug\BlueT.a(CyLib.o)
 .text.CySysLvdDisable
                0x00000000       0x20 .\CortexM0\ARM_GCC_493\Debug\BlueT.a(CyLib.o)
 .text.CySysLvdGetInterruptSource
                0x00000000       0x10 .\CortexM0\ARM_GCC_493\Debug\BlueT.a(CyLib.o)
 .text.CySysLvdClearInterrupt
                0x00000000        0xc .\CortexM0\ARM_GCC_493\Debug\BlueT.a(CyLib.o)
 .text.CySysGetResetReason
                0x00000000       0x14 .\CortexM0\ARM_GCC_493\Debug\BlueT.a(CyLib.o)
 .text.CyDisableInts
                0x00000000       0x10 .\CortexM0\ARM_GCC_493\Debug\BlueT.a(CyLib.o)
 .text.CyEnableInts
                0x00000000        0xc .\CortexM0\ARM_GCC_493\Debug\BlueT.a(CyLib.o)
 .text.CyIntGetState
                0x00000000       0x18 .\CortexM0\ARM_GCC_493\Debug\BlueT.a(CyLib.o)
 .text.CyIntDisable
                0x00000000       0x14 .\CortexM0\ARM_GCC_493\Debug\BlueT.a(CyLib.o)
 .text.CyIntSetPending
                0x00000000       0x14 .\CortexM0\ARM_GCC_493\Debug\BlueT.a(CyLib.o)
 .text.CyIntClearPending
                0x00000000       0x14 .\CortexM0\ARM_GCC_493\Debug\BlueT.a(CyLib.o)
 .text.CyIntSetSysVector
                0x00000000       0x20 .\CortexM0\ARM_GCC_493\Debug\BlueT.a(CyLib.o)
 .text.CyIntGetSysVector
                0x00000000       0x1c .\CortexM0\ARM_GCC_493\Debug\BlueT.a(CyLib.o)
 .text.CyIntGetVector
                0x00000000       0x20 .\CortexM0\ARM_GCC_493\Debug\BlueT.a(CyLib.o)
 .text.CyIntSetPriority
                0x00000000       0x4c .\CortexM0\ARM_GCC_493\Debug\BlueT.a(CyLib.o)
 .text.CyIntGetPriority
                0x00000000       0x2c .\CortexM0\ARM_GCC_493\Debug\BlueT.a(CyLib.o)
 .text.CySoftwareReset
                0x00000000       0x18 .\CortexM0\ARM_GCC_493\Debug\BlueT.a(CyLib.o)
 .text.CySysLvdEnable
                0x00000000       0x44 .\CortexM0\ARM_GCC_493\Debug\BlueT.a(CyLib.o)
 .text.CyDelayFreq
                0x00000000       0x4c .\CortexM0\ARM_GCC_493\Debug\BlueT.a(CyLib.o)
 .text.CySysTickStop
                0x00000000       0x10 .\CortexM0\ARM_GCC_493\Debug\BlueT.a(CyLib.o)
 .text.CySysTickEnableInterrupt
                0x00000000       0x10 .\CortexM0\ARM_GCC_493\Debug\BlueT.a(CyLib.o)
 .text.CySysTickEnable
                0x00000000       0x18 .\CortexM0\ARM_GCC_493\Debug\BlueT.a(CyLib.o)
 .text.CySysTickDisableInterrupt
                0x00000000       0x10 .\CortexM0\ARM_GCC_493\Debug\BlueT.a(CyLib.o)
 .text.CySysTickSetReload
                0x00000000       0x10 .\CortexM0\ARM_GCC_493\Debug\BlueT.a(CyLib.o)
 .text.CySysTickGetReload
                0x00000000       0x10 .\CortexM0\ARM_GCC_493\Debug\BlueT.a(CyLib.o)
 .text.CySysTickGetValue
                0x00000000       0x10 .\CortexM0\ARM_GCC_493\Debug\BlueT.a(CyLib.o)
 .text.CySysTickGetCountFlag
                0x00000000       0x10 .\CortexM0\ARM_GCC_493\Debug\BlueT.a(CyLib.o)
 .text.CySysTickServiceCallbacks
                0x00000000       0x28 .\CortexM0\ARM_GCC_493\Debug\BlueT.a(CyLib.o)
 .text.CySysTickClear
                0x00000000        0xc .\CortexM0\ARM_GCC_493\Debug\BlueT.a(CyLib.o)
 .text.CySysTickInit
                0x00000000       0x44 .\CortexM0\ARM_GCC_493\Debug\BlueT.a(CyLib.o)
 .text.CySysTickStart
                0x00000000       0x20 .\CortexM0\ARM_GCC_493\Debug\BlueT.a(CyLib.o)
 .text.CySysTickSetCallback
                0x00000000       0x10 .\CortexM0\ARM_GCC_493\Debug\BlueT.a(CyLib.o)
 .text.CySysTickGetCallback
                0x00000000        0xc .\CortexM0\ARM_GCC_493\Debug\BlueT.a(CyLib.o)
 .text.CyGetUniqueId
                0x00000000       0x70 .\CortexM0\ARM_GCC_493\Debug\BlueT.a(CyLib.o)
 .text          0x00000000        0x0 .\CortexM0\ARM_GCC_493\Debug\BlueT.a(CyLFClk.o)
 .text.CySysClkIloEnabled
                0x00000000       0x14 .\CortexM0\ARM_GCC_493\Debug\BlueT.a(CyLFClk.o)
 .text.CySysClkIloStart
                0x00000000       0x14 .\CortexM0\ARM_GCC_493\Debug\BlueT.a(CyLFClk.o)
 .text.CySysWdtGetEnabledStatus
                0x00000000       0x24 .\CortexM0\ARM_GCC_493\Debug\BlueT.a(CyLFClk.o)
 .text.CySysWdtSetMode
                0x00000000       0x38 .\CortexM0\ARM_GCC_493\Debug\BlueT.a(CyLFClk.o)
 .text.CySysClkLfclkPosedgeRestore
                0x00000000       0x2c .\CortexM0\ARM_GCC_493\Debug\BlueT.a(CyLFClk.o)
 .text.CySysWdtGetMode
                0x00000000       0x14 .\CortexM0\ARM_GCC_493\Debug\BlueT.a(CyLFClk.o)
 .text.CySysWdtSetClearOnMatch
                0x00000000       0x38 .\CortexM0\ARM_GCC_493\Debug\BlueT.a(CyLFClk.o)
 .text.CySysWdtGetClearOnMatch
                0x00000000       0x24 .\CortexM0\ARM_GCC_493\Debug\BlueT.a(CyLFClk.o)
 .text.CySysWdtEnable
                0x00000000       0x40 .\CortexM0\ARM_GCC_493\Debug\BlueT.a(CyLFClk.o)
 .text.CySysWdtDisable
                0x00000000       0x44 .\CortexM0\ARM_GCC_493\Debug\BlueT.a(CyLFClk.o)
 .text.CySysWdtSetCascade
                0x00000000       0x34 .\CortexM0\ARM_GCC_493\Debug\BlueT.a(CyLFClk.o)
 .text.CySysWdtGetCascade
                0x00000000       0x14 .\CortexM0\ARM_GCC_493\Debug\BlueT.a(CyLFClk.o)
 .text.CySysWdtSetMatch
                0x00000000       0x3c .\CortexM0\ARM_GCC_493\Debug\BlueT.a(CyLFClk.o)
 .text.CySysWdtSetToggleBit
                0x00000000       0x2c .\CortexM0\ARM_GCC_493\Debug\BlueT.a(CyLFClk.o)
 .text.CySysWdtGetToggleBit
                0x00000000       0x10 .\CortexM0\ARM_GCC_493\Debug\BlueT.a(CyLFClk.o)
 .text.CySysWdtGetMatch
                0x00000000       0x20 .\CortexM0\ARM_GCC_493\Debug\BlueT.a(CyLFClk.o)
 .text.CySysWdtGetCount
                0x00000000       0x3c .\CortexM0\ARM_GCC_493\Debug\BlueT.a(CyLFClk.o)
 .text.CySysClkLfclkPosedgeCatch
                0x00000000       0x74 .\CortexM0\ARM_GCC_493\Debug\BlueT.a(CyLFClk.o)
 .text.CySysClkIloStop
                0x00000000       0x38 .\CortexM0\ARM_GCC_493\Debug\BlueT.a(CyLFClk.o)
 .text.CySysWdtGetInterruptSource
                0x00000000       0x14 .\CortexM0\ARM_GCC_493\Debug\BlueT.a(CyLFClk.o)
 .text.CySysWdtResetCounters
                0x00000000       0x20 .\CortexM0\ARM_GCC_493\Debug\BlueT.a(CyLFClk.o)
 .text.CySysWdtSetInterruptCallback
                0x00000000       0x20 .\CortexM0\ARM_GCC_493\Debug\BlueT.a(CyLFClk.o)
 .text.CySysWdtGetInterruptCallback
                0x00000000       0x20 .\CortexM0\ARM_GCC_493\Debug\BlueT.a(CyLFClk.o)
 .text.CySysWdtEnableCounterIsr
                0x00000000       0x34 .\CortexM0\ARM_GCC_493\Debug\BlueT.a(CyLFClk.o)
 .text.CySysWdtDisableCounterIsr
                0x00000000       0x28 .\CortexM0\ARM_GCC_493\Debug\BlueT.a(CyLFClk.o)
 .text.CySysTimerDelayUntilMatch
                0x00000000       0x6c .\CortexM0\ARM_GCC_493\Debug\BlueT.a(CyLFClk.o)
 .text.CySysTimerDelay
                0x00000000       0x3c .\CortexM0\ARM_GCC_493\Debug\BlueT.a(CyLFClk.o)
 .text.CySysWatchdogFeed
                0x00000000       0x60 .\CortexM0\ARM_GCC_493\Debug\BlueT.a(CyLFClk.o)
 .rodata        0x00000000        0xc .\CortexM0\ARM_GCC_493\Debug\BlueT.a(CyLFClk.o)
 .text          0x00000000        0x0 .\CortexM0\ARM_GCC_493\Debug\BlueT.a(PWM_1.o)
 .data          0x00000000        0x0 .\CortexM0\ARM_GCC_493\Debug\BlueT.a(PWM_1.o)
 .text.PWM_1_Stop
                0x00000000       0x1c .\CortexM0\ARM_GCC_493\Debug\BlueT.a(PWM_1.o)
 .text.PWM_1_SetMode
                0x00000000       0x28 .\CortexM0\ARM_GCC_493\Debug\BlueT.a(PWM_1.o)
 .text.PWM_1_SetQDMode
                0x00000000       0x28 .\CortexM0\ARM_GCC_493\Debug\BlueT.a(PWM_1.o)
 .text.PWM_1_SetPrescaler
                0x00000000       0x28 .\CortexM0\ARM_GCC_493\Debug\BlueT.a(PWM_1.o)
 .text.PWM_1_SetOneShot
                0x00000000       0x2c .\CortexM0\ARM_GCC_493\Debug\BlueT.a(PWM_1.o)
 .text.PWM_1_SetPWMMode
                0x00000000       0x10 .\CortexM0\ARM_GCC_493\Debug\BlueT.a(PWM_1.o)
 .text.PWM_1_SetPWMSyncKill
                0x00000000       0x28 .\CortexM0\ARM_GCC_493\Debug\BlueT.a(PWM_1.o)
 .text.PWM_1_SetPWMStopOnKill
                0x00000000       0x28 .\CortexM0\ARM_GCC_493\Debug\BlueT.a(PWM_1.o)
 .text.PWM_1_SetPWMDeadTime
                0x00000000       0x2c .\CortexM0\ARM_GCC_493\Debug\BlueT.a(PWM_1.o)
 .text.PWM_1_SetPWMInvert
                0x00000000       0x28 .\CortexM0\ARM_GCC_493\Debug\BlueT.a(PWM_1.o)
 .text.PWM_1_ReadCounter
                0x00000000       0x10 .\CortexM0\ARM_GCC_493\Debug\BlueT.a(PWM_1.o)
 .text.PWM_1_SetCounterMode
                0x00000000       0x28 .\CortexM0\ARM_GCC_493\Debug\BlueT.a(PWM_1.o)
 .text.PWM_1_ReadPeriod
                0x00000000       0x10 .\CortexM0\ARM_GCC_493\Debug\BlueT.a(PWM_1.o)
 .text.PWM_1_SetCompareSwap
                0x00000000       0x24 .\CortexM0\ARM_GCC_493\Debug\BlueT.a(PWM_1.o)
 .text.PWM_1_WritePeriodBuf
                0x00000000       0x10 .\CortexM0\ARM_GCC_493\Debug\BlueT.a(PWM_1.o)
 .text.PWM_1_ReadPeriodBuf
                0x00000000       0x10 .\CortexM0\ARM_GCC_493\Debug\BlueT.a(PWM_1.o)
 .text.PWM_1_SetPeriodSwap
                0x00000000       0x28 .\CortexM0\ARM_GCC_493\Debug\BlueT.a(PWM_1.o)
 .text.PWM_1_ReadCompare
                0x00000000       0x10 .\CortexM0\ARM_GCC_493\Debug\BlueT.a(PWM_1.o)
 .text.PWM_1_WriteCompareBuf
                0x00000000       0x10 .\CortexM0\ARM_GCC_493\Debug\BlueT.a(PWM_1.o)
 .text.PWM_1_ReadCompareBuf
                0x00000000       0x10 .\CortexM0\ARM_GCC_493\Debug\BlueT.a(PWM_1.o)
 .text.PWM_1_ReadCapture
                0x00000000       0x10 .\CortexM0\ARM_GCC_493\Debug\BlueT.a(PWM_1.o)
 .text.PWM_1_ReadCaptureBuf
                0x00000000       0x10 .\CortexM0\ARM_GCC_493\Debug\BlueT.a(PWM_1.o)
 .text.PWM_1_SetCaptureMode
                0x00000000       0x24 .\CortexM0\ARM_GCC_493\Debug\BlueT.a(PWM_1.o)
 .text.PWM_1_SetReloadMode
                0x00000000       0x24 .\CortexM0\ARM_GCC_493\Debug\BlueT.a(PWM_1.o)
 .text.PWM_1_SetStartMode
                0x00000000       0x28 .\CortexM0\ARM_GCC_493\Debug\BlueT.a(PWM_1.o)
 .text.PWM_1_SetStopMode
                0x00000000       0x24 .\CortexM0\ARM_GCC_493\Debug\BlueT.a(PWM_1.o)
 .text.PWM_1_SetCountMode
                0x00000000       0x24 .\CortexM0\ARM_GCC_493\Debug\BlueT.a(PWM_1.o)
 .text.PWM_1_ReadStatus
                0x00000000       0x14 .\CortexM0\ARM_GCC_493\Debug\BlueT.a(PWM_1.o)
 .text.PWM_1_GetInterruptSourceMasked
                0x00000000        0xc .\CortexM0\ARM_GCC_493\Debug\BlueT.a(PWM_1.o)
 .text.PWM_1_GetInterruptSource
                0x00000000        0xc .\CortexM0\ARM_GCC_493\Debug\BlueT.a(PWM_1.o)
 .text.PWM_1_ClearInterrupt
                0x00000000        0xc .\CortexM0\ARM_GCC_493\Debug\BlueT.a(PWM_1.o)
 .text.PWM_1_SetInterrupt
                0x00000000        0xc .\CortexM0\ARM_GCC_493\Debug\BlueT.a(PWM_1.o)
 .text          0x00000000        0x0 .\CortexM0\ARM_GCC_493\Debug\BlueT.a(PWM_2.o)
 .data          0x00000000        0x0 .\CortexM0\ARM_GCC_493\Debug\BlueT.a(PWM_2.o)
 .text.PWM_2_Stop
                0x00000000       0x1c .\CortexM0\ARM_GCC_493\Debug\BlueT.a(PWM_2.o)
 .text.PWM_2_SetMode
                0x00000000       0x28 .\CortexM0\ARM_GCC_493\Debug\BlueT.a(PWM_2.o)
 .text.PWM_2_SetQDMode
                0x00000000       0x28 .\CortexM0\ARM_GCC_493\Debug\BlueT.a(PWM_2.o)
 .text.PWM_2_SetPrescaler
                0x00000000       0x28 .\CortexM0\ARM_GCC_493\Debug\BlueT.a(PWM_2.o)
 .text.PWM_2_SetOneShot
                0x00000000       0x2c .\CortexM0\ARM_GCC_493\Debug\BlueT.a(PWM_2.o)
 .text.PWM_2_SetPWMMode
                0x00000000       0x10 .\CortexM0\ARM_GCC_493\Debug\BlueT.a(PWM_2.o)
 .text.PWM_2_SetPWMSyncKill
                0x00000000       0x28 .\CortexM0\ARM_GCC_493\Debug\BlueT.a(PWM_2.o)
 .text.PWM_2_SetPWMStopOnKill
                0x00000000       0x28 .\CortexM0\ARM_GCC_493\Debug\BlueT.a(PWM_2.o)
 .text.PWM_2_SetPWMDeadTime
                0x00000000       0x2c .\CortexM0\ARM_GCC_493\Debug\BlueT.a(PWM_2.o)
 .text.PWM_2_SetPWMInvert
                0x00000000       0x28 .\CortexM0\ARM_GCC_493\Debug\BlueT.a(PWM_2.o)
 .text.PWM_2_ReadCounter
                0x00000000       0x10 .\CortexM0\ARM_GCC_493\Debug\BlueT.a(PWM_2.o)
 .text.PWM_2_SetCounterMode
                0x00000000       0x28 .\CortexM0\ARM_GCC_493\Debug\BlueT.a(PWM_2.o)
 .text.PWM_2_ReadPeriod
                0x00000000       0x10 .\CortexM0\ARM_GCC_493\Debug\BlueT.a(PWM_2.o)
 .text.PWM_2_SetCompareSwap
                0x00000000       0x24 .\CortexM0\ARM_GCC_493\Debug\BlueT.a(PWM_2.o)
 .text.PWM_2_WritePeriodBuf
                0x00000000       0x10 .\CortexM0\ARM_GCC_493\Debug\BlueT.a(PWM_2.o)
 .text.PWM_2_ReadPeriodBuf
                0x00000000       0x10 .\CortexM0\ARM_GCC_493\Debug\BlueT.a(PWM_2.o)
 .text.PWM_2_SetPeriodSwap
                0x00000000       0x28 .\CortexM0\ARM_GCC_493\Debug\BlueT.a(PWM_2.o)
 .text.PWM_2_ReadCompare
                0x00000000       0x10 .\CortexM0\ARM_GCC_493\Debug\BlueT.a(PWM_2.o)
 .text.PWM_2_WriteCompareBuf
                0x00000000       0x10 .\CortexM0\ARM_GCC_493\Debug\BlueT.a(PWM_2.o)
 .text.PWM_2_ReadCompareBuf
                0x00000000       0x10 .\CortexM0\ARM_GCC_493\Debug\BlueT.a(PWM_2.o)
 .text.PWM_2_ReadCapture
                0x00000000       0x10 .\CortexM0\ARM_GCC_493\Debug\BlueT.a(PWM_2.o)
 .text.PWM_2_ReadCaptureBuf
                0x00000000       0x10 .\CortexM0\ARM_GCC_493\Debug\BlueT.a(PWM_2.o)
 .text.PWM_2_SetCaptureMode
                0x00000000       0x24 .\CortexM0\ARM_GCC_493\Debug\BlueT.a(PWM_2.o)
 .text.PWM_2_SetReloadMode
                0x00000000       0x24 .\CortexM0\ARM_GCC_493\Debug\BlueT.a(PWM_2.o)
 .text.PWM_2_SetStartMode
                0x00000000       0x28 .\CortexM0\ARM_GCC_493\Debug\BlueT.a(PWM_2.o)
 .text.PWM_2_SetStopMode
                0x00000000       0x24 .\CortexM0\ARM_GCC_493\Debug\BlueT.a(PWM_2.o)
 .text.PWM_2_SetCountMode
                0x00000000       0x24 .\CortexM0\ARM_GCC_493\Debug\BlueT.a(PWM_2.o)
 .text.PWM_2_ReadStatus
                0x00000000       0x14 .\CortexM0\ARM_GCC_493\Debug\BlueT.a(PWM_2.o)
 .text.PWM_2_GetInterruptSourceMasked
                0x00000000        0xc .\CortexM0\ARM_GCC_493\Debug\BlueT.a(PWM_2.o)
 .text.PWM_2_GetInterruptSource
                0x00000000        0xc .\CortexM0\ARM_GCC_493\Debug\BlueT.a(PWM_2.o)
 .text.PWM_2_ClearInterrupt
                0x00000000        0xc .\CortexM0\ARM_GCC_493\Debug\BlueT.a(PWM_2.o)
 .text.PWM_2_SetInterrupt
                0x00000000        0xc .\CortexM0\ARM_GCC_493\Debug\BlueT.a(PWM_2.o)
 .data          0x00000000        0x0 .\CortexM0\ARM_GCC_493\Debug\BlueT.a(CyBootAsmGnu.o)
 .bss           0x00000000        0x0 .\CortexM0\ARM_GCC_493\Debug\BlueT.a(CyBootAsmGnu.o)
 .text          0x00000000      0x120 c:/software/cypress/psoc creator/3.3/psoc creator/import/gnu/arm/4.9.3/bin/../lib/gcc/arm-none-eabi/4.9.3/armv6-m\libgcc.a(_udivsi3.o)
 .data          0x00000000        0x0 c:/software/cypress/psoc creator/3.3/psoc creator/import/gnu/arm/4.9.3/bin/../lib/gcc/arm-none-eabi/4.9.3/armv6-m\libgcc.a(_udivsi3.o)
 .bss           0x00000000        0x0 c:/software/cypress/psoc creator/3.3/psoc creator/import/gnu/arm/4.9.3/bin/../lib/gcc/arm-none-eabi/4.9.3/armv6-m\libgcc.a(_udivsi3.o)
 .text          0x00000000        0x4 c:/software/cypress/psoc creator/3.3/psoc creator/import/gnu/arm/4.9.3/bin/../lib/gcc/arm-none-eabi/4.9.3/armv6-m\libgcc.a(_dvmd_tls.o)
 .data          0x00000000        0x0 c:/software/cypress/psoc creator/3.3/psoc creator/import/gnu/arm/4.9.3/bin/../lib/gcc/arm-none-eabi/4.9.3/armv6-m\libgcc.a(_dvmd_tls.o)
 .bss           0x00000000        0x0 c:/software/cypress/psoc creator/3.3/psoc creator/import/gnu/arm/4.9.3/bin/../lib/gcc/arm-none-eabi/4.9.3/armv6-m\libgcc.a(_dvmd_tls.o)
 .text          0x00000000        0x0 c:/software/cypress/psoc creator/3.3/psoc creator/import/gnu/arm/4.9.3/bin/../lib/gcc/arm-none-eabi/4.9.3/../../../../arm-none-eabi/lib/armv6-m\libg_nano.a(lib_a-errno.o)
 .data          0x00000000        0x0 c:/software/cypress/psoc creator/3.3/psoc creator/import/gnu/arm/4.9.3/bin/../lib/gcc/arm-none-eabi/4.9.3/../../../../arm-none-eabi/lib/armv6-m\libg_nano.a(lib_a-errno.o)
 .bss           0x00000000        0x0 c:/software/cypress/psoc creator/3.3/psoc creator/import/gnu/arm/4.9.3/bin/../lib/gcc/arm-none-eabi/4.9.3/../../../../arm-none-eabi/lib/armv6-m\libg_nano.a(lib_a-errno.o)
 .text.__errno  0x00000000        0xc c:/software/cypress/psoc creator/3.3/psoc creator/import/gnu/arm/4.9.3/bin/../lib/gcc/arm-none-eabi/4.9.3/../../../../arm-none-eabi/lib/armv6-m\libg_nano.a(lib_a-errno.o)
 .text          0x00000000        0x0 c:/software/cypress/psoc creator/3.3/psoc creator/import/gnu/arm/4.9.3/bin/../lib/gcc/arm-none-eabi/4.9.3/../../../../arm-none-eabi/lib/armv6-m\libg_nano.a(lib_a-exit.o)
 .data          0x00000000        0x0 c:/software/cypress/psoc creator/3.3/psoc creator/import/gnu/arm/4.9.3/bin/../lib/gcc/arm-none-eabi/4.9.3/../../../../arm-none-eabi/lib/armv6-m\libg_nano.a(lib_a-exit.o)
 .bss           0x00000000        0x0 c:/software/cypress/psoc creator/3.3/psoc creator/import/gnu/arm/4.9.3/bin/../lib/gcc/arm-none-eabi/4.9.3/../../../../arm-none-eabi/lib/armv6-m\libg_nano.a(lib_a-exit.o)
 .text.exit     0x00000000       0x2c c:/software/cypress/psoc creator/3.3/psoc creator/import/gnu/arm/4.9.3/bin/../lib/gcc/arm-none-eabi/4.9.3/../../../../arm-none-eabi/lib/armv6-m\libg_nano.a(lib_a-exit.o)
 .text          0x00000000        0x0 c:/software/cypress/psoc creator/3.3/psoc creator/import/gnu/arm/4.9.3/bin/../lib/gcc/arm-none-eabi/4.9.3/../../../../arm-none-eabi/lib/armv6-m\libg_nano.a(lib_a-impure.o)
 .data          0x00000000        0x0 c:/software/cypress/psoc creator/3.3/psoc creator/import/gnu/arm/4.9.3/bin/../lib/gcc/arm-none-eabi/4.9.3/../../../../arm-none-eabi/lib/armv6-m\libg_nano.a(lib_a-impure.o)
 .bss           0x00000000        0x0 c:/software/cypress/psoc creator/3.3/psoc creator/import/gnu/arm/4.9.3/bin/../lib/gcc/arm-none-eabi/4.9.3/../../../../arm-none-eabi/lib/armv6-m\libg_nano.a(lib_a-impure.o)
 .data.impure_data
                0x00000000       0x60 c:/software/cypress/psoc creator/3.3/psoc creator/import/gnu/arm/4.9.3/bin/../lib/gcc/arm-none-eabi/4.9.3/../../../../arm-none-eabi/lib/armv6-m\libg_nano.a(lib_a-impure.o)
 .data._impure_ptr
                0x00000000        0x4 c:/software/cypress/psoc creator/3.3/psoc creator/import/gnu/arm/4.9.3/bin/../lib/gcc/arm-none-eabi/4.9.3/../../../../arm-none-eabi/lib/armv6-m\libg_nano.a(lib_a-impure.o)
 .rodata.str1.1
                0x00000000        0x2 c:/software/cypress/psoc creator/3.3/psoc creator/import/gnu/arm/4.9.3/bin/../lib/gcc/arm-none-eabi/4.9.3/../../../../arm-none-eabi/lib/armv6-m\libg_nano.a(lib_a-impure.o)
 .rodata._global_impure_ptr
                0x00000000        0x4 c:/software/cypress/psoc creator/3.3/psoc creator/import/gnu/arm/4.9.3/bin/../lib/gcc/arm-none-eabi/4.9.3/../../../../arm-none-eabi/lib/armv6-m\libg_nano.a(lib_a-impure.o)
 .text          0x00000000        0x0 c:/software/cypress/psoc creator/3.3/psoc creator/import/gnu/arm/4.9.3/bin/../lib/gcc/arm-none-eabi/4.9.3/../../../../arm-none-eabi/lib/armv6-m\libg_nano.a(lib_a-init.o)
 .data          0x00000000        0x0 c:/software/cypress/psoc creator/3.3/psoc creator/import/gnu/arm/4.9.3/bin/../lib/gcc/arm-none-eabi/4.9.3/../../../../arm-none-eabi/lib/armv6-m\libg_nano.a(lib_a-init.o)
 .bss           0x00000000        0x0 c:/software/cypress/psoc creator/3.3/psoc creator/import/gnu/arm/4.9.3/bin/../lib/gcc/arm-none-eabi/4.9.3/../../../../arm-none-eabi/lib/armv6-m\libg_nano.a(lib_a-init.o)
 .text          0x00000000        0x0 c:/software/cypress/psoc creator/3.3/psoc creator/import/gnu/arm/4.9.3/bin/../lib/gcc/arm-none-eabi/4.9.3/../../../../arm-none-eabi/lib/armv6-m\libg_nano.a(lib_a-memset.o)
 .data          0x00000000        0x0 c:/software/cypress/psoc creator/3.3/psoc creator/import/gnu/arm/4.9.3/bin/../lib/gcc/arm-none-eabi/4.9.3/../../../../arm-none-eabi/lib/armv6-m\libg_nano.a(lib_a-memset.o)
 .bss           0x00000000        0x0 c:/software/cypress/psoc creator/3.3/psoc creator/import/gnu/arm/4.9.3/bin/../lib/gcc/arm-none-eabi/4.9.3/../../../../arm-none-eabi/lib/armv6-m\libg_nano.a(lib_a-memset.o)
 .text          0x00000000        0x0 c:/software/cypress/psoc creator/3.3/psoc creator/import/gnu/arm/4.9.3/bin/../lib/gcc/arm-none-eabi/4.9.3/armv6-m/crtend.o
 .data          0x00000000        0x0 c:/software/cypress/psoc creator/3.3/psoc creator/import/gnu/arm/4.9.3/bin/../lib/gcc/arm-none-eabi/4.9.3/armv6-m/crtend.o
 .bss           0x00000000        0x0 c:/software/cypress/psoc creator/3.3/psoc creator/import/gnu/arm/4.9.3/bin/../lib/gcc/arm-none-eabi/4.9.3/armv6-m/crtend.o
 .text          0x00000000        0x0 c:/software/cypress/psoc creator/3.3/psoc creator/import/gnu/arm/4.9.3/bin/../lib/gcc/arm-none-eabi/4.9.3/armv6-m/crtn.o
 .data          0x00000000        0x0 c:/software/cypress/psoc creator/3.3/psoc creator/import/gnu/arm/4.9.3/bin/../lib/gcc/arm-none-eabi/4.9.3/armv6-m/crtn.o
 .bss           0x00000000        0x0 c:/software/cypress/psoc creator/3.3/psoc creator/import/gnu/arm/4.9.3/bin/../lib/gcc/arm-none-eabi/4.9.3/armv6-m/crtn.o

Memory Configuration

Name             Origin             Length             Attributes
rom              0x00000000         0x00008000         xr
ram              0x20000000         0x00001000         xrw
*default*        0x00000000         0xffffffff

Linker script and memory map

LOAD c:/software/cypress/psoc creator/3.3/psoc creator/import/gnu/arm/4.9.3/bin/../lib/gcc/arm-none-eabi/4.9.3/armv6-m/crti.o
LOAD c:/software/cypress/psoc creator/3.3/psoc creator/import/gnu/arm/4.9.3/bin/../lib/gcc/arm-none-eabi/4.9.3/armv6-m/crtbegin.o
LOAD c:/software/cypress/psoc creator/3.3/psoc creator/import/gnu/arm/4.9.3/bin/../lib/gcc/arm-none-eabi/4.9.3/../../../../arm-none-eabi/lib/armv6-m/crt0.o
START GROUP
LOAD .\CortexM0\ARM_GCC_493\Debug\main.o
LOAD .\CortexM0\ARM_GCC_493\Debug\cymetadata.o
LOAD .\CortexM0\ARM_GCC_493\Debug\Cm0Start.o
LOAD .\CortexM0\ARM_GCC_493\Debug\BlueT.a
LOAD C:\software\Cypress\PSoC Creator\3.3\PSoC Creator\psoc\content\cycomponentlibrary\CyComponentLibrary.cylib\CortexM0\ARM_GCC_493\Debug\CyComponentLibrary.a
END GROUP
START GROUP
LOAD c:/software/cypress/psoc creator/3.3/psoc creator/import/gnu/arm/4.9.3/bin/../lib/gcc/arm-none-eabi/4.9.3/armv6-m\libgcc.a
LOAD c:/software/cypress/psoc creator/3.3/psoc creator/import/gnu/arm/4.9.3/bin/../lib/gcc/arm-none-eabi/4.9.3/../../../../arm-none-eabi/lib/armv6-m\libg_nano.a
LOAD c:/software/cypress/psoc creator/3.3/psoc creator/import/gnu/arm/4.9.3/bin/../lib/gcc/arm-none-eabi/4.9.3/../../../../arm-none-eabi/lib/armv6-m\libc_nano.a
END GROUP
START GROUP
LOAD c:/software/cypress/psoc creator/3.3/psoc creator/import/gnu/arm/4.9.3/bin/../lib/gcc/arm-none-eabi/4.9.3/armv6-m\libgcc.a
LOAD c:/software/cypress/psoc creator/3.3/psoc creator/import/gnu/arm/4.9.3/bin/../lib/gcc/arm-none-eabi/4.9.3/../../../../arm-none-eabi/lib/armv6-m\libc_nano.a
END GROUP
LOAD c:/software/cypress/psoc creator/3.3/psoc creator/import/gnu/arm/4.9.3/bin/../lib/gcc/arm-none-eabi/4.9.3/armv6-m/crtend.o
LOAD c:/software/cypress/psoc creator/3.3/psoc creator/import/gnu/arm/4.9.3/bin/../lib/gcc/arm-none-eabi/4.9.3/armv6-m/crtn.o
START GROUP
LOAD c:/software/cypress/psoc creator/3.3/psoc creator/import/gnu/arm/4.9.3/bin/../lib/gcc/arm-none-eabi/4.9.3/armv6-m\libgcc.a
LOAD c:/software/cypress/psoc creator/3.3/psoc creator/import/gnu/arm/4.9.3/bin/../lib/gcc/arm-none-eabi/4.9.3/../../../../arm-none-eabi/lib/armv6-m\libc.a
LOAD c:/software/cypress/psoc creator/3.3/psoc creator/import/gnu/arm/4.9.3/bin/../lib/gcc/arm-none-eabi/4.9.3/../../../../arm-none-eabi/lib/armv6-m\libnosys.a
END GROUP
                0x00000000                CY_APPL_ORIGIN = 0x0
                0x00000080                CY_FLASH_ROW_SIZE = 0x80
                0x00000001                CY_APPL_NUM = 0x1
                0x00000001                CY_APPL_MAX = 0x1
                0x00000040                CY_METADATA_SIZE = 0x40
                0x00000000                CY_APPL_LOADABLE = 0x0
                0x00000000                CY_CHECKSUM_EXCLUDE_SIZE = ALIGN (0x0, CY_FLASH_ROW_SIZE)
                0x00000000                CY_APP_FOR_STACK_AND_COPIER = 0x0
                0x20000120                PROVIDE (__cy_heap_start, _end)
                0x00000001                PROVIDE (__cy_region_num, ((__cy_regions_end - __cy_regions) / 0x10))
                0x20001000                PROVIDE (__cy_stack, (ORIGIN (ram) + 0x1000))
                0x20000c00                PROVIDE (__cy_heap_end, (__cy_stack - 0x400))

.cybootloader   0x00000000        0x0
 *(.cybootloader)
                0x00000000                appl1_start = CY_APPL_ORIGIN?CY_APPL_ORIGIN:ALIGN (CY_FLASH_ROW_SIZE)
                0x00003f80                appl2_start = (appl1_start + ALIGN ((((0x8000 - appl1_start) - (0x2 * CY_FLASH_ROW_SIZE)) / 0x2), CY_FLASH_ROW_SIZE))
                0x00000000                appl_start = (CY_APPL_NUM == 0x1)?appl1_start:appl2_start
                0x00000001                cy_project_type_bootloader = (appl_start == 0x0)?0x1:0x0
                0x00000000                cy_project_type_app_for_stack_and_copier = (CY_APP_FOR_STACK_AND_COPIER == 0x1)?0x1:0x0

.text           0x00000000      0xb5c
 CREATE_OBJECT_SYMBOLS
                0x00000000                PROVIDE (__cy_interrupt_vector, RomVectors)
 *(.romvectors)
 .romvectors    0x00000000       0x10 .\CortexM0\ARM_GCC_493\Debug\Cm0Start.o
                0x00000000                RomVectors
                0x00000001                ASSERT ((. != __cy_interrupt_vector), No interrupt vector)
                0x00000001                ASSERT (CY_APPL_ORIGIN?(SIZEOF (.cybootloader) <= CY_APPL_ORIGIN):0x1, Wrong image location)
                0x00000010                PROVIDE (__cy_reset, Reset)
 *(.text.Reset)
 .text.Reset    0x00000010        0x8 .\CortexM0\ARM_GCC_493\Debug\Cm0Start.o
                0x00000010                Reset
                0x00000001                ASSERT ((. != __cy_reset), No reset code)
 *(.psocinit)
 .psocinit      0x00000018      0x184 .\CortexM0\ARM_GCC_493\Debug\BlueT.a(cyfitter_cfg.o)
                0x000000ac                cyfitter_cfg
                0x0000019c                . = MAX (., 0x100)
 *(.text .text.* .gnu.linkonce.t.*)
 .text          0x0000019c       0x60 c:/software/cypress/psoc creator/3.3/psoc creator/import/gnu/arm/4.9.3/bin/../lib/gcc/arm-none-eabi/4.9.3/armv6-m/crtbegin.o
 .text.InitializeComponents
                0x000001fc       0x14 .\CortexM0\ARM_GCC_493\Debug\main.o
                0x000001fc                InitializeComponents
 .text.ServoPWM
                0x00000210       0x10 .\CortexM0\ARM_GCC_493\Debug\main.o
                0x00000210                ServoPWM
 .text.main     0x00000220      0x16c .\CortexM0\ARM_GCC_493\Debug\main.o
                0x00000220                main
 .text.IntDefaultHandler
                0x0000038c        0x4 .\CortexM0\ARM_GCC_493\Debug\Cm0Start.o
                0x0000038c                IntDefaultHandler
 .text.Start_c  0x00000390       0x48 .\CortexM0\ARM_GCC_493\Debug\Cm0Start.o
                0x00000390                Start_c
 .text.initialize_psoc
                0x000003d8       0x48 .\CortexM0\ARM_GCC_493\Debug\Cm0Start.o
                0x000003d8                initialize_psoc
 .text.cfg_write_bytes32
                0x00000420       0x34 .\CortexM0\ARM_GCC_493\Debug\BlueT.a(cyfitter_cfg.o)
 .text.CYMEMZERO
                0x00000454        0xc .\CortexM0\ARM_GCC_493\Debug\BlueT.a(cyfitter_cfg.o)
 .text.UART_ScbModePostEnable
                0x00000460        0x8 .\CortexM0\ARM_GCC_493\Debug\BlueT.a(UART.o)
 .text.UART_Init
                0x00000468        0x8 .\CortexM0\ARM_GCC_493\Debug\BlueT.a(UART.o)
                0x00000468                UART_Init
 .text.UART_Enable
                0x00000470       0x18 .\CortexM0\ARM_GCC_493\Debug\BlueT.a(UART.o)
                0x00000470                UART_Enable
 .text.UART_Start
                0x00000488       0x20 .\CortexM0\ARM_GCC_493\Debug\BlueT.a(UART.o)
                0x00000488                UART_Start
 .text.UART_SpiUartReadRxData
                0x000004a8        0xc .\CortexM0\ARM_GCC_493\Debug\BlueT.a(UART_SPI_UART.o)
                0x000004a8                UART_SpiUartReadRxData
 .text.UART_SpiUartGetRxBufferSize
                0x000004b4       0x10 .\CortexM0\ARM_GCC_493\Debug\BlueT.a(UART_SPI_UART.o)
                0x000004b4                UART_SpiUartGetRxBufferSize
 .text.UART_SpiUartWriteTxData
                0x000004c4       0x1c .\CortexM0\ARM_GCC_493\Debug\BlueT.a(UART_SPI_UART.o)
                0x000004c4                UART_SpiUartWriteTxData
 .text.UART_UartInit
                0x000004e0       0x90 .\CortexM0\ARM_GCC_493\Debug\BlueT.a(UART_UART.o)
                0x000004e0                UART_UartInit
 .text.UART_UartPostEnable
                0x00000570       0x1c .\CortexM0\ARM_GCC_493\Debug\BlueT.a(UART_UART.o)
                0x00000570                UART_UartPostEnable
 .text.UART_UartGetChar
                0x0000058c       0x2c .\CortexM0\ARM_GCC_493\Debug\BlueT.a(UART_UART.o)
                0x0000058c                UART_UartGetChar
 .text.UART_UartPutString
                0x000005b8       0x18 .\CortexM0\ARM_GCC_493\Debug\BlueT.a(UART_UART.o)
                0x000005b8                UART_UartPutString
 .text.CyIntEnable
                0x000005d0       0x14 .\CortexM0\ARM_GCC_493\Debug\BlueT.a(CyLib.o)
                0x000005d0                CyIntEnable
 .text.CyHalt   0x000005e4        0x4 .\CortexM0\ARM_GCC_493\Debug\BlueT.a(CyLib.o)
                0x000005e4                CyHalt
 .text.CyIntSetVector
                0x000005e8       0x24 .\CortexM0\ARM_GCC_493\Debug\BlueT.a(CyLib.o)
                0x000005e8                CyIntSetVector
 .text.CyDelay  0x0000060c       0x30 .\CortexM0\ARM_GCC_493\Debug\BlueT.a(CyLib.o)
                0x0000060c                CyDelay
 .text.CyDelayUs
                0x0000063c       0x14 .\CortexM0\ARM_GCC_493\Debug\BlueT.a(CyLib.o)
                0x0000063c                CyDelayUs
 .text.CySysClkWriteImoFreq
                0x00000650      0x164 .\CortexM0\ARM_GCC_493\Debug\BlueT.a(CyLib.o)
                0x00000650                CySysClkWriteImoFreq
 .text.CySysWdtLocked
                0x000007b4       0x14 .\CortexM0\ARM_GCC_493\Debug\BlueT.a(CyLFClk.o)
 .text.CySysWdtLock
                0x000007c8       0x1c .\CortexM0\ARM_GCC_493\Debug\BlueT.a(CyLFClk.o)
                0x000007c8                CySysWdtLock
 .text.CySysWdtUnlock
                0x000007e4       0x30 .\CortexM0\ARM_GCC_493\Debug\BlueT.a(CyLFClk.o)
                0x000007e4                CySysWdtUnlock
 .text.CySysWdtClearInterrupt
                0x00000814       0x4c .\CortexM0\ARM_GCC_493\Debug\BlueT.a(CyLFClk.o)
                0x00000814                CySysWdtClearInterrupt
 .text.CySysWdtIsr
                0x00000860       0xa4 .\CortexM0\ARM_GCC_493\Debug\BlueT.a(CyLFClk.o)
                0x00000860                CySysWdtIsr
 .text.PWM_1_WriteCounter
                0x00000904       0x10 .\CortexM0\ARM_GCC_493\Debug\BlueT.a(PWM_1.o)
                0x00000904                PWM_1_WriteCounter
 .text.PWM_1_WritePeriod
                0x00000914       0x10 .\CortexM0\ARM_GCC_493\Debug\BlueT.a(PWM_1.o)
                0x00000914                PWM_1_WritePeriod
 .text.PWM_1_WriteCompare
                0x00000924       0x10 .\CortexM0\ARM_GCC_493\Debug\BlueT.a(PWM_1.o)
                0x00000924                PWM_1_WriteCompare
 .text.PWM_1_TriggerCommand
                0x00000934       0x1c .\CortexM0\ARM_GCC_493\Debug\BlueT.a(PWM_1.o)
                0x00000934                PWM_1_TriggerCommand
 .text.PWM_1_Enable
                0x00000950       0x24 .\CortexM0\ARM_GCC_493\Debug\BlueT.a(PWM_1.o)
                0x00000950                PWM_1_Enable
 .text.PWM_1_SetInterruptMode
                0x00000974        0xc .\CortexM0\ARM_GCC_493\Debug\BlueT.a(PWM_1.o)
                0x00000974                PWM_1_SetInterruptMode
 .text.PWM_1_Init
                0x00000980       0x4c .\CortexM0\ARM_GCC_493\Debug\BlueT.a(PWM_1.o)
                0x00000980                PWM_1_Init
 .text.PWM_1_Start
                0x000009cc       0x20 .\CortexM0\ARM_GCC_493\Debug\BlueT.a(PWM_1.o)
                0x000009cc                PWM_1_Start
 .text.PWM_2_WriteCounter
                0x000009ec       0x10 .\CortexM0\ARM_GCC_493\Debug\BlueT.a(PWM_2.o)
                0x000009ec                PWM_2_WriteCounter
 .text.PWM_2_WritePeriod
                0x000009fc       0x10 .\CortexM0\ARM_GCC_493\Debug\BlueT.a(PWM_2.o)
                0x000009fc                PWM_2_WritePeriod
 .text.PWM_2_WriteCompare
                0x00000a0c       0x10 .\CortexM0\ARM_GCC_493\Debug\BlueT.a(PWM_2.o)
                0x00000a0c                PWM_2_WriteCompare
 .text.PWM_2_TriggerCommand
                0x00000a1c       0x1c .\CortexM0\ARM_GCC_493\Debug\BlueT.a(PWM_2.o)
                0x00000a1c                PWM_2_TriggerCommand
 .text.PWM_2_Enable
                0x00000a38       0x24 .\CortexM0\ARM_GCC_493\Debug\BlueT.a(PWM_2.o)
                0x00000a38                PWM_2_Enable
 .text.PWM_2_SetInterruptMode
                0x00000a5c        0xc .\CortexM0\ARM_GCC_493\Debug\BlueT.a(PWM_2.o)
                0x00000a5c                PWM_2_SetInterruptMode
 .text.PWM_2_Init
                0x00000a68       0x4c .\CortexM0\ARM_GCC_493\Debug\BlueT.a(PWM_2.o)
                0x00000a68                PWM_2_Init
 .text.PWM_2_Start
                0x00000ab4       0x20 .\CortexM0\ARM_GCC_493\Debug\BlueT.a(PWM_2.o)
                0x00000ab4                PWM_2_Start
 *fill*         0x00000ad4        0x4 
 .text          0x00000ad8       0x28 .\CortexM0\ARM_GCC_493\Debug\BlueT.a(CyBootAsmGnu.o)
                0x00000ad8                CyDelayCycles
                0x00000aec                CyEnterCriticalSection
                0x00000af4                CyExitCriticalSection
 .text.__libc_init_array
                0x00000b00       0x4c c:/software/cypress/psoc creator/3.3/psoc creator/import/gnu/arm/4.9.3/bin/../lib/gcc/arm-none-eabi/4.9.3/../../../../arm-none-eabi/lib/armv6-m\libg_nano.a(lib_a-init.o)
                0x00000b00                __libc_init_array
 .text.memset   0x00000b4c       0x10 c:/software/cypress/psoc creator/3.3/psoc creator/import/gnu/arm/4.9.3/bin/../lib/gcc/arm-none-eabi/4.9.3/../../../../arm-none-eabi/lib/armv6-m\libg_nano.a(lib_a-memset.o)
                0x00000b4c                memset
 *(.plt)
 *(.gnu.warning)
 *(.glue_7t)
 .glue_7t       0x00000000        0x0 linker stubs
 *(.glue_7)
 .glue_7        0x00000000        0x0 linker stubs
 *(.vfp11_veneer)
 .vfp11_veneer  0x00000000        0x0 linker stubs
 *(.bootloader)
 *(.ARM.extab* .gnu.linkonce.armextab.*)
 *(.gcc_except_table)

.v4_bx          0x00000b5c        0x0
 .v4_bx         0x00000000        0x0 linker stubs

.iplt           0x00000b5c        0x0
 .iplt          0x00000000        0x0 c:/software/cypress/psoc creator/3.3/psoc creator/import/gnu/arm/4.9.3/bin/../lib/gcc/arm-none-eabi/4.9.3/armv6-m/crtbegin.o

.eh_frame_hdr
 *(.eh_frame_hdr)

.eh_frame       0x00000b5c        0x4
 *(.eh_frame)
 .eh_frame      0x00000b5c        0x0 c:/software/cypress/psoc creator/3.3/psoc creator/import/gnu/arm/4.9.3/bin/../lib/gcc/arm-none-eabi/4.9.3/armv6-m/crtbegin.o
 .eh_frame      0x00000b5c        0x4 c:/software/cypress/psoc creator/3.3/psoc creator/import/gnu/arm/4.9.3/bin/../lib/gcc/arm-none-eabi/4.9.3/armv6-m/crtend.o
                0x00000b60                PROVIDE (__exidx_start, .)

.ARM.exidx
 *(.ARM.exidx* .gnu.linkonce.armexidx.*)
                0x00000b60                __exidx_end = .

.rodata         0x00000b60       0xd8
 *(.rodata .rodata.* .gnu.linkonce.r.*)
 .rodata.str1.4
                0x00000b60       0x40 .\CortexM0\ARM_GCC_493\Debug\main.o
 .rodata        0x00000ba0       0x34 .\CortexM0\ARM_GCC_493\Debug\BlueT.a(cyfitter_cfg.o)
 .rodata        0x00000bd4       0x30 .\CortexM0\ARM_GCC_493\Debug\BlueT.a(CyLib.o)
                0x00000bd4                cyImoFreqMhz2Reg
                0x00000c04                . = ALIGN (0x4)
 *(.init)
 .init          0x00000c04        0x4 c:/software/cypress/psoc creator/3.3/psoc creator/import/gnu/arm/4.9.3/bin/../lib/gcc/arm-none-eabi/4.9.3/armv6-m/crti.o
                0x00000c04                _init
 .init          0x00000c08        0x8 c:/software/cypress/psoc creator/3.3/psoc creator/import/gnu/arm/4.9.3/bin/../lib/gcc/arm-none-eabi/4.9.3/armv6-m/crtn.o
                0x00000c10                . = ALIGN (0x4)
                0x00000c10                __preinit_array_start = .
 *(.preinit_array)
                0x00000c10                __preinit_array_end = .
                0x00000c10                . = ALIGN (0x4)
                0x00000c10                __init_array_start = .
 *(SORT(.init_array.*))
 *(.init_array)
 .init_array    0x00000c10        0x4 c:/software/cypress/psoc creator/3.3/psoc creator/import/gnu/arm/4.9.3/bin/../lib/gcc/arm-none-eabi/4.9.3/armv6-m/crtbegin.o
 .init_array    0x00000c14        0x4 .\CortexM0\ARM_GCC_493\Debug\Cm0Start.o
                0x00000c18                __init_array_end = .
                0x00000c18                . = ALIGN (0x4)
 *(.fini)
 .fini          0x00000c18        0x4 c:/software/cypress/psoc creator/3.3/psoc creator/import/gnu/arm/4.9.3/bin/../lib/gcc/arm-none-eabi/4.9.3/armv6-m/crti.o
                0x00000c18                _fini
 .fini          0x00000c1c        0x8 c:/software/cypress/psoc creator/3.3/psoc creator/import/gnu/arm/4.9.3/bin/../lib/gcc/arm-none-eabi/4.9.3/armv6-m/crtn.o
                0x00000c24                . = ALIGN (0x4)
                0x00000c24                __fini_array_start = .
 *(.fini_array)
 .fini_array    0x00000c24        0x4 c:/software/cypress/psoc creator/3.3/psoc creator/import/gnu/arm/4.9.3/bin/../lib/gcc/arm-none-eabi/4.9.3/armv6-m/crtbegin.o
 *(SORT(.fini_array.*))
                0x00000c28                __fini_array_end = .
                0x00000c28                . = ALIGN (0x4)
 *crtbegin.o(.ctors)
 *(EXCLUDE_FILE(*crtend.o) .ctors)
 *(SORT(.ctors.*))
 *crtend.o(.ctors)
                0x00000c28                . = ALIGN (0x4)
 *crtbegin.o(.dtors)
 *(EXCLUDE_FILE(*crtend.o) .dtors)
 *(SORT(.dtors.*))
 *crtend.o(.dtors)
                0x00000c28                . = ALIGN (0x4)
                0x00000c28                __cy_regions = .
                0x00000c28        0x4 LONG 0xc38 __cy_region_init_ram
                0x00000c2c        0x4 LONG 0x200000c8 __cy_region_start_data
                0x00000c30        0x4 LONG 0x18 __cy_region_init_size_ram
                0x00000c34        0x4 LONG 0x40 __cy_region_zero_size_ram
                0x00000c38                __cy_regions_end = .
                0x00000c38                . = ALIGN (0x8)
                0x00000c38                _etext = .

.cy_checksum_exclude
                0x00000c38        0x0
 *(.cy_checksum_exclude)

.ramvectors     0x20000000       0xc0
                0x20000000                __cy_region_start_ram = .
 *(.ramvectors)
 .ramvectors    0x20000000       0xc0 .\CortexM0\ARM_GCC_493\Debug\Cm0Start.o
                0x20000000                CyRamVectors

.noinit         0x200000c0        0x4
 *(.noinit)
 .noinit        0x200000c0        0x4 .\CortexM0\ARM_GCC_493\Debug\Cm0Start.o

.data           0x200000c8       0x18 load address 0x00000c38
                0x200000c8                __cy_region_start_data = .
 *(.jcr)
 .jcr           0x200000c8        0x0 c:/software/cypress/psoc creator/3.3/psoc creator/import/gnu/arm/4.9.3/bin/../lib/gcc/arm-none-eabi/4.9.3/armv6-m/crtbegin.o
 .jcr           0x200000c8        0x4 c:/software/cypress/psoc creator/3.3/psoc creator/import/gnu/arm/4.9.3/bin/../lib/gcc/arm-none-eabi/4.9.3/armv6-m/crtend.o
 *(.got.plt)
 *(.got)
 *(.shdata)
 *(.data .data.* .gnu.linkonce.d.*)
 .data          0x200000cc       0x10 .\CortexM0\ARM_GCC_493\Debug\BlueT.a(CyLib.o)
                0x200000cc                cydelay32kMs
                0x200000d0                cydelayFreqKhz
                0x200000d4                cydelayFreqMhz
                0x200000d8                cydelayFreqHz
 .data          0x200000dc        0x4 .\CortexM0\ARM_GCC_493\Debug\BlueT.a(CyLFClk.o)
                0x200000e0                . = ALIGN (0x8)
 *(.ram)
                0x200000e0                _edata = .

.igot.plt       0x200000e0        0x0 load address 0x00000c50
 .igot.plt      0x00000000        0x0 c:/software/cypress/psoc creator/3.3/psoc creator/import/gnu/arm/4.9.3/bin/../lib/gcc/arm-none-eabi/4.9.3/armv6-m/crtbegin.o

.bss            0x200000e0       0x40 load address 0x00000c50
                0x200000e0                PROVIDE (__bss_start__, .)
 *(.shbss)
 *(.bss .bss.* .gnu.linkonce.b.*)
 .bss           0x200000e0       0x1c c:/software/cypress/psoc creator/3.3/psoc creator/import/gnu/arm/4.9.3/bin/../lib/gcc/arm-none-eabi/4.9.3/armv6-m/crtbegin.o
 .bss           0x200000fc        0x1 .\CortexM0\ARM_GCC_493\Debug\BlueT.a(UART.o)
                0x200000fc                UART_initVar
 *fill*         0x200000fd        0x3 
 .bss           0x20000100       0x1c .\CortexM0\ARM_GCC_493\Debug\BlueT.a(CyLFClk.o)
 .bss           0x2000011c        0x1 .\CortexM0\ARM_GCC_493\Debug\BlueT.a(PWM_1.o)
                0x2000011c                PWM_1_initVar
 .bss           0x2000011d        0x1 .\CortexM0\ARM_GCC_493\Debug\BlueT.a(PWM_2.o)
                0x2000011d                PWM_2_initVar
 *(COMMON)
                0x20000120                . = ALIGN (0x8)
 *fill*         0x2000011e        0x2 
 *(.ram.b)
                0x20000120                _end = .
                0x20000120                __end = .
                0x20000120                PROVIDE (end, .)
                0x20000120                PROVIDE (__bss_end__, .)
                0x00000c38                __cy_region_init_ram = LOADADDR (.data)
                0x00000018                __cy_region_init_size_ram = (_edata - ADDR (.data))
                0x00000040                __cy_region_zero_size_ram = (_end - _edata)

.heap           0x20000120       0x80 load address 0x00000c50
                0x20000120                . = _end
                0x200001a0                . = (. + 0x80)
 *fill*         0x20000120       0x80 
                0x200001a0                __cy_heap_limit = .

.stack          0x20000c00      0x400
                0x20000c00                __cy_stack_limit = .
                0x20001000                . = (. + 0x400)
 *fill*         0x20000c00      0x400 
                0x00000001                ASSERT ((__cy_stack_limit >= __cy_heap_limit), region RAM overflowed with stack)
                0x00000000                cy_checksum_exclude_size = (CY_APPL_LOADABLE == 0x1)?SIZEOF (.cy_checksum_exclude):0x0
                0x00000001                ASSERT ((cy_checksum_exclude_size <= CY_CHECKSUM_EXCLUDE_SIZE), CY_BOOT: Section .cy_checksum_exclude size exceedes specified limit.)
                0x00007fc0                cyloadermeta_start = (cy_project_type_bootloader || cy_project_type_app_for_stack_and_copier)?(0x8000 - CY_METADATA_SIZE):0xf0000000

.cyloadermeta
 *(.cyloadermeta)
                0x00007fc0                cyloadablemeta_start = cy_project_type_app_for_stack_and_copier?((0x8000 - CY_FLASH_ROW_SIZE) - CY_METADATA_SIZE):((0x8000 - (CY_FLASH_ROW_SIZE * (CY_APPL_NUM - 0x1))) - CY_METADATA_SIZE)

.cyloadablemeta
 *(.cyloadablemeta)

.cyflashprotect
                0x90400000       0x20
 *(.cyflashprotect)
 .cyflashprotect
                0x90400000       0x20 .\CortexM0\ARM_GCC_493\Debug\cymetadata.o
                0x90400000                cy_meta_flashprotect

.cymeta         0x90500000        0xc
 *(.cymeta)
 .cymeta        0x90500000        0xc .\CortexM0\ARM_GCC_493\Debug\cymetadata.o
                0x90500000                cy_metadata

.cychipprotect  0x90600000        0x4
 *(.cychipprotect)
 .cychipprotect
                0x90600000        0x4 .\CortexM0\ARM_GCC_493\Debug\cymetadata.o
                0x90600000                cy_meta_chipprotect

.rel.dyn        0x00000c50        0x0 load address 0x90600004
 .rel.iplt      0x00000000        0x0 c:/software/cypress/psoc creator/3.3/psoc creator/import/gnu/arm/4.9.3/bin/../lib/gcc/arm-none-eabi/4.9.3/armv6-m/crtbegin.o

.stab
 *(.stab)

.stabstr
 *(.stabstr)

.debug
 *(.debug)

.line
 *(.line)

.debug_srcinfo
 *(.debug_srcinfo)

.debug_sfnames
 *(.debug_sfnames)

.debug_aranges  0x00000000      0x748
 *(.debug_aranges)
 .debug_aranges
                0x00000000       0x30 .\CortexM0\ARM_GCC_493\Debug\main.o
 .debug_aranges
                0x00000030       0x18 .\CortexM0\ARM_GCC_493\Debug\cymetadata.o
 .debug_aranges
                0x00000048       0x48 .\CortexM0\ARM_GCC_493\Debug\Cm0Start.o
 .debug_aranges
                0x00000090       0x38 .\CortexM0\ARM_GCC_493\Debug\BlueT.a(cyfitter_cfg.o)
 .debug_aranges
                0x000000c8       0x60 .\CortexM0\ARM_GCC_493\Debug\BlueT.a(UART.o)
 .debug_aranges
                0x00000128       0x60 .\CortexM0\ARM_GCC_493\Debug\BlueT.a(UART_SPI_UART.o)
 .debug_aranges
                0x00000188       0x60 .\CortexM0\ARM_GCC_493\Debug\BlueT.a(UART_UART.o)
 .debug_aranges
                0x000001e8      0x170 .\CortexM0\ARM_GCC_493\Debug\BlueT.a(CyLib.o)
 .debug_aranges
                0x00000358      0x120 .\CortexM0\ARM_GCC_493\Debug\BlueT.a(CyLFClk.o)
 .debug_aranges
                0x00000478      0x158 .\CortexM0\ARM_GCC_493\Debug\BlueT.a(PWM_1.o)
 .debug_aranges
                0x000005d0      0x158 .\CortexM0\ARM_GCC_493\Debug\BlueT.a(PWM_2.o)
 .debug_aranges
                0x00000728       0x20 .\CortexM0\ARM_GCC_493\Debug\BlueT.a(CyBootAsmGnu.o)

.debug_pubnames
 *(.debug_pubnames)

.debug_info     0x00000000     0x3ce7
 *(.debug_info .gnu.linkonce.wi.*)
 .debug_info    0x00000000      0x4c4 .\CortexM0\ARM_GCC_493\Debug\main.o
 .debug_info    0x000004c4       0xfd .\CortexM0\ARM_GCC_493\Debug\cymetadata.o
 .debug_info    0x000005c1      0x38a .\CortexM0\ARM_GCC_493\Debug\Cm0Start.o
 .debug_info    0x0000094b      0x3ba .\CortexM0\ARM_GCC_493\Debug\BlueT.a(cyfitter_cfg.o)
 .debug_info    0x00000d05      0x21a .\CortexM0\ARM_GCC_493\Debug\BlueT.a(UART.o)
 .debug_info    0x00000f1f      0x215 .\CortexM0\ARM_GCC_493\Debug\BlueT.a(UART_SPI_UART.o)
 .debug_info    0x00001134      0x2ab .\CortexM0\ARM_GCC_493\Debug\BlueT.a(UART_UART.o)
 .debug_info    0x000013df      0xa61 .\CortexM0\ARM_GCC_493\Debug\BlueT.a(CyLib.o)
 .debug_info    0x00001e40      0xc20 .\CortexM0\ARM_GCC_493\Debug\BlueT.a(CyLFClk.o)
 .debug_info    0x00002a60      0x902 .\CortexM0\ARM_GCC_493\Debug\BlueT.a(PWM_1.o)
 .debug_info    0x00003362      0x902 .\CortexM0\ARM_GCC_493\Debug\BlueT.a(PWM_2.o)
 .debug_info    0x00003c64       0x83 .\CortexM0\ARM_GCC_493\Debug\BlueT.a(CyBootAsmGnu.o)

.debug_abbrev   0x00000000      0xfe0
 *(.debug_abbrev)
 .debug_abbrev  0x00000000      0x140 .\CortexM0\ARM_GCC_493\Debug\main.o
 .debug_abbrev  0x00000140       0x5d .\CortexM0\ARM_GCC_493\Debug\cymetadata.o
 .debug_abbrev  0x0000019d      0x1fe .\CortexM0\ARM_GCC_493\Debug\Cm0Start.o
 .debug_abbrev  0x0000039b      0x1d5 .\CortexM0\ARM_GCC_493\Debug\BlueT.a(cyfitter_cfg.o)
 .debug_abbrev  0x00000570       0xfa .\CortexM0\ARM_GCC_493\Debug\BlueT.a(UART.o)
 .debug_abbrev  0x0000066a      0x176 .\CortexM0\ARM_GCC_493\Debug\BlueT.a(UART_SPI_UART.o)
 .debug_abbrev  0x000007e0      0x139 .\CortexM0\ARM_GCC_493\Debug\BlueT.a(UART_UART.o)
 .debug_abbrev  0x00000919      0x20d .\CortexM0\ARM_GCC_493\Debug\BlueT.a(CyLib.o)
 .debug_abbrev  0x00000b26      0x226 .\CortexM0\ARM_GCC_493\Debug\BlueT.a(CyLFClk.o)
 .debug_abbrev  0x00000d4c      0x140 .\CortexM0\ARM_GCC_493\Debug\BlueT.a(PWM_1.o)
 .debug_abbrev  0x00000e8c      0x140 .\CortexM0\ARM_GCC_493\Debug\BlueT.a(PWM_2.o)
 .debug_abbrev  0x00000fcc       0x14 .\CortexM0\ARM_GCC_493\Debug\BlueT.a(CyBootAsmGnu.o)

.debug_line     0x00000000     0x1825
 *(.debug_line)
 .debug_line    0x00000000       0xed .\CortexM0\ARM_GCC_493\Debug\main.o
 .debug_line    0x000000ed       0x53 .\CortexM0\ARM_GCC_493\Debug\cymetadata.o
 .debug_line    0x00000140      0x232 .\CortexM0\ARM_GCC_493\Debug\Cm0Start.o
 .debug_line    0x00000372      0x159 .\CortexM0\ARM_GCC_493\Debug\BlueT.a(cyfitter_cfg.o)
 .debug_line    0x000004cb      0x140 .\CortexM0\ARM_GCC_493\Debug\BlueT.a(UART.o)
 .debug_line    0x0000060b      0x133 .\CortexM0\ARM_GCC_493\Debug\BlueT.a(UART_SPI_UART.o)
 .debug_line    0x0000073e      0x154 .\CortexM0\ARM_GCC_493\Debug\BlueT.a(UART_UART.o)
 .debug_line    0x00000892      0x42c .\CortexM0\ARM_GCC_493\Debug\BlueT.a(CyLib.o)
 .debug_line    0x00000cbe      0x3fe .\CortexM0\ARM_GCC_493\Debug\BlueT.a(CyLFClk.o)
 .debug_line    0x000010bc      0x380 .\CortexM0\ARM_GCC_493\Debug\BlueT.a(PWM_1.o)
 .debug_line    0x0000143c      0x380 .\CortexM0\ARM_GCC_493\Debug\BlueT.a(PWM_2.o)
 .debug_line    0x000017bc       0x69 .\CortexM0\ARM_GCC_493\Debug\BlueT.a(CyBootAsmGnu.o)

.debug_frame    0x00000000     0x1310
 *(.debug_frame)
 .debug_frame   0x00000000       0x70 .\CortexM0\ARM_GCC_493\Debug\main.o
 .debug_frame   0x00000070       0xb0 .\CortexM0\ARM_GCC_493\Debug\Cm0Start.o
 .debug_frame   0x00000120       0x88 .\CortexM0\ARM_GCC_493\Debug\BlueT.a(cyfitter_cfg.o)
 .debug_frame   0x000001a8       0xe8 .\CortexM0\ARM_GCC_493\Debug\BlueT.a(UART.o)
 .debug_frame   0x00000290       0xb0 .\CortexM0\ARM_GCC_493\Debug\BlueT.a(UART_SPI_UART.o)
 .debug_frame   0x00000340       0xe0 .\CortexM0\ARM_GCC_493\Debug\BlueT.a(UART_UART.o)
 .debug_frame   0x00000420      0x3b4 .\CortexM0\ARM_GCC_493\Debug\BlueT.a(CyLib.o)
 .debug_frame   0x000007d4      0x368 .\CortexM0\ARM_GCC_493\Debug\BlueT.a(CyLFClk.o)
 .debug_frame   0x00000b3c      0x390 .\CortexM0\ARM_GCC_493\Debug\BlueT.a(PWM_1.o)
 .debug_frame   0x00000ecc      0x390 .\CortexM0\ARM_GCC_493\Debug\BlueT.a(PWM_2.o)
 .debug_frame   0x0000125c       0x20 c:/software/cypress/psoc creator/3.3/psoc creator/import/gnu/arm/4.9.3/bin/../lib/gcc/arm-none-eabi/4.9.3/armv6-m\libgcc.a(_udivsi3.o)
 .debug_frame   0x0000127c       0x20 c:/software/cypress/psoc creator/3.3/psoc creator/import/gnu/arm/4.9.3/bin/../lib/gcc/arm-none-eabi/4.9.3/../../../../arm-none-eabi/lib/armv6-m\libg_nano.a(lib_a-errno.o)
 .debug_frame   0x0000129c       0x28 c:/software/cypress/psoc creator/3.3/psoc creator/import/gnu/arm/4.9.3/bin/../lib/gcc/arm-none-eabi/4.9.3/../../../../arm-none-eabi/lib/armv6-m\libg_nano.a(lib_a-exit.o)
 .debug_frame   0x000012c4       0x2c c:/software/cypress/psoc creator/3.3/psoc creator/import/gnu/arm/4.9.3/bin/../lib/gcc/arm-none-eabi/4.9.3/../../../../arm-none-eabi/lib/armv6-m\libg_nano.a(lib_a-init.o)
 .debug_frame   0x000012f0       0x20 c:/software/cypress/psoc creator/3.3/psoc creator/import/gnu/arm/4.9.3/bin/../lib/gcc/arm-none-eabi/4.9.3/../../../../arm-none-eabi/lib/armv6-m\libg_nano.a(lib_a-memset.o)

.debug_str      0x00000000     0x1732
 *(.debug_str)
 .debug_str     0x00000000      0x1fe .\CortexM0\ARM_GCC_493\Debug\main.o
                                0x237 (size before relaxing)
 .debug_str     0x000001fe       0x5b .\CortexM0\ARM_GCC_493\Debug\cymetadata.o
                                0x1c1 (size before relaxing)
 .debug_str     0x00000259      0x163 .\CortexM0\ARM_GCC_493\Debug\Cm0Start.o
                                0x2e8 (size before relaxing)
 .debug_str     0x000003bc       0xfc .\CortexM0\ARM_GCC_493\Debug\BlueT.a(cyfitter_cfg.o)
                                0x2b9 (size before relaxing)
 .debug_str     0x000004b8      0x105 .\CortexM0\ARM_GCC_493\Debug\BlueT.a(UART.o)
                                0x283 (size before relaxing)
 .debug_str     0x000005bd      0x11f .\CortexM0\ARM_GCC_493\Debug\BlueT.a(UART_SPI_UART.o)
                                0x2b5 (size before relaxing)
 .debug_str     0x000006dc       0xb1 .\CortexM0\ARM_GCC_493\Debug\BlueT.a(UART_UART.o)
                                0x2d2 (size before relaxing)
 .debug_str     0x0000078d      0x45c .\CortexM0\ARM_GCC_493\Debug\BlueT.a(CyLib.o)
                                0x63c (size before relaxing)
 .debug_str     0x00000be9      0x476 .\CortexM0\ARM_GCC_493\Debug\BlueT.a(CyLFClk.o)
                                0x646 (size before relaxing)
 .debug_str     0x0000105f      0x3c9 .\CortexM0\ARM_GCC_493\Debug\BlueT.a(PWM_1.o)
                                0x598 (size before relaxing)
 .debug_str     0x00001428      0x30a .\CortexM0\ARM_GCC_493\Debug\BlueT.a(PWM_2.o)
                                0x598 (size before relaxing)

.debug_loc      0x00000000     0x1cfc
 *(.debug_loc)
 .debug_loc     0x00000000       0x6d .\CortexM0\ARM_GCC_493\Debug\main.o
 .debug_loc     0x0000006d      0x14f .\CortexM0\ARM_GCC_493\Debug\Cm0Start.o
 .debug_loc     0x000001bc      0x118 .\CortexM0\ARM_GCC_493\Debug\BlueT.a(cyfitter_cfg.o)
 .debug_loc     0x000002d4       0x7e .\CortexM0\ARM_GCC_493\Debug\BlueT.a(UART.o)
 .debug_loc     0x00000352       0x96 .\CortexM0\ARM_GCC_493\Debug\BlueT.a(UART_SPI_UART.o)
 .debug_loc     0x000003e8      0x173 .\CortexM0\ARM_GCC_493\Debug\BlueT.a(UART_UART.o)
 .debug_loc     0x0000055b      0x534 .\CortexM0\ARM_GCC_493\Debug\BlueT.a(CyLib.o)
 .debug_loc     0x00000a8f      0x7df .\CortexM0\ARM_GCC_493\Debug\BlueT.a(CyLFClk.o)
 .debug_loc     0x0000126e      0x547 .\CortexM0\ARM_GCC_493\Debug\BlueT.a(PWM_1.o)
 .debug_loc     0x000017b5      0x547 .\CortexM0\ARM_GCC_493\Debug\BlueT.a(PWM_2.o)

.debug_macinfo
 *(.debug_macinfo)

.debug_ranges   0x00000000      0x670
 *(.debug_ranges)
 .debug_ranges  0x00000000       0x20 .\CortexM0\ARM_GCC_493\Debug\main.o
 .debug_ranges  0x00000020       0x38 .\CortexM0\ARM_GCC_493\Debug\Cm0Start.o
 .debug_ranges  0x00000058       0x28 .\CortexM0\ARM_GCC_493\Debug\BlueT.a(cyfitter_cfg.o)
 .debug_ranges  0x00000080       0x50 .\CortexM0\ARM_GCC_493\Debug\BlueT.a(UART.o)
 .debug_ranges  0x000000d0       0x50 .\CortexM0\ARM_GCC_493\Debug\BlueT.a(UART_SPI_UART.o)
 .debug_ranges  0x00000120       0x50 .\CortexM0\ARM_GCC_493\Debug\BlueT.a(UART_UART.o)
 .debug_ranges  0x00000170      0x160 .\CortexM0\ARM_GCC_493\Debug\BlueT.a(CyLib.o)
 .debug_ranges  0x000002d0      0x110 .\CortexM0\ARM_GCC_493\Debug\BlueT.a(CyLFClk.o)
 .debug_ranges  0x000003e0      0x148 .\CortexM0\ARM_GCC_493\Debug\BlueT.a(PWM_1.o)
 .debug_ranges  0x00000528      0x148 .\CortexM0\ARM_GCC_493\Debug\BlueT.a(PWM_2.o)

.comment        0x00000000       0x70
 .comment       0x00000000       0x70 .\CortexM0\ARM_GCC_493\Debug\main.o
                                 0x71 (size before relaxing)
 .comment       0x00000000       0x71 .\CortexM0\ARM_GCC_493\Debug\cymetadata.o
 .comment       0x00000000       0x71 .\CortexM0\ARM_GCC_493\Debug\Cm0Start.o
 .comment       0x00000000       0x71 .\CortexM0\ARM_GCC_493\Debug\BlueT.a(cyfitter_cfg.o)
 .comment       0x00000000       0x71 .\CortexM0\ARM_GCC_493\Debug\BlueT.a(UART.o)
 .comment       0x00000000       0x71 .\CortexM0\ARM_GCC_493\Debug\BlueT.a(UART_SPI_UART.o)
 .comment       0x00000000       0x71 .\CortexM0\ARM_GCC_493\Debug\BlueT.a(UART_UART.o)
 .comment       0x00000000       0x71 .\CortexM0\ARM_GCC_493\Debug\BlueT.a(CyLib.o)
 .comment       0x00000000       0x71 .\CortexM0\ARM_GCC_493\Debug\BlueT.a(CyLFClk.o)
 .comment       0x00000000       0x71 .\CortexM0\ARM_GCC_493\Debug\BlueT.a(PWM_1.o)
 .comment       0x00000000       0x71 .\CortexM0\ARM_GCC_493\Debug\BlueT.a(PWM_2.o)

.debug_weaknames
 *(.debug_weaknames)

.debug_funcnames
 *(.debug_funcnames)

.debug_typenames
 *(.debug_typenames)

.debug_varnames
 *(.debug_varnames)

.note.gnu.arm.ident
 *(.note.gnu.arm.ident)

.ARM.attributes
                0x00000000       0x28
 *(.ARM.attributes)
 .ARM.attributes
                0x00000000       0x1e c:/software/cypress/psoc creator/3.3/psoc creator/import/gnu/arm/4.9.3/bin/../lib/gcc/arm-none-eabi/4.9.3/armv6-m/crti.o
 .ARM.attributes
                0x0000001e       0x2c c:/software/cypress/psoc creator/3.3/psoc creator/import/gnu/arm/4.9.3/bin/../lib/gcc/arm-none-eabi/4.9.3/armv6-m/crtbegin.o
 .ARM.attributes
                0x0000004a       0x1b c:/software/cypress/psoc creator/3.3/psoc creator/import/gnu/arm/4.9.3/bin/../lib/gcc/arm-none-eabi/4.9.3/../../../../arm-none-eabi/lib/armv6-m/crt0.o
 .ARM.attributes
                0x00000065       0x31 .\CortexM0\ARM_GCC_493\Debug\main.o
 .ARM.attributes
                0x00000096       0x31 .\CortexM0\ARM_GCC_493\Debug\cymetadata.o
 .ARM.attributes
                0x000000c7       0x31 .\CortexM0\ARM_GCC_493\Debug\Cm0Start.o
 .ARM.attributes
                0x000000f8       0x31 .\CortexM0\ARM_GCC_493\Debug\BlueT.a(cyfitter_cfg.o)
 .ARM.attributes
                0x00000129       0x31 .\CortexM0\ARM_GCC_493\Debug\BlueT.a(UART.o)
 .ARM.attributes
                0x0000015a       0x31 .\CortexM0\ARM_GCC_493\Debug\BlueT.a(UART_SPI_UART.o)
 .ARM.attributes
                0x0000018b       0x31 .\CortexM0\ARM_GCC_493\Debug\BlueT.a(UART_UART.o)
 .ARM.attributes
                0x000001bc       0x31 .\CortexM0\ARM_GCC_493\Debug\BlueT.a(CyLib.o)
 .ARM.attributes
                0x000001ed       0x31 .\CortexM0\ARM_GCC_493\Debug\BlueT.a(CyLFClk.o)
 .ARM.attributes
                0x0000021e       0x31 .\CortexM0\ARM_GCC_493\Debug\BlueT.a(PWM_1.o)
 .ARM.attributes
                0x0000024f       0x31 .\CortexM0\ARM_GCC_493\Debug\BlueT.a(PWM_2.o)
 .ARM.attributes
                0x00000280       0x21 .\CortexM0\ARM_GCC_493\Debug\BlueT.a(CyBootAsmGnu.o)
 .ARM.attributes
                0x000002a1       0x1e c:/software/cypress/psoc creator/3.3/psoc creator/import/gnu/arm/4.9.3/bin/../lib/gcc/arm-none-eabi/4.9.3/armv6-m\libgcc.a(_udivsi3.o)
 .ARM.attributes
                0x000002bf       0x1e c:/software/cypress/psoc creator/3.3/psoc creator/import/gnu/arm/4.9.3/bin/../lib/gcc/arm-none-eabi/4.9.3/armv6-m\libgcc.a(_dvmd_tls.o)
 .ARM.attributes
                0x000002dd       0x2c c:/software/cypress/psoc creator/3.3/psoc creator/import/gnu/arm/4.9.3/bin/../lib/gcc/arm-none-eabi/4.9.3/../../../../arm-none-eabi/lib/armv6-m\libg_nano.a(lib_a-errno.o)
 .ARM.attributes
                0x00000309       0x2c c:/software/cypress/psoc creator/3.3/psoc creator/import/gnu/arm/4.9.3/bin/../lib/gcc/arm-none-eabi/4.9.3/../../../../arm-none-eabi/lib/armv6-m\libg_nano.a(lib_a-exit.o)
 .ARM.attributes
                0x00000335       0x2c c:/software/cypress/psoc creator/3.3/psoc creator/import/gnu/arm/4.9.3/bin/../lib/gcc/arm-none-eabi/4.9.3/../../../../arm-none-eabi/lib/armv6-m\libg_nano.a(lib_a-impure.o)
 .ARM.attributes
                0x00000361       0x2c c:/software/cypress/psoc creator/3.3/psoc creator/import/gnu/arm/4.9.3/bin/../lib/gcc/arm-none-eabi/4.9.3/../../../../arm-none-eabi/lib/armv6-m\libg_nano.a(lib_a-init.o)
 .ARM.attributes
                0x0000038d       0x2c c:/software/cypress/psoc creator/3.3/psoc creator/import/gnu/arm/4.9.3/bin/../lib/gcc/arm-none-eabi/4.9.3/../../../../arm-none-eabi/lib/armv6-m\libg_nano.a(lib_a-memset.o)
 .ARM.attributes
                0x000003b9       0x2c c:/software/cypress/psoc creator/3.3/psoc creator/import/gnu/arm/4.9.3/bin/../lib/gcc/arm-none-eabi/4.9.3/armv6-m/crtend.o
 .ARM.attributes
                0x000003e5       0x1e c:/software/cypress/psoc creator/3.3/psoc creator/import/gnu/arm/4.9.3/bin/../lib/gcc/arm-none-eabi/4.9.3/armv6-m/crtn.o

/DISCARD/
 *(.note.GNU-stack)
OUTPUT(.\CortexM0\ARM_GCC_493\Debug\BlueT.elf elf32-littlearm)
