Archive member included because of file (symbol)

.\CortexM0\ARM_GCC_493\Debug\track.a(cyfitter_cfg.o)
                              .\CortexM0\ARM_GCC_493\Debug\Cm0Start.o (cyfitter_cfg)
.\CortexM0\ARM_GCC_493\Debug\track.a(LCD_Char_1_BarGraph.o)
                              .\CortexM0\ARM_GCC_493\Debug\main.o (LCD_Char_1_LoadCustomFonts)
.\CortexM0\ARM_GCC_493\Debug\track.a(LCD_Char_1.o)
                              .\CortexM0\ARM_GCC_493\Debug\track.a(LCD_Char_1_BarGraph.o) (LCD_Char_1_IsReady)
.\CortexM0\ARM_GCC_493\Debug\track.a(Clock_1.o)
                              .\CortexM0\ARM_GCC_493\Debug\main.o (Clock_1_Start)
.\CortexM0\ARM_GCC_493\Debug\track.a(ADC_SAR_Seq_1.o)
                              .\CortexM0\ARM_GCC_493\Debug\main.o (ADC_SAR_Seq_1_Start)
.\CortexM0\ARM_GCC_493\Debug\track.a(ADC_SAR_Seq_1_INT.o)
                              .\CortexM0\ARM_GCC_493\Debug\track.a(ADC_SAR_Seq_1.o) (ADC_SAR_Seq_1_ISR)
.\CortexM0\ARM_GCC_493\Debug\track.a(PWM_1.o)
                              .\CortexM0\ARM_GCC_493\Debug\main.o (PWM_1_WriteCompare)
.\CortexM0\ARM_GCC_493\Debug\track.a(PWM_2.o)
                              .\CortexM0\ARM_GCC_493\Debug\main.o (PWM_2_WriteCompare)
.\CortexM0\ARM_GCC_493\Debug\track.a(Clock_2.o)
                              .\CortexM0\ARM_GCC_493\Debug\main.o (Clock_2_Start)
.\CortexM0\ARM_GCC_493\Debug\track.a(CyBootAsmGnu.o)
                              .\CortexM0\ARM_GCC_493\Debug\track.a(PWM_1.o) (CyEnterCriticalSection)
.\CortexM0\ARM_GCC_493\Debug\track.a(CyLib.o)
                              .\CortexM0\ARM_GCC_493\Debug\track.a(cyfitter_cfg.o) (CyIntEnable)
.\CortexM0\ARM_GCC_493\Debug\track.a(CyLFClk.o)
                              .\CortexM0\ARM_GCC_493\Debug\track.a(cyfitter_cfg.o) (CySysWdtIsr)
c:/program files (x86)/cypress/psoc creator/3.3/psoc creator/import/gnu/arm/4.9.3/bin/../lib/gcc/arm-none-eabi/4.9.3/armv6-m\libgcc.a(_udivsi3.o)
                              .\CortexM0\ARM_GCC_493\Debug\track.a(LCD_Char_1_BarGraph.o) (__aeabi_uidiv)
c:/program files (x86)/cypress/psoc creator/3.3/psoc creator/import/gnu/arm/4.9.3/bin/../lib/gcc/arm-none-eabi/4.9.3/armv6-m\libgcc.a(_divsi3.o)
                              .\CortexM0\ARM_GCC_493\Debug\track.a(ADC_SAR_Seq_1.o) (__aeabi_idiv)
c:/program files (x86)/cypress/psoc creator/3.3/psoc creator/import/gnu/arm/4.9.3/bin/../lib/gcc/arm-none-eabi/4.9.3/armv6-m\libgcc.a(_dvmd_tls.o)
                              c:/program files (x86)/cypress/psoc creator/3.3/psoc creator/import/gnu/arm/4.9.3/bin/../lib/gcc/arm-none-eabi/4.9.3/armv6-m\libgcc.a(_udivsi3.o) (__aeabi_idiv0)
c:/program files (x86)/cypress/psoc creator/3.3/psoc creator/import/gnu/arm/4.9.3/bin/../lib/gcc/arm-none-eabi/4.9.3/armv6-m\libgcc.a(_aeabi_ldivmod.o)
                              .\CortexM0\ARM_GCC_493\Debug\track.a(ADC_SAR_Seq_1.o) (__aeabi_ldivmod)
c:/program files (x86)/cypress/psoc creator/3.3/psoc creator/import/gnu/arm/4.9.3/bin/../lib/gcc/arm-none-eabi/4.9.3/armv6-m\libgcc.a(_muldi3.o)
                              .\CortexM0\ARM_GCC_493\Debug\track.a(ADC_SAR_Seq_1.o) (__aeabi_lmul)
c:/program files (x86)/cypress/psoc creator/3.3/psoc creator/import/gnu/arm/4.9.3/bin/../lib/gcc/arm-none-eabi/4.9.3/armv6-m\libgcc.a(bpabi.o)
                              c:/program files (x86)/cypress/psoc creator/3.3/psoc creator/import/gnu/arm/4.9.3/bin/../lib/gcc/arm-none-eabi/4.9.3/armv6-m\libgcc.a(_aeabi_ldivmod.o) (__gnu_ldivmod_helper)
c:/program files (x86)/cypress/psoc creator/3.3/psoc creator/import/gnu/arm/4.9.3/bin/../lib/gcc/arm-none-eabi/4.9.3/armv6-m\libgcc.a(divsf3.o)
                              .\CortexM0\ARM_GCC_493\Debug\track.a(ADC_SAR_Seq_1.o) (__aeabi_fdiv)
c:/program files (x86)/cypress/psoc creator/3.3/psoc creator/import/gnu/arm/4.9.3/bin/../lib/gcc/arm-none-eabi/4.9.3/armv6-m\libgcc.a(mulsf3.o)
                              .\CortexM0\ARM_GCC_493\Debug\track.a(ADC_SAR_Seq_1.o) (__aeabi_fmul)
c:/program files (x86)/cypress/psoc creator/3.3/psoc creator/import/gnu/arm/4.9.3/bin/../lib/gcc/arm-none-eabi/4.9.3/armv6-m\libgcc.a(fixsfsi.o)
                              .\CortexM0\ARM_GCC_493\Debug\main.o (__aeabi_f2iz)
c:/program files (x86)/cypress/psoc creator/3.3/psoc creator/import/gnu/arm/4.9.3/bin/../lib/gcc/arm-none-eabi/4.9.3/armv6-m\libgcc.a(floatsisf.o)
                              .\CortexM0\ARM_GCC_493\Debug\track.a(ADC_SAR_Seq_1.o) (__aeabi_i2f)
c:/program files (x86)/cypress/psoc creator/3.3/psoc creator/import/gnu/arm/4.9.3/bin/../lib/gcc/arm-none-eabi/4.9.3/armv6-m\libgcc.a(divdf3.o)
                              .\CortexM0\ARM_GCC_493\Debug\main.o (__aeabi_ddiv)
c:/program files (x86)/cypress/psoc creator/3.3/psoc creator/import/gnu/arm/4.9.3/bin/../lib/gcc/arm-none-eabi/4.9.3/armv6-m\libgcc.a(muldf3.o)
                              .\CortexM0\ARM_GCC_493\Debug\main.o (__aeabi_dmul)
[...]
Memory Configuration

Name             Origin             Length             Attributes
rom              0x00000000         0x00008000         xr
ram              0x20000000         0x00001000         xrw
*default*        0x00000000         0xffffffff

Linker script and memory map

LOAD c:/program files (x86)/cypress/psoc creator/3.3/psoc creator/import/gnu/arm/4.9.3/bin/../lib/gcc/arm-none-eabi/4.9.3/armv6-m/crti.o
LOAD c:/program files (x86)/cypress/psoc creator/3.3/psoc creator/import/gnu/arm/4.9.3/bin/../lib/gcc/arm-none-eabi/4.9.3/armv6-m/crtbegin.o
LOAD c:/program files (x86)/cypress/psoc creator/3.3/psoc creator/import/gnu/arm/4.9.3/bin/../lib/gcc/arm-none-eabi/4.9.3/../../../../arm-none-eabi/lib/armv6-m/crt0.o
START GROUP
LOAD .\CortexM0\ARM_GCC_493\Debug\main.o
LOAD .\CortexM0\ARM_GCC_493\Debug\cymetadata.o
LOAD .\CortexM0\ARM_GCC_493\Debug\Cm0Start.o
LOAD .\CortexM0\ARM_GCC_493\Debug\track.a
LOAD C:\Program Files (x86)\Cypress\PSoC Creator\3.3\PSoC Creator\psoc\content\cycomponentlibrary\CyComponentLibrary.cylib\CortexM0\ARM_GCC_493\Debug\CyComponentLibrary.a
END GROUP
START GROUP
LOAD c:/program files (x86)/cypress/psoc creator/3.3/psoc creator/import/gnu/arm/4.9.3/bin/../lib/gcc/arm-none-eabi/4.9.3/armv6-m\libgcc.a
LOAD c:/program files (x86)/cypress/psoc creator/3.3/psoc creator/import/gnu/arm/4.9.3/bin/../lib/gcc/arm-none-eabi/4.9.3/../../../../arm-none-eabi/lib/armv6-m\libg_nano.a
LOAD c:/program files (x86)/cypress/psoc creator/3.3/psoc creator/import/gnu/arm/4.9.3/bin/../lib/gcc/arm-none-eabi/4.9.3/../../../../arm-none-eabi/lib/armv6-m\libc_nano.a
END GROUP
START GROUP
LOAD c:/program files (x86)/cypress/psoc creator/3.3/psoc creator/import/gnu/arm/4.9.3/bin/../lib/gcc/arm-none-eabi/4.9.3/armv6-m\libgcc.a
LOAD c:/program files (x86)/cypress/psoc creator/3.3/psoc creator/import/gnu/arm/4.9.3/bin/../lib/gcc/arm-none-eabi/4.9.3/../../../../arm-none-eabi/lib/armv6-m\libc_nano.a
END GROUP
LOAD c:/program files (x86)/cypress/psoc creator/3.3/psoc creator/import/gnu/arm/4.9.3/bin/../lib/gcc/arm-none-eabi/4.9.3/armv6-m/crtend.o
LOAD c:/program files (x86)/cypress/psoc creator/3.3/psoc creator/import/gnu/arm/4.9.3/bin/../lib/gcc/arm-none-eabi/4.9.3/armv6-m/crtn.o
START GROUP
LOAD c:/program files (x86)/cypress/psoc creator/3.3/psoc creator/import/gnu/arm/4.9.3/bin/../lib/gcc/arm-none-eabi/4.9.3/armv6-m\libgcc.a
LOAD c:/program files (x86)/cypress/psoc creator/3.3/psoc creator/import/gnu/arm/4.9.3/bin/../lib/gcc/arm-none-eabi/4.9.3/../../../../arm-none-eabi/lib/armv6-m\libc.a
LOAD c:/program files (x86)/cypress/psoc creator/3.3/psoc creator/import/gnu/arm/4.9.3/bin/../lib/gcc/arm-none-eabi/4.9.3/../../../../arm-none-eabi/lib/armv6-m\libnosys.a
END GROUP
                0x00000000                CY_APPL_ORIGIN = 0x0
                0x00000080                CY_FLASH_ROW_SIZE = 0x80
                0x00000001                CY_APPL_NUM = 0x1
                0x00000001                CY_APPL_MAX = 0x1
                0x00000040                CY_METADATA_SIZE = 0x40
                0x00000000                CY_APPL_LOADABLE = 0x0
                0x00000000                CY_CHECKSUM_EXCLUDE_SIZE = ALIGN (0x0, CY_FLASH_ROW_SIZE)
                0x00000000                CY_APP_FOR_STACK_AND_COPIER = 0x0
                0x20000240                PROVIDE (__cy_heap_start, _end)
                0x00000001                PROVIDE (__cy_region_num, ((__cy_regions_end - __cy_regions) / 0x10))
                0x20001000                PROVIDE (__cy_stack, (ORIGIN (ram) + 0x1000))
                0x20000c00                PROVIDE (__cy_heap_end, (__cy_stack - 0x400))

.cybootloader   0x00000000        0x0
 *(.cybootloader)
                0x00000000                appl1_start = CY_APPL_ORIGIN?CY_APPL_ORIGIN:ALIGN (CY_FLASH_ROW_SIZE)
                0x00003f80                appl2_start = (appl1_start + ALIGN ((((0x8000 - appl1_start) - (0x2 * CY_FLASH_ROW_SIZE)) / 0x2), CY_FLASH_ROW_SIZE))
                0x00000000                appl_start = (CY_APPL_NUM == 0x1)?appl1_start:appl2_start
                0x00000001                cy_project_type_bootloader = (appl_start == 0x0)?0x1:0x0
                0x00000000                cy_project_type_app_for_stack_and_copier = (CY_APP_FOR_STACK_AND_COPIER == 0x1)?0x1:0x0

.text           0x00000000     0x29da
 CREATE_OBJECT_SYMBOLS
                0x00000000                PROVIDE (__cy_interrupt_vector, RomVectors)
 *(.romvectors)
 .romvectors    0x00000000       0x10 .\CortexM0\ARM_GCC_493\Debug\Cm0Start.o
                0x00000000                RomVectors
                0x00000001                ASSERT ((. != __cy_interrupt_vector), No interrupt vector)
                0x00000001                ASSERT (CY_APPL_ORIGIN?(SIZEOF (.cybootloader) <= CY_APPL_ORIGIN):0x1, Wrong image location)
                0x00000010                PROVIDE (__cy_reset, Reset)
 *(.text.Reset)
 .text.Reset    0x00000010        0x8 .\CortexM0\ARM_GCC_493\Debug\Cm0Start.o
                0x00000010                Reset
                0x00000001                ASSERT ((. != __cy_reset), No reset code)
 *(.psocinit)
 .psocinit      0x00000018      0x1a8 .\CortexM0\ARM_GCC_493\Debug\track.a(cyfitter_cfg.o)
                0x000000b8                cyfitter_cfg
                0x000001c0                . = MAX (., 0x100)
 *(.text .text.* .gnu.linkonce.t.*)
 .text          0x000001c0       0x60 c:/program files (x86)/cypress/psoc creator/3.3/psoc creator/import/gnu/arm/4.9.3/bin/../lib/gcc/arm-none-eabi/4.9.3/armv6-m/crtbegin.o
 .text.Servo_PWM_1
                0x00000220       0x4c .\CortexM0\ARM_GCC_493\Debug\main.o
                0x00000220                Servo_PWM_1
 .text.Servo_PWM_2
                0x0000026c       0x4c .\CortexM0\ARM_GCC_493\Debug\main.o
                0x0000026c                Servo_PWM_2
 .text.main     0x000002b8      0x268 .\CortexM0\ARM_GCC_493\Debug\main.o
                0x000002b8                main
 .text.IntDefaultHandler
                0x00000520        0x4 .\CortexM0\ARM_GCC_493\Debug\Cm0Start.o
                0x00000520                IntDefaultHandler
 .text._sbrk    0x00000524       0x30 .\CortexM0\ARM_GCC_493\Debug\Cm0Start.o
                0x00000524                _sbrk
 .text.Start_c  0x00000554       0x48 .\CortexM0\ARM_GCC_493\Debug\Cm0Start.o
                0x00000554                Start_c
 .text.initialize_psoc
                0x0000059c       0x48 .\CortexM0\ARM_GCC_493\Debug\Cm0Start.o
                0x0000059c                initialize_psoc
 .text.cfg_write_bytes32
                0x000005e4       0x34 .\CortexM0\ARM_GCC_493\Debug\track.a(cyfitter_cfg.o)
 .text.CYMEMZERO
                0x00000618        0xc .\CortexM0\ARM_GCC_493\Debug\track.a(cyfitter_cfg.o)
 .text.SetAnalogRoutingPumps
                0x00000624       0x20 .\CortexM0\ARM_GCC_493\Debug\track.a(cyfitter_cfg.o)
                0x00000624                SetAnalogRoutingPumps
 .text.AnalogSetDefault
                0x00000644       0x20 .\CortexM0\ARM_GCC_493\Debug\track.a(cyfitter_cfg.o)
 .text.LCD_Char_1_LoadCustomFonts
                0x00000664       0x2c .\CortexM0\ARM_GCC_493\Debug\track.a(LCD_Char_1_BarGraph.o)
                0x00000664                LCD_Char_1_LoadCustomFonts
 .text.LCD_Char_1_WrCntrlNib
                0x00000690       0x34 .\CortexM0\ARM_GCC_493\Debug\track.a(LCD_Char_1.o)
 .text.LCD_Char_1_WrDatNib
                0x000006c4       0x44 .\CortexM0\ARM_GCC_493\Debug\track.a(LCD_Char_1.o)
 .text.LCD_Char_1_IsReady
                0x00000708       0xb4 .\CortexM0\ARM_GCC_493\Debug\track.a(LCD_Char_1.o)
                0x00000708                LCD_Char_1_IsReady
 .text.LCD_Char_1_WriteData
                0x000007bc       0x18 .\CortexM0\ARM_GCC_493\Debug\track.a(LCD_Char_1.o)
                0x000007bc                LCD_Char_1_WriteData
 .text.LCD_Char_1_PrintString
                0x000007d4       0x1c .\CortexM0\ARM_GCC_493\Debug\track.a(LCD_Char_1.o)
                0x000007d4                LCD_Char_1_PrintString
 .text.LCD_Char_1_WriteControl
                0x000007f0       0x18 .\CortexM0\ARM_GCC_493\Debug\track.a(LCD_Char_1.o)
                0x000007f0                LCD_Char_1_WriteControl
 .text.LCD_Char_1_Init
                0x00000808       0x74 .\CortexM0\ARM_GCC_493\Debug\track.a(LCD_Char_1.o)
                0x00000808                LCD_Char_1_Init
 .text.LCD_Char_1_Enable
                0x0000087c       0x14 .\CortexM0\ARM_GCC_493\Debug\track.a(LCD_Char_1.o)
                0x0000087c                LCD_Char_1_Enable
 .text.LCD_Char_1_Start
                0x00000890       0x20 .\CortexM0\ARM_GCC_493\Debug\track.a(LCD_Char_1.o)
                0x00000890                LCD_Char_1_Start
 .text.LCD_Char_1_Position
                0x000008b0       0x3c .\CortexM0\ARM_GCC_493\Debug\track.a(LCD_Char_1.o)
                0x000008b0                LCD_Char_1_Position
 .text.Clock_1_Start
                0x000008ec       0x14 .\CortexM0\ARM_GCC_493\Debug\track.a(Clock_1.o)
                0x000008ec                Clock_1_Start
 .text.ADC_SAR_Seq_1_Init
                0x00000900      0x18c .\CortexM0\ARM_GCC_493\Debug\track.a(ADC_SAR_Seq_1.o)
                0x00000900                ADC_SAR_Seq_1_Init
 .text.ADC_SAR_Seq_1_Enable
                0x00000a8c       0x24 .\CortexM0\ARM_GCC_493\Debug\track.a(ADC_SAR_Seq_1.o)
                0x00000a8c                ADC_SAR_Seq_1_Enable
 .text.ADC_SAR_Seq_1_Start
                0x00000ab0       0x20 .\CortexM0\ARM_GCC_493\Debug\track.a(ADC_SAR_Seq_1.o)
                0x00000ab0                ADC_SAR_Seq_1_Start
 .text.ADC_SAR_Seq_1_StartConvert
                0x00000ad0       0x14 .\CortexM0\ARM_GCC_493\Debug\track.a(ADC_SAR_Seq_1.o)
                0x00000ad0                ADC_SAR_Seq_1_StartConvert
 .text.ADC_SAR_Seq_1_IsEndConversion
                0x00000ae4       0x28 .\CortexM0\ARM_GCC_493\Debug\track.a(ADC_SAR_Seq_1.o)
                0x00000ae4                ADC_SAR_Seq_1_IsEndConversion
 .text.ADC_SAR_Seq_1_GetResult16
                0x00000b0c       0x2c .\CortexM0\ARM_GCC_493\Debug\track.a(ADC_SAR_Seq_1.o)
                0x00000b0c                ADC_SAR_Seq_1_GetResult16
 .text.ADC_SAR_Seq_1_ISR
                0x00000b38        0xc .\CortexM0\ARM_GCC_493\Debug\track.a(ADC_SAR_Seq_1_INT.o)
                0x00000b38                ADC_SAR_Seq_1_ISR
 .text.PWM_1_WriteCounter
                0x00000b44       0x10 .\CortexM0\ARM_GCC_493\Debug\track.a(PWM_1.o)
                0x00000b44                PWM_1_WriteCounter
 .text.PWM_1_WritePeriod
                0x00000b54       0x10 .\CortexM0\ARM_GCC_493\Debug\track.a(PWM_1.o)
                0x00000b54                PWM_1_WritePeriod
 .text.PWM_1_WriteCompare
                0x00000b64       0x10 .\CortexM0\ARM_GCC_493\Debug\track.a(PWM_1.o)
                0x00000b64                PWM_1_WriteCompare
 .text.PWM_1_TriggerCommand
                0x00000b74       0x1c .\CortexM0\ARM_GCC_493\Debug\track.a(PWM_1.o)
                0x00000b74                PWM_1_TriggerCommand
 .text.PWM_1_Enable
                0x00000b90       0x24 .\CortexM0\ARM_GCC_493\Debug\track.a(PWM_1.o)
                0x00000b90                PWM_1_Enable
 .text.PWM_1_SetInterruptMode
                0x00000bb4        0xc .\CortexM0\ARM_GCC_493\Debug\track.a(PWM_1.o)
                0x00000bb4                PWM_1_SetInterruptMode
 .text.PWM_1_Init
                0x00000bc0       0x4c .\CortexM0\ARM_GCC_493\Debug\track.a(PWM_1.o)
                0x00000bc0                PWM_1_Init
 .text.PWM_1_Start
                0x00000c0c       0x20 .\CortexM0\ARM_GCC_493\Debug\track.a(PWM_1.o)
                0x00000c0c                PWM_1_Start
 .text.PWM_2_WriteCounter
                0x00000c2c       0x10 .\CortexM0\ARM_GCC_493\Debug\track.a(PWM_2.o)
                0x00000c2c                PWM_2_WriteCounter
 .text.PWM_2_WritePeriod
                0x00000c3c       0x10 .\CortexM0\ARM_GCC_493\Debug\track.a(PWM_2.o)
                0x00000c3c                PWM_2_WritePeriod
 .text.PWM_2_WriteCompare
                0x00000c4c       0x10 .\CortexM0\ARM_GCC_493\Debug\track.a(PWM_2.o)
                0x00000c4c                PWM_2_WriteCompare
 .text.PWM_2_TriggerCommand
                0x00000c5c       0x1c .\CortexM0\ARM_GCC_493\Debug\track.a(PWM_2.o)
                0x00000c5c                PWM_2_TriggerCommand
 .text.PWM_2_Enable
                0x00000c78       0x24 .\CortexM0\ARM_GCC_493\Debug\track.a(PWM_2.o)
                0x00000c78                PWM_2_Enable
 .text.PWM_2_SetInterruptMode
                0x00000c9c        0xc .\CortexM0\ARM_GCC_493\Debug\track.a(PWM_2.o)
                0x00000c9c                PWM_2_SetInterruptMode
 .text.PWM_2_Init
                0x00000ca8       0x4c .\CortexM0\ARM_GCC_493\Debug\track.a(PWM_2.o)
                0x00000ca8                PWM_2_Init
 .text.PWM_2_Start
                0x00000cf4       0x20 .\CortexM0\ARM_GCC_493\Debug\track.a(PWM_2.o)
                0x00000cf4                PWM_2_Start
 .text.Clock_2_Start
                0x00000d14       0x14 .\CortexM0\ARM_GCC_493\Debug\track.a(Clock_2.o)
                0x00000d14                Clock_2_Start
 .text          0x00000d28       0x28 .\CortexM0\ARM_GCC_493\Debug\track.a(CyBootAsmGnu.o)
                0x00000d28                CyDelayCycles
                0x00000d3c                CyEnterCriticalSection
                0x00000d44                CyExitCriticalSection
 .text.CyIntEnable
                0x00000d50       0x14 .\CortexM0\ARM_GCC_493\Debug\track.a(CyLib.o)
                0x00000d50                CyIntEnable
 .text.CyHalt   0x00000d64        0x4 .\CortexM0\ARM_GCC_493\Debug\track.a(CyLib.o)
                0x00000d64                CyHalt
 .text.CyIntSetVector
                0x00000d68       0x24 .\CortexM0\ARM_GCC_493\Debug\track.a(CyLib.o)
                0x00000d68                CyIntSetVector
 .text.CyIntSetPriority
                0x00000d8c       0x4c .\CortexM0\ARM_GCC_493\Debug\track.a(CyLib.o)
                0x00000d8c                CyIntSetPriority
 .text.CyDelay  0x00000dd8       0x30 .\CortexM0\ARM_GCC_493\Debug\track.a(CyLib.o)
                0x00000dd8                CyDelay
 .text.CyDelayUs
                0x00000e08       0x14 .\CortexM0\ARM_GCC_493\Debug\track.a(CyLib.o)
                0x00000e08                CyDelayUs
 .text.CySysClkWriteImoFreq
                0x00000e1c      0x164 .\CortexM0\ARM_GCC_493\Debug\track.a(CyLib.o)
                0x00000e1c                CySysClkWriteImoFreq
 .text.CySysWdtLocked
                0x00000f80       0x14 .\CortexM0\ARM_GCC_493\Debug\track.a(CyLFClk.o)
 .text.CySysWdtLock
                0x00000f94       0x1c .\CortexM0\ARM_GCC_493\Debug\track.a(CyLFClk.o)
                0x00000f94                CySysWdtLock
 .text.CySysWdtUnlock
                0x00000fb0       0x30 .\CortexM0\ARM_GCC_493\Debug\track.a(CyLFClk.o)
                0x00000fb0                CySysWdtUnlock
 .text.CySysWdtClearInterrupt
                0x00000fe0       0x4c .\CortexM0\ARM_GCC_493\Debug\track.a(CyLFClk.o)
                0x00000fe0                CySysWdtClearInterrupt
 .text.CySysWdtIsr
                0x0000102c       0xa4 .\CortexM0\ARM_GCC_493\Debug\track.a(CyLFClk.o)
                0x0000102c                CySysWdtIsr
 .text          0x000010d0      0x120 c:/program files (x86)/cypress/psoc creator/3.3/psoc creator/import/gnu/arm/4.9.3/bin/../lib/gcc/arm-none-eabi/4.9.3/armv6-m\libgcc.a(_udivsi3.o)
                0x000010d0                __aeabi_uidiv
                0x000010d0                __udivsi3
                0x000011dc                __aeabi_uidivmod
 .text          0x000011f0      0x1e0 c:/program files (x86)/cypress/psoc creator/3.3/psoc creator/import/gnu/arm/4.9.3/bin/../lib/gcc/arm-none-eabi/4.9.3/armv6-m\libgcc.a(_divsi3.o)
                0x000011f0                __divsi3
                0x000011f0                __aeabi_idiv
                0x000013bc                __aeabi_idivmod
 .text          0x000013d0        0x4 c:/program files (x86)/cypress/psoc creator/3.3/psoc creator/import/gnu/arm/4.9.3/bin/../lib/gcc/arm-none-eabi/4.9.3/armv6-m\libgcc.a(_dvmd_tls.o)
                0x000013d0                __aeabi_idiv0
                0x000013d0                __aeabi_ldiv0
 .text          0x000013d4       0x40 c:/program files (x86)/cypress/psoc creator/3.3/psoc creator/import/gnu/arm/4.9.3/bin/../lib/gcc/arm-none-eabi/4.9.3/armv6-m\libgcc.a(fixsfsi.o)
                0x000013d4                __aeabi_f2iz
 .text          0x00001414      0x648 c:/program files (x86)/cypress/psoc creator/3.3/psoc creator/import/gnu/arm/4.9.3/bin/../lib/gcc/arm-none-eabi/4.9.3/armv6-m\libgcc.a(divdf3.o)
                0x00001414                __aeabi_ddiv
 .text          0x00001a5c      0x534 c:/program files (x86)/cypress/psoc creator/3.3/psoc creator/import/gnu/arm/4.9.3/bin/../lib/gcc/arm-none-eabi/4.9.3/armv6-m\libgcc.a(muldf3.o)
                0x00001a5c                __aeabi_dmul
 .text          0x00001f90       0x78 c:/program files (x86)/cypress/psoc creator/3.3/psoc creator/import/gnu/arm/4.9.3/bin/../lib/gcc/arm-none-eabi/4.9.3/armv6-m\libgcc.a(floatsidf.o)
                0x00001f90                __aeabi_i2d
 .text          0x00002008      0x120 c:/program files (x86)/cypress/psoc creator/3.3/psoc creator/import/gnu/arm/4.9.3/bin/../lib/gcc/arm-none-eabi/4.9.3/armv6-m\libgcc.a(truncdfsf2.o)
                0x00002008                __aeabi_d2f
 .text          0x00002128       0x3c c:/program files (x86)/cypress/psoc creator/3.3/psoc creator/import/gnu/arm/4.9.3/bin/../lib/gcc/arm-none-eabi/4.9.3/armv6-m\libgcc.a(_clzsi2.o)
                0x00002128                __clzsi2
 .text.__errno  0x00002164        0xc c:/program files (x86)/cypress/psoc creator/3.3/psoc creator/import/gnu/arm/4.9.3/bin/../lib/gcc/arm-none-eabi/4.9.3/../../../../arm-none-eabi/lib/armv6-m\libg_nano.a(lib_a-errno.o)
                0x00002164                __errno
 .text.__libc_init_array
                0x00002170       0x4c c:/program files (x86)/cypress/psoc creator/3.3/psoc creator/import/gnu/arm/4.9.3/bin/../lib/gcc/arm-none-eabi/4.9.3/../../../../arm-none-eabi/lib/armv6-m\libg_nano.a(lib_a-init.o)
                0x00002170                __libc_init_array
 .text.memset   0x000021bc       0x10 c:/program files (x86)/cypress/psoc creator/3.3/psoc creator/import/gnu/arm/4.9.3/bin/../lib/gcc/arm-none-eabi/4.9.3/../../../../arm-none-eabi/lib/armv6-m\libg_nano.a(lib_a-memset.o)
                0x000021bc                memset
 .text.sprintf  0x000021cc       0x44 c:/program files (x86)/cypress/psoc creator/3.3/psoc creator/import/gnu/arm/4.9.3/bin/../lib/gcc/arm-none-eabi/4.9.3/../../../../arm-none-eabi/lib/armv6-m\libg_nano.a(lib_a-sprintf.o)
                0x000021cc                siprintf
                0x000021cc                sprintf
 .text.__ssputs_r
                0x00002210       0xc0 c:/program files (x86)/cypress/psoc creator/3.3/psoc creator/import/gnu/arm/4.9.3/bin/../lib/gcc/arm-none-eabi/4.9.3/../../../../arm-none-eabi/lib/armv6-m\libg_nano.a(lib_a-nano-svfprintf.o)
                0x00002210                __ssputs_r
 .text._svfprintf_r
                0x000022d0      0x1ec c:/program files (x86)/cypress/psoc creator/3.3/psoc creator/import/gnu/arm/4.9.3/bin/../lib/gcc/arm-none-eabi/4.9.3/../../../../arm-none-eabi/lib/armv6-m\libg_nano.a(lib_a-nano-svfprintf.o)
                0x000022d0                _svfiprintf_r
                0x000022d0                _svfprintf_r
 .text._printf_common
                0x000024bc       0xdc c:/program files (x86)/cypress/psoc creator/3.3/psoc creator/import/gnu/arm/4.9.3/bin/../lib/gcc/arm-none-eabi/4.9.3/../../../../arm-none-eabi/lib/armv6-m\libg_nano.a(lib_a-nano-vfprintf_i.o)
                0x000024bc                _printf_common
 .text._printf_i
                0x00002598      0x230 c:/program files (x86)/cypress/psoc creator/3.3/psoc creator/import/gnu/arm/4.9.3/bin/../lib/gcc/arm-none-eabi/4.9.3/../../../../arm-none-eabi/lib/armv6-m\libg_nano.a(lib_a-nano-vfprintf_i.o)
                0x00002598                _printf_i
 .text.memchr   0x000027c8       0x16 c:/program files (x86)/cypress/psoc creator/3.3/psoc creator/import/gnu/arm/4.9.3/bin/../lib/gcc/arm-none-eabi/4.9.3/../../../../arm-none-eabi/lib/armv6-m\libg_nano.a(lib_a-memchr.o)
                0x000027c8                memchr
 .text.memcpy   0x000027de       0x12 c:/program files (x86)/cypress/psoc creator/3.3/psoc creator/import/gnu/arm/4.9.3/bin/../lib/gcc/arm-none-eabi/4.9.3/../../../../arm-none-eabi/lib/armv6-m\libg_nano.a(lib_a-memcpy.o)
                0x000027de                memcpy
 .text.memmove  0x000027f0       0x28 c:/program files (x86)/cypress/psoc creator/3.3/psoc creator/import/gnu/arm/4.9.3/bin/../lib/gcc/arm-none-eabi/4.9.3/../../../../arm-none-eabi/lib/armv6-m\libg_nano.a(lib_a-memmove.o)
                0x000027f0                memmove
 .text._free_r  0x00002818       0x8c c:/program files (x86)/cypress/psoc creator/3.3/psoc creator/import/gnu/arm/4.9.3/bin/../lib/gcc/arm-none-eabi/4.9.3/../../../../arm-none-eabi/lib/armv6-m\libg_nano.a(lib_a-nano-freer.o)
                0x00002818                _free_r
 .text._malloc_r
                0x000028a4       0xb0 c:/program files (x86)/cypress/psoc creator/3.3/psoc creator/import/gnu/arm/4.9.3/bin/../lib/gcc/arm-none-eabi/4.9.3/../../../../arm-none-eabi/lib/armv6-m\libg_nano.a(lib_a-nano-mallocr.o)
                0x000028a4                _malloc_r
 .text._realloc_r
                0x00002954       0x4c c:/program files (x86)/cypress/psoc creator/3.3/psoc creator/import/gnu/arm/4.9.3/bin/../lib/gcc/arm-none-eabi/4.9.3/../../../../arm-none-eabi/lib/armv6-m\libg_nano.a(lib_a-nano-reallocr.o)
                0x00002954                _realloc_r
 .text._sbrk_r  0x000029a0       0x24 c:/program files (x86)/cypress/psoc creator/3.3/psoc creator/import/gnu/arm/4.9.3/bin/../lib/gcc/arm-none-eabi/4.9.3/../../../../arm-none-eabi/lib/armv6-m\libg_nano.a(lib_a-sbrkr.o)
                0x000029a0                _sbrk_r
 .text._malloc_usable_size_r
                0x000029c4       0x16 c:/program files (x86)/cypress/psoc creator/3.3/psoc creator/import/gnu/arm/4.9.3/bin/../lib/gcc/arm-none-eabi/4.9.3/../../../../arm-none-eabi/lib/armv6-m\libg_nano.a(lib_a-nano-msizer.o)
                0x000029c4                _malloc_usable_size_r
 *(.plt)
 *(.gnu.warning)
 *(.glue_7t)
 .glue_7t       0x00000000        0x0 linker stubs
 *(.glue_7)
 .glue_7        0x00000000        0x0 linker stubs
 *(.vfp11_veneer)
 .vfp11_veneer  0x00000000        0x0 linker stubs
 *(.bootloader)
 *(.ARM.extab* .gnu.linkonce.armextab.*)
 *(.gcc_except_table)

.v4_bx          0x000029dc        0x0
 .v4_bx         0x00000000        0x0 linker stubs

.iplt           0x000029dc        0x0
 .iplt          0x00000000        0x0 c:/program files (x86)/cypress/psoc creator/3.3/psoc creator/import/gnu/arm/4.9.3/bin/../lib/gcc/arm-none-eabi/4.9.3/armv6-m/crtbegin.o

.eh_frame_hdr
 *(.eh_frame_hdr)

.eh_frame       0x000029dc        0x4
 *(.eh_frame)
 .eh_frame      0x000029dc        0x0 c:/program files (x86)/cypress/psoc creator/3.3/psoc creator/import/gnu/arm/4.9.3/bin/../lib/gcc/arm-none-eabi/4.9.3/armv6-m/crtbegin.o
 .eh_frame      0x000029dc        0x4 c:/program files (x86)/cypress/psoc creator/3.3/psoc creator/import/gnu/arm/4.9.3/bin/../lib/gcc/arm-none-eabi/4.9.3/armv6-m/crtend.o
                0x000029e0                PROVIDE (__exidx_start, .)

.ARM.exidx
 *(.ARM.exidx* .gnu.linkonce.armexidx.*)
                0x000029e0                __exidx_end = .

.rodata         0x000029e0      0x1e0
 *(.rodata .rodata.* .gnu.linkonce.r.*)
 .rodata.str1.4
                0x000029e0       0x28 .\CortexM0\ARM_GCC_493\Debug\main.o
 .rodata        0x00002a08       0x4c .\CortexM0\ARM_GCC_493\Debug\track.a(cyfitter_cfg.o)
 .rodata        0x00002a54       0x40 .\CortexM0\ARM_GCC_493\Debug\track.a(LCD_Char_1_BarGraph.o)
                0x00002a54                LCD_Char_1_customFonts
 .rodata        0x00002a94       0x10 .\CortexM0\ARM_GCC_493\Debug\track.a(ADC_SAR_Seq_1.o)
 .rodata        0x00002aa4       0x30 .\CortexM0\ARM_GCC_493\Debug\track.a(CyLib.o)
                0x00002aa4                cyImoFreqMhz2Reg
 .rodata        0x00002ad4       0x40 c:/program files (x86)/cypress/psoc creator/3.3/psoc creator/import/gnu/arm/4.9.3/bin/../lib/gcc/arm-none-eabi/4.9.3/armv6-m\libgcc.a(divdf3.o)
 .rodata        0x00002b14       0x40 c:/program files (x86)/cypress/psoc creator/3.3/psoc creator/import/gnu/arm/4.9.3/bin/../lib/gcc/arm-none-eabi/4.9.3/armv6-m\libgcc.a(muldf3.o)
 .rodata.str1.1
                0x00002b54        0x2 c:/program files (x86)/cypress/psoc creator/3.3/psoc creator/import/gnu/arm/4.9.3/bin/../lib/gcc/arm-none-eabi/4.9.3/../../../../arm-none-eabi/lib/armv6-m\libg_nano.a(lib_a-impure.o)
 .rodata.str1.1
                0x00002b56       0x11 c:/program files (x86)/cypress/psoc creator/3.3/psoc creator/import/gnu/arm/4.9.3/bin/../lib/gcc/arm-none-eabi/4.9.3/../../../../arm-none-eabi/lib/armv6-m\libg_nano.a(lib_a-nano-svfprintf.o)
 .rodata.str1.1
                0x00002b67       0x22 c:/program files (x86)/cypress/psoc creator/3.3/psoc creator/import/gnu/arm/4.9.3/bin/../lib/gcc/arm-none-eabi/4.9.3/../../../../arm-none-eabi/lib/armv6-m\libg_nano.a(lib_a-nano-vfprintf_i.o)
                0x00002b8c                . = ALIGN (0x4)
 *fill*         0x00002b89        0x3 
 *(.init)
 .init          0x00002b8c        0x4 c:/program files (x86)/cypress/psoc creator/3.3/psoc creator/import/gnu/arm/4.9.3/bin/../lib/gcc/arm-none-eabi/4.9.3/armv6-m/crti.o
                0x00002b8c                _init
 .init          0x00002b90        0x8 c:/program files (x86)/cypress/psoc creator/3.3/psoc creator/import/gnu/arm/4.9.3/bin/../lib/gcc/arm-none-eabi/4.9.3/armv6-m/crtn.o
                0x00002b98                . = ALIGN (0x4)
                0x00002b98                __preinit_array_start = .
 *(.preinit_array)
                0x00002b98                __preinit_array_end = .
                0x00002b98                . = ALIGN (0x4)
                0x00002b98                __init_array_start = .
 *(SORT(.init_array.*))
 *(.init_array)
 .init_array    0x00002b98        0x4 c:/program files (x86)/cypress/psoc creator/3.3/psoc creator/import/gnu/arm/4.9.3/bin/../lib/gcc/arm-none-eabi/4.9.3/armv6-m/crtbegin.o
 .init_array    0x00002b9c        0x4 .\CortexM0\ARM_GCC_493\Debug\Cm0Start.o
                0x00002ba0                __init_array_end = .
                0x00002ba0                . = ALIGN (0x4)
 *(.fini)
 .fini          0x00002ba0        0x4 c:/program files (x86)/cypress/psoc creator/3.3/psoc creator/import/gnu/arm/4.9.3/bin/../lib/gcc/arm-none-eabi/4.9.3/armv6-m/crti.o
                0x00002ba0                _fini
 .fini          0x00002ba4        0x8 c:/program files (x86)/cypress/psoc creator/3.3/psoc creator/import/gnu/arm/4.9.3/bin/../lib/gcc/arm-none-eabi/4.9.3/armv6-m/crtn.o
                0x00002bac                . = ALIGN (0x4)
                0x00002bac                __fini_array_start = .
 *(.fini_array)
 .fini_array    0x00002bac        0x4 c:/program files (x86)/cypress/psoc creator/3.3/psoc creator/import/gnu/arm/4.9.3/bin/../lib/gcc/arm-none-eabi/4.9.3/armv6-m/crtbegin.o
 *(SORT(.fini_array.*))
                0x00002bb0                __fini_array_end = .
                0x00002bb0                . = ALIGN (0x4)
 *crtbegin.o(.ctors)
 *(EXCLUDE_FILE(*crtend.o) .ctors)
 *(SORT(.ctors.*))
 *crtend.o(.ctors)
                0x00002bb0                . = ALIGN (0x4)
 *crtbegin.o(.dtors)
 *(EXCLUDE_FILE(*crtend.o) .dtors)
 *(SORT(.dtors.*))
 *crtend.o(.dtors)
                0x00002bb0                . = ALIGN (0x4)
                0x00002bb0                __cy_regions = .
                0x00002bb0        0x4 LONG 0x2bc0 __cy_region_init_ram
                0x00002bb4        0x4 LONG 0x200000c8 __cy_region_start_data
                0x00002bb8        0x4 LONG 0x90 __cy_region_init_size_ram
                0x00002bbc        0x4 LONG 0xe8 __cy_region_zero_size_ram
                0x00002bc0                __cy_regions_end = .
                0x00002bc0                . = ALIGN (0x8)
                0x00002bc0                _etext = .

.cy_checksum_exclude
                0x00002bc0        0x0
 *(.cy_checksum_exclude)

.ramvectors     0x20000000       0xc0
                0x20000000                __cy_region_start_ram = .
 *(.ramvectors)
 .ramvectors    0x20000000       0xc0 .\CortexM0\ARM_GCC_493\Debug\Cm0Start.o
                0x20000000                CyRamVectors

.noinit         0x200000c0        0x4
 *(.noinit)
 .noinit        0x200000c0        0x4 .\CortexM0\ARM_GCC_493\Debug\Cm0Start.o

.data           0x200000c8       0x90 load address 0x00002bc0
                0x200000c8                __cy_region_start_data = .
 *(.jcr)
 .jcr           0x200000c8        0x0 c:/program files (x86)/cypress/psoc creator/3.3/psoc creator/import/gnu/arm/4.9.3/bin/../lib/gcc/arm-none-eabi/4.9.3/armv6-m/crtbegin.o
 .jcr           0x200000c8        0x4 c:/program files (x86)/cypress/psoc creator/3.3/psoc creator/import/gnu/arm/4.9.3/bin/../lib/gcc/arm-none-eabi/4.9.3/armv6-m/crtend.o
 *(.got.plt)
 *(.got)
 *(.shdata)
 *(.data .data.* .gnu.linkonce.d.*)
 .data          0x200000cc        0xc .\CortexM0\ARM_GCC_493\Debug\main.o
                0x200000cc                PWM_1
                0x200000d0                angle
                0x200000d4                PWM_2
 .data          0x200000d8        0x4 .\CortexM0\ARM_GCC_493\Debug\Cm0Start.o
 .data          0x200000dc       0x10 .\CortexM0\ARM_GCC_493\Debug\track.a(CyLib.o)
                0x200000dc                cydelay32kMs
                0x200000e0                cydelayFreqKhz
                0x200000e4                cydelayFreqMhz
                0x200000e8                cydelayFreqHz
 .data          0x200000ec        0x4 .\CortexM0\ARM_GCC_493\Debug\track.a(CyLFClk.o)
 .data.impure_data
                0x200000f0       0x60 c:/program files (x86)/cypress/psoc creator/3.3/psoc creator/import/gnu/arm/4.9.3/bin/../lib/gcc/arm-none-eabi/4.9.3/../../../../arm-none-eabi/lib/armv6-m\libg_nano.a(lib_a-impure.o)
 .data._impure_ptr
                0x20000150        0x4 c:/program files (x86)/cypress/psoc creator/3.3/psoc creator/import/gnu/arm/4.9.3/bin/../lib/gcc/arm-none-eabi/4.9.3/../../../../arm-none-eabi/lib/armv6-m\libg_nano.a(lib_a-impure.o)
                0x20000150                _impure_ptr
                0x20000158                . = ALIGN (0x8)
 *fill*         0x20000154        0x4 
 *(.ram)
                0x20000158                _edata = .

.igot.plt       0x20000158        0x0 load address 0x00002c50
 .igot.plt      0x00000000        0x0 c:/program files (x86)/cypress/psoc creator/3.3/psoc creator/import/gnu/arm/4.9.3/bin/../lib/gcc/arm-none-eabi/4.9.3/armv6-m/crtbegin.o

.bss            0x20000158       0xe8 load address 0x00002c50
                0x20000158                PROVIDE (__bss_start__, .)
 *(.shbss)
 *(.bss .bss.* .gnu.linkonce.b.*)
 .bss           0x20000158       0x1c c:/program files (x86)/cypress/psoc creator/3.3/psoc creator/import/gnu/arm/4.9.3/bin/../lib/gcc/arm-none-eabi/4.9.3/armv6-m/crtbegin.o
 .bss           0x20000174        0x4 .\CortexM0\ARM_GCC_493\Debug\main.o
                0x20000174                Angle
 .bss           0x20000178        0x2 .\CortexM0\ARM_GCC_493\Debug\track.a(LCD_Char_1.o)
                0x20000178                LCD_Char_1_enableState
                0x20000179                LCD_Char_1_initVar
 .bss           0x2000017a        0x1 .\CortexM0\ARM_GCC_493\Debug\track.a(ADC_SAR_Seq_1.o)
                0x2000017a                ADC_SAR_Seq_1_initVar
 .bss           0x2000017b        0x1 .\CortexM0\ARM_GCC_493\Debug\track.a(PWM_1.o)
                0x2000017b                PWM_1_initVar
 .bss           0x2000017c        0x1 .\CortexM0\ARM_GCC_493\Debug\track.a(PWM_2.o)
                0x2000017c                PWM_2_initVar
 *fill*         0x2000017d        0x3 
 .bss           0x20000180       0x1c .\CortexM0\ARM_GCC_493\Debug\track.a(CyLFClk.o)
 .bss.__malloc_sbrk_start
                0x2000019c        0x4 c:/program files (x86)/cypress/psoc creator/3.3/psoc creator/import/gnu/arm/4.9.3/bin/../lib/gcc/arm-none-eabi/4.9.3/../../../../arm-none-eabi/lib/armv6-m\libg_nano.a(lib_a-nano-mallocr.o)
                0x2000019c                __malloc_sbrk_start
 .bss.__malloc_free_list
                0x200001a0        0x4 c:/program files (x86)/cypress/psoc creator/3.3/psoc creator/import/gnu/arm/4.9.3/bin/../lib/gcc/arm-none-eabi/4.9.3/../../../../arm-none-eabi/lib/armv6-m\libg_nano.a(lib_a-nano-mallocr.o)
                0x200001a0                __malloc_free_list
 *(COMMON)
 COMMON         0x200001a4       0x82 .\CortexM0\ARM_GCC_493\Debug\main.o
                0x200001a4                tmp
                0x200001b8                ADCresult3
                0x200001bc                outputStr
                0x200001da                ADCresult1
                0x200001dc                ADCresult2
                0x200001e0                Rotate_Dir
                0x200001f4                outputStr1
 *fill*         0x20000226        0x2 
 COMMON         0x20000228       0x14 .\CortexM0\ARM_GCC_493\Debug\track.a(ADC_SAR_Seq_1.o)
                0x20000228                ADC_SAR_Seq_1_offset
                0x20000230                ADC_SAR_Seq_1_countsPer10Volt
 COMMON         0x2000023c        0x4 c:/program files (x86)/cypress/psoc creator/3.3/psoc creator/import/gnu/arm/4.9.3/bin/../lib/gcc/arm-none-eabi/4.9.3/../../../../arm-none-eabi/lib/armv6-m\libg_nano.a(lib_a-reent.o)
                0x2000023c                errno
                0x20000240                . = ALIGN (0x8)
 *(.ram.b)
                0x20000240                _end = .
                0x20000240                __end = .
                0x20000240                PROVIDE (end, .)
                0x20000240                PROVIDE (__bss_end__, .)
                0x00002bc0                __cy_region_init_ram = LOADADDR (.data)
                0x00000090                __cy_region_init_size_ram = (_edata - ADDR (.data))
                0x000000e8                __cy_region_zero_size_ram = (_end - _edata)

.heap           0x20000240       0x80 load address 0x00002c50
                0x20000240                . = _end
                0x200002c0                . = (. + 0x80)
 *fill*         0x20000240       0x80 
                0x200002c0                __cy_heap_limit = .

.stack          0x20000c00      0x400
                0x20000c00                __cy_stack_limit = .
                0x20001000                . = (. + 0x400)
 *fill*         0x20000c00      0x400 
                0x00000001                ASSERT ((__cy_stack_limit >= __cy_heap_limit), region RAM overflowed with stack)
                0x00000000                cy_checksum_exclude_size = (CY_APPL_LOADABLE == 0x1)?SIZEOF (.cy_checksum_exclude):0x0
                0x00000001                ASSERT ((cy_checksum_exclude_size <= CY_CHECKSUM_EXCLUDE_SIZE), CY_BOOT: Section .cy_checksum_exclude size exceedes specified limit.)
                0x00007fc0                cyloadermeta_start = (cy_project_type_bootloader || cy_project_type_app_for_stack_and_copier)?(0x8000 - CY_METADATA_SIZE):0xf0000000

.cyloadermeta
 *(.cyloadermeta)
                0x00007fc0                cyloadablemeta_start = cy_project_type_app_for_stack_and_copier?((0x8000 - CY_FLASH_ROW_SIZE) - CY_METADATA_SIZE):((0x8000 - (CY_FLASH_ROW_SIZE * (CY_APPL_NUM - 0x1))) - CY_METADATA_SIZE)

.cyloadablemeta
 *(.cyloadablemeta)

.cyflashprotect
                0x90400000       0x20
 *(.cyflashprotect)
 .cyflashprotect
                0x90400000       0x20 .\CortexM0\ARM_GCC_493\Debug\cymetadata.o
                0x90400000                cy_meta_flashprotect

.cymeta         0x90500000        0xc
 *(.cymeta)
 .cymeta        0x90500000        0xc .\CortexM0\ARM_GCC_493\Debug\cymetadata.o
                0x90500000                cy_metadata

.cychipprotect  0x90600000        0x4
 *(.cychipprotect)
 .cychipprotect
                0x90600000        0x4 .\CortexM0\ARM_GCC_493\Debug\cymetadata.o
                0x90600000                cy_meta_chipprotect

.rel.dyn        0x00002c50        0x0 load address 0x90600004
 .rel.iplt      0x00000000        0x0 c:/program files (x86)/cypress/psoc creator/3.3/psoc creator/import/gnu/arm/4.9.3/bin/../lib/gcc/arm-none-eabi/4.9.3/armv6-m/crtbegin.o

.stab
 *(.stab)

.stabstr
 *(.stabstr)

.debug
 *(.debug)

.line
 *(.line)

.debug_srcinfo
 *(.debug_srcinfo)

.debug_sfnames
 *(.debug_sfnames)

.debug_aranges  0x00000000      0x848
 *(.debug_aranges)
 .debug_aranges
                0x00000000       0x38 .\CortexM0\ARM_GCC_493\Debug\main.o
 .debug_aranges
                0x00000038       0x18 .\CortexM0\ARM_GCC_493\Debug\cymetadata.o
 .debug_aranges
                0x00000050       0x48 .\CortexM0\ARM_GCC_493\Debug\Cm0Start.o
 .debug_aranges
                0x00000098       0x48 .\CortexM0\ARM_GCC_493\Debug\track.a(cyfitter_cfg.o)
 .debug_aranges
                0x000000e0       0x28 .\CortexM0\ARM_GCC_493\Debug\track.a(LCD_Char_1_BarGraph.o)
 .debug_aranges
                0x00000108       0x98 .\CortexM0\ARM_GCC_493\Debug\track.a(LCD_Char_1.o)
 .debug_aranges
                0x000001a0       0x40 .\CortexM0\ARM_GCC_493\Debug\track.a(Clock_1.o)
 .debug_aranges
                0x000001e0       0xa8 .\CortexM0\ARM_GCC_493\Debug\track.a(ADC_SAR_Seq_1.o)
 .debug_aranges
                0x00000288       0x20 .\CortexM0\ARM_GCC_493\Debug\track.a(ADC_SAR_Seq_1_INT.o)
 .debug_aranges
                0x000002a8      0x158 .\CortexM0\ARM_GCC_493\Debug\track.a(PWM_1.o)
 .debug_aranges
                0x00000400      0x158 .\CortexM0\ARM_GCC_493\Debug\track.a(PWM_2.o)
 .debug_aranges
                0x00000558       0x40 .\CortexM0\ARM_GCC_493\Debug\track.a(Clock_2.o)
 .debug_aranges
                0x00000598       0x20 .\CortexM0\ARM_GCC_493\Debug\track.a(CyBootAsmGnu.o)
 .debug_aranges
                0x000005b8      0x170 .\CortexM0\ARM_GCC_493\Debug\track.a(CyLib.o)
 .debug_aranges
                0x00000728      0x120 .\CortexM0\ARM_GCC_493\Debug\track.a(CyLFClk.o)

.debug_pubnames
 *(.debug_pubnames)

.debug_info     0x00000000     0x4cca
 *(.debug_info .gnu.linkonce.wi.*)
 .debug_info    0x00000000      0x862 .\CortexM0\ARM_GCC_493\Debug\main.o
 .debug_info    0x00000862       0xfd .\CortexM0\ARM_GCC_493\Debug\cymetadata.o
 .debug_info    0x0000095f      0x38a .\CortexM0\ARM_GCC_493\Debug\Cm0Start.o
 .debug_info    0x00000ce9      0x41d .\CortexM0\ARM_GCC_493\Debug\track.a(cyfitter_cfg.o)
 .debug_info    0x00001106      0x245 .\CortexM0\ARM_GCC_493\Debug\track.a(LCD_Char_1_BarGraph.o)
 .debug_info    0x0000134b      0x76b .\CortexM0\ARM_GCC_493\Debug\track.a(LCD_Char_1.o)
 .debug_info    0x00001ab6      0x14b .\CortexM0\ARM_GCC_493\Debug\track.a(Clock_1.o)
 .debug_info    0x00001c01      0x5b8 .\CortexM0\ARM_GCC_493\Debug\track.a(ADC_SAR_Seq_1.o)
 .debug_info    0x000021b9       0xc3 .\CortexM0\ARM_GCC_493\Debug\track.a(ADC_SAR_Seq_1_INT.o)
 .debug_info    0x0000227c      0x902 .\CortexM0\ARM_GCC_493\Debug\track.a(PWM_1.o)
 .debug_info    0x00002b7e      0x902 .\CortexM0\ARM_GCC_493\Debug\track.a(PWM_2.o)
 .debug_info    0x00003480      0x14b .\CortexM0\ARM_GCC_493\Debug\track.a(Clock_2.o)
 .debug_info    0x000035cb       0x7e .\CortexM0\ARM_GCC_493\Debug\track.a(CyBootAsmGnu.o)
 .debug_info    0x00003649      0xa61 .\CortexM0\ARM_GCC_493\Debug\track.a(CyLib.o)
 .debug_info    0x000040aa      0xc20 .\CortexM0\ARM_GCC_493\Debug\track.a(CyLFClk.o)

.debug_abbrev   0x00000000     0x1371
 *(.debug_abbrev)
 .debug_abbrev  0x00000000      0x1aa .\CortexM0\ARM_GCC_493\Debug\main.o
 .debug_abbrev  0x000001aa       0x5d .\CortexM0\ARM_GCC_493\Debug\cymetadata.o
 .debug_abbrev  0x00000207      0x1fe .\CortexM0\ARM_GCC_493\Debug\Cm0Start.o
 .debug_abbrev  0x00000405      0x1f3 .\CortexM0\ARM_GCC_493\Debug\track.a(cyfitter_cfg.o)
 .debug_abbrev  0x000005f8      0x136 .\CortexM0\ARM_GCC_493\Debug\track.a(LCD_Char_1_BarGraph.o)
 .debug_abbrev  0x0000072e      0x198 .\CortexM0\ARM_GCC_493\Debug\track.a(LCD_Char_1.o)
 .debug_abbrev  0x000008c6       0xc4 .\CortexM0\ARM_GCC_493\Debug\track.a(Clock_1.o)
 .debug_abbrev  0x0000098a      0x1ea .\CortexM0\ARM_GCC_493\Debug\track.a(ADC_SAR_Seq_1.o)
 .debug_abbrev  0x00000b74       0x72 .\CortexM0\ARM_GCC_493\Debug\track.a(ADC_SAR_Seq_1_INT.o)
 .debug_abbrev  0x00000be6      0x140 .\CortexM0\ARM_GCC_493\Debug\track.a(PWM_1.o)
 .debug_abbrev  0x00000d26      0x140 .\CortexM0\ARM_GCC_493\Debug\track.a(PWM_2.o)
 .debug_abbrev  0x00000e66       0xc4 .\CortexM0\ARM_GCC_493\Debug\track.a(Clock_2.o)
 .debug_abbrev  0x00000f2a       0x14 .\CortexM0\ARM_GCC_493\Debug\track.a(CyBootAsmGnu.o)
 .debug_abbrev  0x00000f3e      0x20d .\CortexM0\ARM_GCC_493\Debug\track.a(CyLib.o)
 .debug_abbrev  0x0000114b      0x226 .\CortexM0\ARM_GCC_493\Debug\track.a(CyLFClk.o)

.debug_line     0x00000000     0x1d13
 *(.debug_line)
 .debug_line    0x00000000      0x1e3 .\CortexM0\ARM_GCC_493\Debug\main.o
 .debug_line    0x000001e3       0x53 .\CortexM0\ARM_GCC_493\Debug\cymetadata.o
 .debug_line    0x00000236      0x248 .\CortexM0\ARM_GCC_493\Debug\Cm0Start.o
 .debug_line    0x0000047e      0x194 .\CortexM0\ARM_GCC_493\Debug\track.a(cyfitter_cfg.o)
 .debug_line    0x00000612       0xcf .\CortexM0\ARM_GCC_493\Debug\track.a(LCD_Char_1_BarGraph.o)
 .debug_line    0x000006e1      0x200 .\CortexM0\ARM_GCC_493\Debug\track.a(LCD_Char_1.o)
 .debug_line    0x000008e1       0xc6 .\CortexM0\ARM_GCC_493\Debug\track.a(Clock_1.o)
 .debug_line    0x000009a7      0x2a5 .\CortexM0\ARM_GCC_493\Debug\track.a(ADC_SAR_Seq_1.o)
 .debug_line    0x00000c4c       0x6e .\CortexM0\ARM_GCC_493\Debug\track.a(ADC_SAR_Seq_1_INT.o)
 .debug_line    0x00000cba      0x380 .\CortexM0\ARM_GCC_493\Debug\track.a(PWM_1.o)
 .debug_line    0x0000103a      0x380 .\CortexM0\ARM_GCC_493\Debug\track.a(PWM_2.o)
 .debug_line    0x000013ba       0xc6 .\CortexM0\ARM_GCC_493\Debug\track.a(Clock_2.o)
 .debug_line    0x00001480       0x69 .\CortexM0\ARM_GCC_493\Debug\track.a(CyBootAsmGnu.o)
 .debug_line    0x000014e9      0x42c .\CortexM0\ARM_GCC_493\Debug\track.a(CyLib.o)
 .debug_line    0x00001915      0x3fe .\CortexM0\ARM_GCC_493\Debug\track.a(CyLFClk.o)

.debug_frame    0x00000000     0x1b0c
 *(.debug_frame)
 .debug_frame   0x00000000       0x8c .\CortexM0\ARM_GCC_493\Debug\main.o
 .debug_frame   0x0000008c       0xb0 .\CortexM0\ARM_GCC_493\Debug\Cm0Start.o
 .debug_frame   0x0000013c       0xb4 .\CortexM0\ARM_GCC_493\Debug\track.a(cyfitter_cfg.o)
 .debug_frame   0x000001f0       0x58 .\CortexM0\ARM_GCC_493\Debug\track.a(LCD_Char_1_BarGraph.o)
 .debug_frame   0x00000248      0x1f0 .\CortexM0\ARM_GCC_493\Debug\track.a(LCD_Char_1.o)
 .debug_frame   0x00000438       0x60 .\CortexM0\ARM_GCC_493\Debug\track.a(Clock_1.o)
 .debug_frame   0x00000498      0x1b0 .\CortexM0\ARM_GCC_493\Debug\track.a(ADC_SAR_Seq_1.o)
 .debug_frame   0x00000648       0x20 .\CortexM0\ARM_GCC_493\Debug\track.a(ADC_SAR_Seq_1_INT.o)
 .debug_frame   0x00000668      0x390 .\CortexM0\ARM_GCC_493\Debug\track.a(PWM_1.o)
 .debug_frame   0x000009f8      0x390 .\CortexM0\ARM_GCC_493\Debug\track.a(PWM_2.o)
 .debug_frame   0x00000d88       0x60 .\CortexM0\ARM_GCC_493\Debug\track.a(Clock_2.o)
 .debug_frame   0x00000de8      0x3b4 .\CortexM0\ARM_GCC_493\Debug\track.a(CyLib.o)
 .debug_frame   0x0000119c      0x368 .\CortexM0\ARM_GCC_493\Debug\track.a(CyLFClk.o)
 .debug_frame   0x00001504       0x20 c:/program files (x86)/cypress/psoc creator/3.3/psoc creator/import/gnu/arm/4.9.3/bin/../lib/gcc/arm-none-eabi/4.9.3/armv6-m\libgcc.a(_udivsi3.o)
 .debug_frame   0x00001524       0x20 c:/program files (x86)/cypress/psoc creator/3.3/psoc creator/import/gnu/arm/4.9.3/bin/../lib/gcc/arm-none-eabi/4.9.3/armv6-m\libgcc.a(_divsi3.o)
 .debug_frame   0x00001544       0x34 c:/program files (x86)/cypress/psoc creator/3.3/psoc creator/import/gnu/arm/4.9.3/bin/../lib/gcc/arm-none-eabi/4.9.3/armv6-m\libgcc.a(_muldi3.o)
 .debug_frame   0x00001578       0x50 c:/program files (x86)/cypress/psoc creator/3.3/psoc creator/import/gnu/arm/4.9.3/bin/../lib/gcc/arm-none-eabi/4.9.3/armv6-m\libgcc.a(bpabi.o)
 .debug_frame   0x000015c8       0x3c c:/program files (x86)/cypress/psoc creator/3.3/psoc creator/import/gnu/arm/4.9.3/bin/../lib/gcc/arm-none-eabi/4.9.3/armv6-m\libgcc.a(divsf3.o)
 .debug_frame   0x00001604       0x3c c:/program files (x86)/cypress/psoc creator/3.3/psoc creator/import/gnu/arm/4.9.3/bin/../lib/gcc/arm-none-eabi/4.9.3/armv6-m\libgcc.a(mulsf3.o)
 .debug_frame   0x00001640       0x20 c:/program files (x86)/cypress/psoc creator/3.3/psoc creator/import/gnu/arm/4.9.3/bin/../lib/gcc/arm-none-eabi/4.9.3/armv6-m\libgcc.a(fixsfsi.o)
 .debug_frame   0x00001660       0x2c c:/program files (x86)/cypress/psoc creator/3.3/psoc creator/import/gnu/arm/4.9.3/bin/../lib/gcc/arm-none-eabi/4.9.3/armv6-m\libgcc.a(floatsisf.o)
 .debug_frame   0x0000168c       0x3c c:/program files (x86)/cypress/psoc creator/3.3/psoc creator/import/gnu/arm/4.9.3/bin/../lib/gcc/arm-none-eabi/4.9.3/armv6-m\libgcc.a(divdf3.o)
 .debug_frame   0x000016c8       0x3c c:/program files (x86)/cypress/psoc creator/3.3/psoc creator/import/gnu/arm/4.9.3/bin/../lib/gcc/arm-none-eabi/4.9.3/armv6-m\libgcc.a(muldf3.o)
 .debug_frame   0x00001704       0x2c c:/program files (x86)/cypress/psoc creator/3.3/psoc creator/import/gnu/arm/4.9.3/bin/../lib/gcc/arm-none-eabi/4.9.3/armv6-m\libgcc.a(floatsidf.o)
 .debug_frame   0x00001730       0x2c c:/program files (x86)/cypress/psoc creator/3.3/psoc creator/import/gnu/arm/4.9.3/bin/../lib/gcc/arm-none-eabi/4.9.3/armv6-m\libgcc.a(truncdfsf2.o)
 .debug_frame   0x0000175c       0x3c c:/program files (x86)/cypress/psoc creator/3.3/psoc creator/import/gnu/arm/4.9.3/bin/../lib/gcc/arm-none-eabi/4.9.3/armv6-m\libgcc.a(_divdi3.o)
 .debug_frame   0x00001798       0x3c c:/program files (x86)/cypress/psoc creator/3.3/psoc creator/import/gnu/arm/4.9.3/bin/../lib/gcc/arm-none-eabi/4.9.3/armv6-m\libgcc.a(_udivdi3.o)
 .debug_frame   0x000017d4       0x20 c:/program files (x86)/cypress/psoc creator/3.3/psoc creator/import/gnu/arm/4.9.3/bin/../lib/gcc/arm-none-eabi/4.9.3/../../../../arm-none-eabi/lib/armv6-m\libg_nano.a(lib_a-errno.o)
 .debug_frame   0x000017f4       0x28 c:/program files (x86)/cypress/psoc creator/3.3/psoc creator/import/gnu/arm/4.9.3/bin/../lib/gcc/arm-none-eabi/4.9.3/../../../../arm-none-eabi/lib/armv6-m\libg_nano.a(lib_a-exit.o)
 .debug_frame   0x0000181c       0x2c c:/program files (x86)/cypress/psoc creator/3.3/psoc creator/import/gnu/arm/4.9.3/bin/../lib/gcc/arm-none-eabi/4.9.3/../../../../arm-none-eabi/lib/armv6-m\libg_nano.a(lib_a-init.o)
 .debug_frame   0x00001848       0x20 c:/program files (x86)/cypress/psoc creator/3.3/psoc creator/import/gnu/arm/4.9.3/bin/../lib/gcc/arm-none-eabi/4.9.3/../../../../arm-none-eabi/lib/armv6-m\libg_nano.a(lib_a-memset.o)
 .debug_frame   0x00001868       0x50 c:/program files (x86)/cypress/psoc creator/3.3/psoc creator/import/gnu/arm/4.9.3/bin/../lib/gcc/arm-none-eabi/4.9.3/../../../../arm-none-eabi/lib/armv6-m\libg_nano.a(lib_a-sprintf.o)
 .debug_frame   0x000018b8       0x74 c:/program files (x86)/cypress/psoc creator/3.3/psoc creator/import/gnu/arm/4.9.3/bin/../lib/gcc/arm-none-eabi/4.9.3/../../../../arm-none-eabi/lib/armv6-m\libg_nano.a(lib_a-nano-svfprintf.o)
 .debug_frame   0x0000192c       0x54 c:/program files (x86)/cypress/psoc creator/3.3/psoc creator/import/gnu/arm/4.9.3/bin/../lib/gcc/arm-none-eabi/4.9.3/../../../../arm-none-eabi/lib/armv6-m\libg_nano.a(lib_a-nano-vfprintf_i.o)
 .debug_frame   0x00001980       0x20 c:/program files (x86)/cypress/psoc creator/3.3/psoc creator/import/gnu/arm/4.9.3/bin/../lib/gcc/arm-none-eabi/4.9.3/../../../../arm-none-eabi/lib/armv6-m\libg_nano.a(lib_a-memchr.o)
 .debug_frame   0x000019a0       0x28 c:/program files (x86)/cypress/psoc creator/3.3/psoc creator/import/gnu/arm/4.9.3/bin/../lib/gcc/arm-none-eabi/4.9.3/../../../../arm-none-eabi/lib/armv6-m\libg_nano.a(lib_a-memcpy.o)
 .debug_frame   0x000019c8       0x28 c:/program files (x86)/cypress/psoc creator/3.3/psoc creator/import/gnu/arm/4.9.3/bin/../lib/gcc/arm-none-eabi/4.9.3/../../../../arm-none-eabi/lib/armv6-m\libg_nano.a(lib_a-memmove.o)
 .debug_frame   0x000019f0       0x2c c:/program files (x86)/cypress/psoc creator/3.3/psoc creator/import/gnu/arm/4.9.3/bin/../lib/gcc/arm-none-eabi/4.9.3/../../../../arm-none-eabi/lib/armv6-m\libg_nano.a(lib_a-nano-freer.o)
 .debug_frame   0x00001a1c       0x2c c:/program files (x86)/cypress/psoc creator/3.3/psoc creator/import/gnu/arm/4.9.3/bin/../lib/gcc/arm-none-eabi/4.9.3/../../../../arm-none-eabi/lib/armv6-m\libg_nano.a(lib_a-nano-mallocr.o)
 .debug_frame   0x00001a48       0x30 c:/program files (x86)/cypress/psoc creator/3.3/psoc creator/import/gnu/arm/4.9.3/bin/../lib/gcc/arm-none-eabi/4.9.3/../../../../arm-none-eabi/lib/armv6-m\libg_nano.a(lib_a-nano-reallocr.o)
 .debug_frame   0x00001a78       0x2c c:/program files (x86)/cypress/psoc creator/3.3/psoc creator/import/gnu/arm/4.9.3/bin/../lib/gcc/arm-none-eabi/4.9.3/../../../../arm-none-eabi/lib/armv6-m\libg_nano.a(lib_a-sbrkr.o)
 .debug_frame   0x00001aa4       0x20 c:/program files (x86)/cypress/psoc creator/3.3/psoc creator/import/gnu/arm/4.9.3/bin/../lib/gcc/arm-none-eabi/4.9.3/../../../../arm-none-eabi/lib/armv6-m\libg_nano.a(lib_a-nano-msizer.o)
 .debug_frame   0x00001ac4       0x48 c:/program files (x86)/cypress/psoc creator/3.3/psoc creator/import/gnu/arm/4.9.3/bin/../lib/gcc/arm-none-eabi/4.9.3/../../../../arm-none-eabi/lib/armv6-m\libg_nano.a(lib_a-reent.o)

.debug_str      0x00000000     0x1bc3
 *(.debug_str)
 .debug_str     0x00000000      0x319 .\CortexM0\ARM_GCC_493\Debug\main.o
                                0x364 (size before relaxing)
 .debug_str     0x00000319       0x5b .\CortexM0\ARM_GCC_493\Debug\cymetadata.o
                                0x1bc (size before relaxing)
 .debug_str     0x00000374      0x15c .\CortexM0\ARM_GCC_493\Debug\Cm0Start.o
                                0x2e3 (size before relaxing)
 .debug_str     0x000004d0      0x126 .\CortexM0\ARM_GCC_493\Debug\track.a(cyfitter_cfg.o)
                                0x2ec (size before relaxing)
 .debug_str     0x000005f6       0xbc .\CortexM0\ARM_GCC_493\Debug\track.a(LCD_Char_1_BarGraph.o)
                                0x281 (size before relaxing)
 .debug_str     0x000006b2      0x17f .\CortexM0\ARM_GCC_493\Debug\track.a(LCD_Char_1.o)
                                0x3cc (size before relaxing)
 .debug_str     0x00000831       0xbd .\CortexM0\ARM_GCC_493\Debug\track.a(Clock_1.o)
                                0x237 (size before relaxing)
 .debug_str     0x000008ee      0x286 .\CortexM0\ARM_GCC_493\Debug\track.a(ADC_SAR_Seq_1.o)
                                0x4b7 (size before relaxing)
 .debug_str     0x00000b74       0x4b .\CortexM0\ARM_GCC_493\Debug\track.a(ADC_SAR_Seq_1_INT.o)
                                0x1b3 (size before relaxing)
 .debug_str     0x00000bbf      0x3fb .\CortexM0\ARM_GCC_493\Debug\track.a(PWM_1.o)
                                0x593 (size before relaxing)
 .debug_str     0x00000fba      0x30a .\CortexM0\ARM_GCC_493\Debug\track.a(PWM_2.o)
                                0x593 (size before relaxing)
 .debug_str     0x000012c4       0x95 .\CortexM0\ARM_GCC_493\Debug\track.a(Clock_2.o)
                                0x237 (size before relaxing)
 .debug_str     0x00001359      0x402 .\CortexM0\ARM_GCC_493\Debug\track.a(CyLib.o)
                                0x637 (size before relaxing)
 .debug_str     0x0000175b      0x468 .\CortexM0\ARM_GCC_493\Debug\track.a(CyLFClk.o)
                                0x641 (size before relaxing)

.debug_loc      0x00000000     0x2491
 *(.debug_loc)
 .debug_loc     0x00000000       0x8f .\CortexM0\ARM_GCC_493\Debug\main.o
 .debug_loc     0x0000008f      0x14f .\CortexM0\ARM_GCC_493\Debug\Cm0Start.o
 .debug_loc     0x000001de      0x136 .\CortexM0\ARM_GCC_493\Debug\track.a(cyfitter_cfg.o)
 .debug_loc     0x00000314      0x135 .\CortexM0\ARM_GCC_493\Debug\track.a(LCD_Char_1_BarGraph.o)
 .debug_loc     0x00000449      0x3e3 .\CortexM0\ARM_GCC_493\Debug\track.a(LCD_Char_1.o)
 .debug_loc     0x0000082c       0x21 .\CortexM0\ARM_GCC_493\Debug\track.a(Clock_1.o)
 .debug_loc     0x0000084d      0x482 .\CortexM0\ARM_GCC_493\Debug\track.a(ADC_SAR_Seq_1.o)
 .debug_loc     0x00000ccf      0x547 .\CortexM0\ARM_GCC_493\Debug\track.a(PWM_1.o)
 .debug_loc     0x00001216      0x547 .\CortexM0\ARM_GCC_493\Debug\track.a(PWM_2.o)
 .debug_loc     0x0000175d       0x21 .\CortexM0\ARM_GCC_493\Debug\track.a(Clock_2.o)
 .debug_loc     0x0000177e      0x534 .\CortexM0\ARM_GCC_493\Debug\track.a(CyLib.o)
 .debug_loc     0x00001cb2      0x7df .\CortexM0\ARM_GCC_493\Debug\track.a(CyLFClk.o)

.debug_macinfo
 *(.debug_macinfo)

.debug_ranges   0x00000000      0x740
 *(.debug_ranges)
 .debug_ranges  0x00000000       0x28 .\CortexM0\ARM_GCC_493\Debug\main.o
 .debug_ranges  0x00000028       0x38 .\CortexM0\ARM_GCC_493\Debug\Cm0Start.o
 .debug_ranges  0x00000060       0x38 .\CortexM0\ARM_GCC_493\Debug\track.a(cyfitter_cfg.o)
 .debug_ranges  0x00000098       0x18 .\CortexM0\ARM_GCC_493\Debug\track.a(LCD_Char_1_BarGraph.o)
 .debug_ranges  0x000000b0       0x88 .\CortexM0\ARM_GCC_493\Debug\track.a(LCD_Char_1.o)
 .debug_ranges  0x00000138       0x30 .\CortexM0\ARM_GCC_493\Debug\track.a(Clock_1.o)
 .debug_ranges  0x00000168       0x98 .\CortexM0\ARM_GCC_493\Debug\track.a(ADC_SAR_Seq_1.o)
 .debug_ranges  0x00000200       0x10 .\CortexM0\ARM_GCC_493\Debug\track.a(ADC_SAR_Seq_1_INT.o)
 .debug_ranges  0x00000210      0x148 .\CortexM0\ARM_GCC_493\Debug\track.a(PWM_1.o)
 .debug_ranges  0x00000358      0x148 .\CortexM0\ARM_GCC_493\Debug\track.a(PWM_2.o)
 .debug_ranges  0x000004a0       0x30 .\CortexM0\ARM_GCC_493\Debug\track.a(Clock_2.o)
 .debug_ranges  0x000004d0      0x160 .\CortexM0\ARM_GCC_493\Debug\track.a(CyLib.o)
 .debug_ranges  0x00000630      0x110 .\CortexM0\ARM_GCC_493\Debug\track.a(CyLFClk.o)

.comment        0x00000000       0x70
 .comment       0x00000000       0x70 .\CortexM0\ARM_GCC_493\Debug\main.o
                                 0x71 (size before relaxing)
 .comment       0x00000000       0x71 .\CortexM0\ARM_GCC_493\Debug\cymetadata.o
 .comment       0x00000000       0x71 .\CortexM0\ARM_GCC_493\Debug\Cm0Start.o
 .comment       0x00000000       0x71 .\CortexM0\ARM_GCC_493\Debug\track.a(cyfitter_cfg.o)
 .comment       0x00000000       0x71 .\CortexM0\ARM_GCC_493\Debug\track.a(LCD_Char_1_BarGraph.o)
 .comment       0x00000000       0x71 .\CortexM0\ARM_GCC_493\Debug\track.a(LCD_Char_1.o)
 .comment       0x00000000       0x71 .\CortexM0\ARM_GCC_493\Debug\track.a(Clock_1.o)
 .comment       0x00000000       0x71 .\CortexM0\ARM_GCC_493\Debug\track.a(ADC_SAR_Seq_1.o)
 .comment       0x00000000       0x71 .\CortexM0\ARM_GCC_493\Debug\track.a(ADC_SAR_Seq_1_INT.o)
 .comment       0x00000000       0x71 .\CortexM0\ARM_GCC_493\Debug\track.a(PWM_1.o)
 .comment       0x00000000       0x71 .\CortexM0\ARM_GCC_493\Debug\track.a(PWM_2.o)
 .comment       0x00000000       0x71 .\CortexM0\ARM_GCC_493\Debug\track.a(Clock_2.o)
 .comment       0x00000000       0x71 .\CortexM0\ARM_GCC_493\Debug\track.a(CyLib.o)
 .comment       0x00000000       0x71 .\CortexM0\ARM_GCC_493\Debug\track.a(CyLFClk.o)

.debug_weaknames
 *(.debug_weaknames)

.debug_funcnames
 *(.debug_funcnames)

.debug_typenames
 *(.debug_typenames)

.debug_varnames
 *(.debug_varnames)

.note.gnu.arm.ident
 *(.note.gnu.arm.ident)

.ARM.attributes
                0x00000000       0x28
 *(.ARM.attributes)
 .ARM.attributes
                0x00000000       0x1e c:/program files (x86)/cypress/psoc creator/3.3/psoc creator/import/gnu/arm/4.9.3/bin/../lib/gcc/arm-none-eabi/4.9.3/armv6-m/crti.o
 .ARM.attributes
                0x0000001e       0x2c c:/program files (x86)/cypress/psoc creator/3.3/psoc creator/import/gnu/arm/4.9.3/bin/../lib/gcc/arm-none-eabi/4.9.3/armv6-m/crtbegin.o
 .ARM.attributes
                0x0000004a       0x1b c:/program files (x86)/cypress/psoc creator/3.3/psoc creator/import/gnu/arm/4.9.3/bin/../lib/gcc/arm-none-eabi/4.9.3/../../../../arm-none-eabi/lib/armv6-m/crt0.o
 .ARM.attributes
                0x00000065       0x31 .\CortexM0\ARM_GCC_493\Debug\main.o
 .ARM.attributes
                0x00000096       0x31 .\CortexM0\ARM_GCC_493\Debug\cymetadata.o
 .ARM.attributes
                0x000000c7       0x31 .\CortexM0\ARM_GCC_493\Debug\Cm0Start.o
 .ARM.attributes
                0x000000f8       0x31 .\CortexM0\ARM_GCC_493\Debug\track.a(cyfitter_cfg.o)
 .ARM.attributes
                0x00000129       0x31 .\CortexM0\ARM_GCC_493\Debug\track.a(LCD_Char_1_BarGraph.o)
 .ARM.attributes
                0x0000015a       0x31 .\CortexM0\ARM_GCC_493\Debug\track.a(LCD_Char_1.o)
 .ARM.attributes
                0x0000018b       0x31 .\CortexM0\ARM_GCC_493\Debug\track.a(Clock_1.o)
 .ARM.attributes
                0x000001bc       0x31 .\CortexM0\ARM_GCC_493\Debug\track.a(ADC_SAR_Seq_1.o)
 .ARM.attributes
                0x000001ed       0x31 .\CortexM0\ARM_GCC_493\Debug\track.a(ADC_SAR_Seq_1_INT.o)
 .ARM.attributes
                0x0000021e       0x31 .\CortexM0\ARM_GCC_493\Debug\track.a(PWM_1.o)
 .ARM.attributes
                0x0000024f       0x31 .\CortexM0\ARM_GCC_493\Debug\track.a(PWM_2.o)
 .ARM.attributes
                0x00000280       0x31 .\CortexM0\ARM_GCC_493\Debug\track.a(Clock_2.o)
 .ARM.attributes
                0x000002b1       0x21 .\CortexM0\ARM_GCC_493\Debug\track.a(CyBootAsmGnu.o)
 .ARM.attributes
                0x000002d2       0x31 .\CortexM0\ARM_GCC_493\Debug\track.a(CyLib.o)
 .ARM.attributes
                0x00000303       0x31 .\CortexM0\ARM_GCC_493\Debug\track.a(CyLFClk.o)
 .ARM.attributes
                0x00000334       0x1e c:/program files (x86)/cypress/psoc creator/3.3/psoc creator/import/gnu/arm/4.9.3/bin/../lib/gcc/arm-none-eabi/4.9.3/armv6-m\libgcc.a(_udivsi3.o)
 .ARM.attributes
                0x00000352       0x1e c:/program files (x86)/cypress/psoc creator/3.3/psoc creator/import/gnu/arm/4.9.3/bin/../lib/gcc/arm-none-eabi/4.9.3/armv6-m\libgcc.a(_divsi3.o)
 .ARM.attributes
                0x00000370       0x1e c:/program files (x86)/cypress/psoc creator/3.3/psoc creator/import/gnu/arm/4.9.3/bin/../lib/gcc/arm-none-eabi/4.9.3/armv6-m\libgcc.a(_dvmd_tls.o)
 .ARM.attributes
                0x0000038e       0x1e c:/program files (x86)/cypress/psoc creator/3.3/psoc creator/import/gnu/arm/4.9.3/bin/../lib/gcc/arm-none-eabi/4.9.3/armv6-m\libgcc.a(_aeabi_ldivmod.o)
 .ARM.attributes
                0x000003ac       0x2c c:/program files (x86)/cypress/psoc creator/3.3/psoc creator/import/gnu/arm/4.9.3/bin/../lib/gcc/arm-none-eabi/4.9.3/armv6-m\libgcc.a(_muldi3.o)
 .ARM.attributes
                0x000003d8       0x2c c:/program files (x86)/cypress/psoc creator/3.3/psoc creator/import/gnu/arm/4.9.3/bin/../lib/gcc/arm-none-eabi/4.9.3/armv6-m\libgcc.a(bpabi.o)
 .ARM.attributes
                0x00000404       0x2c c:/program files (x86)/cypress/psoc creator/3.3/psoc creator/import/gnu/arm/4.9.3/bin/../lib/gcc/arm-none-eabi/4.9.3/armv6-m\libgcc.a(divsf3.o)
 .ARM.attributes
                0x00000430       0x2c c:/program files (x86)/cypress/psoc creator/3.3/psoc creator/import/gnu/arm/4.9.3/bin/../lib/gcc/arm-none-eabi/4.9.3/armv6-m\libgcc.a(mulsf3.o)
 .ARM.attributes
                0x0000045c       0x2c c:/program files (x86)/cypress/psoc creator/3.3/psoc creator/import/gnu/arm/4.9.3/bin/../lib/gcc/arm-none-eabi/4.9.3/armv6-m\libgcc.a(fixsfsi.o)
 .ARM.attributes
                0x00000488       0x2c c:/program files (x86)/cypress/psoc creator/3.3/psoc creator/import/gnu/arm/4.9.3/bin/../lib/gcc/arm-none-eabi/4.9.3/armv6-m\libgcc.a(floatsisf.o)
 .ARM.attributes
                0x000004b4       0x2c c:/program files (x86)/cypress/psoc creator/3.3/psoc creator/import/gnu/arm/4.9.3/bin/../lib/gcc/arm-none-eabi/4.9.3/armv6-m\libgcc.a(divdf3.o)
 .ARM.attributes
                0x000004e0       0x2c c:/program files (x86)/cypress/psoc creator/3.3/psoc creator/import/gnu/arm/4.9.3/bin/../lib/gcc/arm-none-eabi/4.9.3/armv6-m\libgcc.a(muldf3.o)
 .ARM.attributes
                0x0000050c       0x2c c:/program files (x86)/cypress/psoc creator/3.3/psoc creator/import/gnu/arm/4.9.3/bin/../lib/gcc/arm-none-eabi/4.9.3/armv6-m\libgcc.a(floatsidf.o)
 .ARM.attributes
                0x00000538       0x2c c:/program files (x86)/cypress/psoc creator/3.3/psoc creator/import/gnu/arm/4.9.3/bin/../lib/gcc/arm-none-eabi/4.9.3/armv6-m\libgcc.a(truncdfsf2.o)
 .ARM.attributes
                0x00000564       0x1e c:/program files (x86)/cypress/psoc creator/3.3/psoc creator/import/gnu/arm/4.9.3/bin/../lib/gcc/arm-none-eabi/4.9.3/armv6-m\libgcc.a(_clzsi2.o)
 .ARM.attributes
                0x00000582       0x2c c:/program files (x86)/cypress/psoc creator/3.3/psoc creator/import/gnu/arm/4.9.3/bin/../lib/gcc/arm-none-eabi/4.9.3/armv6-m\libgcc.a(_divdi3.o)
 .ARM.attributes
                0x000005ae       0x2c c:/program files (x86)/cypress/psoc creator/3.3/psoc creator/import/gnu/arm/4.9.3/bin/../lib/gcc/arm-none-eabi/4.9.3/armv6-m\libgcc.a(_udivdi3.o)
 .ARM.attributes
                0x000005da       0x1e c:/program files (x86)/cypress/psoc creator/3.3/psoc creator/import/gnu/arm/4.9.3/bin/../lib/gcc/arm-none-eabi/4.9.3/armv6-m\libgcc.a(_clzdi2.o)
 .ARM.attributes
                0x000005f8       0x2c c:/program files (x86)/cypress/psoc creator/3.3/psoc creator/import/gnu/arm/4.9.3/bin/../lib/gcc/arm-none-eabi/4.9.3/../../../../arm-none-eabi/lib/armv6-m\libg_nano.a(lib_a-errno.o)
 .ARM.attributes
                0x00000624       0x2c c:/program files (x86)/cypress/psoc creator/3.3/psoc creator/import/gnu/arm/4.9.3/bin/../lib/gcc/arm-none-eabi/4.9.3/../../../../arm-none-eabi/lib/armv6-m\libg_nano.a(lib_a-exit.o)
 .ARM.attributes
                0x00000650       0x2c c:/program files (x86)/cypress/psoc creator/3.3/psoc creator/import/gnu/arm/4.9.3/bin/../lib/gcc/arm-none-eabi/4.9.3/../../../../arm-none-eabi/lib/armv6-m\libg_nano.a(lib_a-impure.o)
 .ARM.attributes
                0x0000067c       0x2c c:/program files (x86)/cypress/psoc creator/3.3/psoc creator/import/gnu/arm/4.9.3/bin/../lib/gcc/arm-none-eabi/4.9.3/../../../../arm-none-eabi/lib/armv6-m\libg_nano.a(lib_a-init.o)
 .ARM.attributes
                0x000006a8       0x2c c:/program files (x86)/cypress/psoc creator/3.3/psoc creator/import/gnu/arm/4.9.3/bin/../lib/gcc/arm-none-eabi/4.9.3/../../../../arm-none-eabi/lib/armv6-m\libg_nano.a(lib_a-memset.o)
 .ARM.attributes
                0x000006d4       0x2c c:/program files (x86)/cypress/psoc creator/3.3/psoc creator/import/gnu/arm/4.9.3/bin/../lib/gcc/arm-none-eabi/4.9.3/../../../../arm-none-eabi/lib/armv6-m\libg_nano.a(lib_a-sprintf.o)
 .ARM.attributes
                0x00000700       0x2c c:/program files (x86)/cypress/psoc creator/3.3/psoc creator/import/gnu/arm/4.9.3/bin/../lib/gcc/arm-none-eabi/4.9.3/../../../../arm-none-eabi/lib/armv6-m\libg_nano.a(lib_a-nano-svfprintf.o)
 .ARM.attributes
                0x0000072c       0x2c c:/program files (x86)/cypress/psoc creator/3.3/psoc creator/import/gnu/arm/4.9.3/bin/../lib/gcc/arm-none-eabi/4.9.3/../../../../arm-none-eabi/lib/armv6-m\libg_nano.a(lib_a-nano-vfprintf_i.o)
 .ARM.attributes
                0x00000758       0x2c c:/program files (x86)/cypress/psoc creator/3.3/psoc creator/import/gnu/arm/4.9.3/bin/../lib/gcc/arm-none-eabi/4.9.3/../../../../arm-none-eabi/lib/armv6-m\libg_nano.a(lib_a-memchr.o)
 .ARM.attributes
                0x00000784       0x2c c:/program files (x86)/cypress/psoc creator/3.3/psoc creator/import/gnu/arm/4.9.3/bin/../lib/gcc/arm-none-eabi/4.9.3/../../../../arm-none-eabi/lib/armv6-m\libg_nano.a(lib_a-memcpy.o)
 .ARM.attributes
                0x000007b0       0x2c c:/program files (x86)/cypress/psoc creator/3.3/psoc creator/import/gnu/arm/4.9.3/bin/../lib/gcc/arm-none-eabi/4.9.3/../../../../arm-none-eabi/lib/armv6-m\libg_nano.a(lib_a-memmove.o)
 .ARM.attributes
                0x000007dc       0x2c c:/program files (x86)/cypress/psoc creator/3.3/psoc creator/import/gnu/arm/4.9.3/bin/../lib/gcc/arm-none-eabi/4.9.3/../../../../arm-none-eabi/lib/armv6-m\libg_nano.a(lib_a-nano-freer.o)
 .ARM.attributes
                0x00000808       0x2c c:/program files (x86)/cypress/psoc creator/3.3/psoc creator/import/gnu/arm/4.9.3/bin/../lib/gcc/arm-none-eabi/4.9.3/../../../../arm-none-eabi/lib/armv6-m\libg_nano.a(lib_a-nano-mallocr.o)
 .ARM.attributes
                0x00000834       0x2c c:/program files (x86)/cypress/psoc creator/3.3/psoc creator/import/gnu/arm/4.9.3/bin/../lib/gcc/arm-none-eabi/4.9.3/../../../../arm-none-eabi/lib/armv6-m\libg_nano.a(lib_a-nano-reallocr.o)
 .ARM.attributes
                0x00000860       0x2c c:/program files (x86)/cypress/psoc creator/3.3/psoc creator/import/gnu/arm/4.9.3/bin/../lib/gcc/arm-none-eabi/4.9.3/../../../../arm-none-eabi/lib/armv6-m\libg_nano.a(lib_a-sbrkr.o)
 .ARM.attributes
                0x0000088c       0x2c c:/program files (x86)/cypress/psoc creator/3.3/psoc creator/import/gnu/arm/4.9.3/bin/../lib/gcc/arm-none-eabi/4.9.3/../../../../arm-none-eabi/lib/armv6-m\libg_nano.a(lib_a-nano-msizer.o)
 .ARM.attributes
                0x000008b8       0x2c c:/program files (x86)/cypress/psoc creator/3.3/psoc creator/import/gnu/arm/4.9.3/bin/../lib/gcc/arm-none-eabi/4.9.3/../../../../arm-none-eabi/lib/armv6-m\libg_nano.a(lib_a-reent.o)
 .ARM.attributes
                0x000008e4       0x2c c:/program files (x86)/cypress/psoc creator/3.3/psoc creator/import/gnu/arm/4.9.3/bin/../lib/gcc/arm-none-eabi/4.9.3/armv6-m/crtend.o
 .ARM.attributes
                0x00000910       0x1e c:/program files (x86)/cypress/psoc creator/3.3/psoc creator/import/gnu/arm/4.9.3/bin/../lib/gcc/arm-none-eabi/4.9.3/armv6-m/crtn.o

/DISCARD/
 *(.note.GNU-stack)
OUTPUT(.\CortexM0\ARM_GCC_493\Debug\track.elf elf32-littlearm)
