ARM GAS  C:\Users\ÑÏÍþºÀ\AppData\Local\Temp\ccV92stp.s 			page 1


   1              		.cpu cortex-m0
   2              		.fpu softvfp
   3              		.eabi_attribute 20, 1
   4              		.eabi_attribute 21, 1
   5              		.eabi_attribute 23, 3
   6              		.eabi_attribute 24, 1
   7              		.eabi_attribute 25, 1
   8              		.eabi_attribute 26, 1
   9              		.eabi_attribute 30, 1
  10              		.eabi_attribute 34, 0
  11              		.eabi_attribute 18, 4
  12              		.code	16
  13              		.file	"isr_1.c"
  14              		.text
  15              	.Ltext0:
  16              		.cfi_sections	.debug_frame
  17              		.section	.text.isr_1_Interrupt,"ax",%progbits
  18              		.align	2
  19              		.global	isr_1_Interrupt
  20              		.code	16
  21              		.thumb_func
  22              		.type	isr_1_Interrupt, %function
  23              	isr_1_Interrupt:
  24              	.LFB3:
  25              		.file 1 ".\\Generated_Source\\PSoC4\\isr_1.c"
   1:.\Generated_Source\PSoC4/isr_1.c **** /*******************************************************************************
   2:.\Generated_Source\PSoC4/isr_1.c **** * File Name: isr_1.c  
   3:.\Generated_Source\PSoC4/isr_1.c **** * Version 1.70
   4:.\Generated_Source\PSoC4/isr_1.c **** *
   5:.\Generated_Source\PSoC4/isr_1.c **** *  Description:
   6:.\Generated_Source\PSoC4/isr_1.c **** *   API for controlling the state of an interrupt.
   7:.\Generated_Source\PSoC4/isr_1.c **** *
   8:.\Generated_Source\PSoC4/isr_1.c **** *
   9:.\Generated_Source\PSoC4/isr_1.c **** *  Note:
  10:.\Generated_Source\PSoC4/isr_1.c **** *
  11:.\Generated_Source\PSoC4/isr_1.c **** ********************************************************************************
  12:.\Generated_Source\PSoC4/isr_1.c **** * Copyright 2008-2015, Cypress Semiconductor Corporation.  All rights reserved.
  13:.\Generated_Source\PSoC4/isr_1.c **** * You may use this file only in accordance with the license, terms, conditions, 
  14:.\Generated_Source\PSoC4/isr_1.c **** * disclaimers, and limitations in the end user license agreement accompanying 
  15:.\Generated_Source\PSoC4/isr_1.c **** * the software package with which this file was provided.
  16:.\Generated_Source\PSoC4/isr_1.c **** *******************************************************************************/
  17:.\Generated_Source\PSoC4/isr_1.c **** 
  18:.\Generated_Source\PSoC4/isr_1.c **** 
  19:.\Generated_Source\PSoC4/isr_1.c **** #include <cydevice_trm.h>
  20:.\Generated_Source\PSoC4/isr_1.c **** #include <CyLib.h>
  21:.\Generated_Source\PSoC4/isr_1.c **** #include <isr_1.h>
  22:.\Generated_Source\PSoC4/isr_1.c **** #include "cyapicallbacks.h"
  23:.\Generated_Source\PSoC4/isr_1.c **** 
  24:.\Generated_Source\PSoC4/isr_1.c **** #if !defined(isr_1__REMOVED) /* Check for removal by optimization */
  25:.\Generated_Source\PSoC4/isr_1.c **** 
  26:.\Generated_Source\PSoC4/isr_1.c **** /*******************************************************************************
  27:.\Generated_Source\PSoC4/isr_1.c **** *  Place your includes, defines and code here 
  28:.\Generated_Source\PSoC4/isr_1.c **** ********************************************************************************/
  29:.\Generated_Source\PSoC4/isr_1.c **** /* `#START isr_1_intc` */
  30:.\Generated_Source\PSoC4/isr_1.c **** 
  31:.\Generated_Source\PSoC4/isr_1.c **** /* `#END` */
  32:.\Generated_Source\PSoC4/isr_1.c **** 
ARM GAS  C:\Users\ÑÏÍþºÀ\AppData\Local\Temp\ccV92stp.s 			page 2


  33:.\Generated_Source\PSoC4/isr_1.c **** extern cyisraddress CyRamVectors[CYINT_IRQ_BASE + CY_NUM_INTERRUPTS];
  34:.\Generated_Source\PSoC4/isr_1.c **** 
  35:.\Generated_Source\PSoC4/isr_1.c **** /* Declared in startup, used to set unused interrupts to. */
  36:.\Generated_Source\PSoC4/isr_1.c **** CY_ISR_PROTO(IntDefaultHandler);
  37:.\Generated_Source\PSoC4/isr_1.c **** 
  38:.\Generated_Source\PSoC4/isr_1.c **** 
  39:.\Generated_Source\PSoC4/isr_1.c **** /*******************************************************************************
  40:.\Generated_Source\PSoC4/isr_1.c **** * Function Name: isr_1_Start
  41:.\Generated_Source\PSoC4/isr_1.c **** ********************************************************************************
  42:.\Generated_Source\PSoC4/isr_1.c **** *
  43:.\Generated_Source\PSoC4/isr_1.c **** * Summary:
  44:.\Generated_Source\PSoC4/isr_1.c **** *  Set up the interrupt and enable it. This function disables the interrupt, 
  45:.\Generated_Source\PSoC4/isr_1.c **** *  sets the default interrupt vector, sets the priority from the value in the
  46:.\Generated_Source\PSoC4/isr_1.c **** *  Design Wide Resources Interrupt Editor, then enables the interrupt to the 
  47:.\Generated_Source\PSoC4/isr_1.c **** *  interrupt controller.
  48:.\Generated_Source\PSoC4/isr_1.c **** *
  49:.\Generated_Source\PSoC4/isr_1.c **** * Parameters:  
  50:.\Generated_Source\PSoC4/isr_1.c **** *   None
  51:.\Generated_Source\PSoC4/isr_1.c **** *
  52:.\Generated_Source\PSoC4/isr_1.c **** * Return:
  53:.\Generated_Source\PSoC4/isr_1.c **** *   None
  54:.\Generated_Source\PSoC4/isr_1.c **** *
  55:.\Generated_Source\PSoC4/isr_1.c **** *******************************************************************************/
  56:.\Generated_Source\PSoC4/isr_1.c **** void isr_1_Start(void)
  57:.\Generated_Source\PSoC4/isr_1.c **** {
  58:.\Generated_Source\PSoC4/isr_1.c ****     /* For all we know the interrupt is active. */
  59:.\Generated_Source\PSoC4/isr_1.c ****     isr_1_Disable();
  60:.\Generated_Source\PSoC4/isr_1.c **** 
  61:.\Generated_Source\PSoC4/isr_1.c ****     /* Set the ISR to point to the isr_1 Interrupt. */
  62:.\Generated_Source\PSoC4/isr_1.c ****     isr_1_SetVector(&isr_1_Interrupt);
  63:.\Generated_Source\PSoC4/isr_1.c **** 
  64:.\Generated_Source\PSoC4/isr_1.c ****     /* Set the priority. */
  65:.\Generated_Source\PSoC4/isr_1.c ****     isr_1_SetPriority((uint8)isr_1_INTC_PRIOR_NUMBER);
  66:.\Generated_Source\PSoC4/isr_1.c **** 
  67:.\Generated_Source\PSoC4/isr_1.c ****     /* Enable it. */
  68:.\Generated_Source\PSoC4/isr_1.c ****     isr_1_Enable();
  69:.\Generated_Source\PSoC4/isr_1.c **** }
  70:.\Generated_Source\PSoC4/isr_1.c **** 
  71:.\Generated_Source\PSoC4/isr_1.c **** 
  72:.\Generated_Source\PSoC4/isr_1.c **** /*******************************************************************************
  73:.\Generated_Source\PSoC4/isr_1.c **** * Function Name: isr_1_StartEx
  74:.\Generated_Source\PSoC4/isr_1.c **** ********************************************************************************
  75:.\Generated_Source\PSoC4/isr_1.c **** *
  76:.\Generated_Source\PSoC4/isr_1.c **** * Summary:
  77:.\Generated_Source\PSoC4/isr_1.c **** *  Sets up the interrupt and enables it. This function disables the interrupt,
  78:.\Generated_Source\PSoC4/isr_1.c **** *  sets the interrupt vector based on the address passed in, sets the priority 
  79:.\Generated_Source\PSoC4/isr_1.c **** *  from the value in the Design Wide Resources Interrupt Editor, then enables 
  80:.\Generated_Source\PSoC4/isr_1.c **** *  the interrupt to the interrupt controller.
  81:.\Generated_Source\PSoC4/isr_1.c **** *  
  82:.\Generated_Source\PSoC4/isr_1.c **** *  When defining ISR functions, the CY_ISR and CY_ISR_PROTO macros should be 
  83:.\Generated_Source\PSoC4/isr_1.c **** *  used to provide consistent definition across compilers:
  84:.\Generated_Source\PSoC4/isr_1.c **** *  
  85:.\Generated_Source\PSoC4/isr_1.c **** *  Function definition example:
  86:.\Generated_Source\PSoC4/isr_1.c **** *   CY_ISR(MyISR)
  87:.\Generated_Source\PSoC4/isr_1.c **** *   {
  88:.\Generated_Source\PSoC4/isr_1.c **** *   }
  89:.\Generated_Source\PSoC4/isr_1.c **** *   Function prototype example:
ARM GAS  C:\Users\ÑÏÍþºÀ\AppData\Local\Temp\ccV92stp.s 			page 3


  90:.\Generated_Source\PSoC4/isr_1.c **** *   CY_ISR_PROTO(MyISR);
  91:.\Generated_Source\PSoC4/isr_1.c **** *
  92:.\Generated_Source\PSoC4/isr_1.c **** * Parameters:  
  93:.\Generated_Source\PSoC4/isr_1.c **** *   address: Address of the ISR to set in the interrupt vector table.
  94:.\Generated_Source\PSoC4/isr_1.c **** *
  95:.\Generated_Source\PSoC4/isr_1.c **** * Return:
  96:.\Generated_Source\PSoC4/isr_1.c **** *   None
  97:.\Generated_Source\PSoC4/isr_1.c **** *
  98:.\Generated_Source\PSoC4/isr_1.c **** *******************************************************************************/
  99:.\Generated_Source\PSoC4/isr_1.c **** void isr_1_StartEx(cyisraddress address)
 100:.\Generated_Source\PSoC4/isr_1.c **** {
 101:.\Generated_Source\PSoC4/isr_1.c ****     /* For all we know the interrupt is active. */
 102:.\Generated_Source\PSoC4/isr_1.c ****     isr_1_Disable();
 103:.\Generated_Source\PSoC4/isr_1.c **** 
 104:.\Generated_Source\PSoC4/isr_1.c ****     /* Set the ISR to point to the isr_1 Interrupt. */
 105:.\Generated_Source\PSoC4/isr_1.c ****     isr_1_SetVector(address);
 106:.\Generated_Source\PSoC4/isr_1.c **** 
 107:.\Generated_Source\PSoC4/isr_1.c ****     /* Set the priority. */
 108:.\Generated_Source\PSoC4/isr_1.c ****     isr_1_SetPriority((uint8)isr_1_INTC_PRIOR_NUMBER);
 109:.\Generated_Source\PSoC4/isr_1.c **** 
 110:.\Generated_Source\PSoC4/isr_1.c ****     /* Enable it. */
 111:.\Generated_Source\PSoC4/isr_1.c ****     isr_1_Enable();
 112:.\Generated_Source\PSoC4/isr_1.c **** }
 113:.\Generated_Source\PSoC4/isr_1.c **** 
 114:.\Generated_Source\PSoC4/isr_1.c **** 
 115:.\Generated_Source\PSoC4/isr_1.c **** /*******************************************************************************
 116:.\Generated_Source\PSoC4/isr_1.c **** * Function Name: isr_1_Stop
 117:.\Generated_Source\PSoC4/isr_1.c **** ********************************************************************************
 118:.\Generated_Source\PSoC4/isr_1.c **** *
 119:.\Generated_Source\PSoC4/isr_1.c **** * Summary:
 120:.\Generated_Source\PSoC4/isr_1.c **** *   Disables and removes the interrupt.
 121:.\Generated_Source\PSoC4/isr_1.c **** *
 122:.\Generated_Source\PSoC4/isr_1.c **** * Parameters:  
 123:.\Generated_Source\PSoC4/isr_1.c **** *   None
 124:.\Generated_Source\PSoC4/isr_1.c **** *
 125:.\Generated_Source\PSoC4/isr_1.c **** * Return:
 126:.\Generated_Source\PSoC4/isr_1.c **** *   None
 127:.\Generated_Source\PSoC4/isr_1.c **** *
 128:.\Generated_Source\PSoC4/isr_1.c **** *******************************************************************************/
 129:.\Generated_Source\PSoC4/isr_1.c **** void isr_1_Stop(void)
 130:.\Generated_Source\PSoC4/isr_1.c **** {
 131:.\Generated_Source\PSoC4/isr_1.c ****     /* Disable this interrupt. */
 132:.\Generated_Source\PSoC4/isr_1.c ****     isr_1_Disable();
 133:.\Generated_Source\PSoC4/isr_1.c **** 
 134:.\Generated_Source\PSoC4/isr_1.c ****     /* Set the ISR to point to the passive one. */
 135:.\Generated_Source\PSoC4/isr_1.c ****     isr_1_SetVector(&IntDefaultHandler);
 136:.\Generated_Source\PSoC4/isr_1.c **** }
 137:.\Generated_Source\PSoC4/isr_1.c **** 
 138:.\Generated_Source\PSoC4/isr_1.c **** 
 139:.\Generated_Source\PSoC4/isr_1.c **** /*******************************************************************************
 140:.\Generated_Source\PSoC4/isr_1.c **** * Function Name: isr_1_Interrupt
 141:.\Generated_Source\PSoC4/isr_1.c **** ********************************************************************************
 142:.\Generated_Source\PSoC4/isr_1.c **** *
 143:.\Generated_Source\PSoC4/isr_1.c **** * Summary:
 144:.\Generated_Source\PSoC4/isr_1.c **** *   The default Interrupt Service Routine for isr_1.
 145:.\Generated_Source\PSoC4/isr_1.c **** *
 146:.\Generated_Source\PSoC4/isr_1.c **** *   Add custom code between the START and END comments to keep the next version
ARM GAS  C:\Users\ÑÏÍþºÀ\AppData\Local\Temp\ccV92stp.s 			page 4


 147:.\Generated_Source\PSoC4/isr_1.c **** *   of this file from over-writing your code.
 148:.\Generated_Source\PSoC4/isr_1.c **** *
 149:.\Generated_Source\PSoC4/isr_1.c **** *   Note You may use either the default ISR by using this API, or you may define
 150:.\Generated_Source\PSoC4/isr_1.c **** *   your own separate ISR through ISR_StartEx().
 151:.\Generated_Source\PSoC4/isr_1.c **** *
 152:.\Generated_Source\PSoC4/isr_1.c **** * Parameters:  
 153:.\Generated_Source\PSoC4/isr_1.c **** *   None
 154:.\Generated_Source\PSoC4/isr_1.c **** *
 155:.\Generated_Source\PSoC4/isr_1.c **** * Return:
 156:.\Generated_Source\PSoC4/isr_1.c **** *   None
 157:.\Generated_Source\PSoC4/isr_1.c **** *
 158:.\Generated_Source\PSoC4/isr_1.c **** *******************************************************************************/
 159:.\Generated_Source\PSoC4/isr_1.c **** CY_ISR(isr_1_Interrupt)
 160:.\Generated_Source\PSoC4/isr_1.c **** {
  26              		.loc 1 160 0
  27              		.cfi_startproc
 161:.\Generated_Source\PSoC4/isr_1.c ****     #ifdef isr_1_INTERRUPT_INTERRUPT_CALLBACK
 162:.\Generated_Source\PSoC4/isr_1.c ****         isr_1_Interrupt_InterruptCallback();
 163:.\Generated_Source\PSoC4/isr_1.c ****     #endif /* isr_1_INTERRUPT_INTERRUPT_CALLBACK */ 
 164:.\Generated_Source\PSoC4/isr_1.c **** 
 165:.\Generated_Source\PSoC4/isr_1.c ****     /*  Place your Interrupt code here. */
 166:.\Generated_Source\PSoC4/isr_1.c ****     /* `#START isr_1_Interrupt` */
 167:.\Generated_Source\PSoC4/isr_1.c **** 
 168:.\Generated_Source\PSoC4/isr_1.c ****     /* `#END` */
 169:.\Generated_Source\PSoC4/isr_1.c **** }
  28              		.loc 1 169 0
  29              		@ sp needed
  30 0000 7047     		bx	lr
  31              		.cfi_endproc
  32              	.LFE3:
  33              		.size	isr_1_Interrupt, .-isr_1_Interrupt
  34 0002 C046     		.section	.text.isr_1_SetVector,"ax",%progbits
  35              		.align	2
  36              		.global	isr_1_SetVector
  37              		.code	16
  38              		.thumb_func
  39              		.type	isr_1_SetVector, %function
  40              	isr_1_SetVector:
  41              	.LFB4:
 170:.\Generated_Source\PSoC4/isr_1.c **** 
 171:.\Generated_Source\PSoC4/isr_1.c **** 
 172:.\Generated_Source\PSoC4/isr_1.c **** /*******************************************************************************
 173:.\Generated_Source\PSoC4/isr_1.c **** * Function Name: isr_1_SetVector
 174:.\Generated_Source\PSoC4/isr_1.c **** ********************************************************************************
 175:.\Generated_Source\PSoC4/isr_1.c **** *
 176:.\Generated_Source\PSoC4/isr_1.c **** * Summary:
 177:.\Generated_Source\PSoC4/isr_1.c **** *   Change the ISR vector for the Interrupt. Note calling isr_1_Start
 178:.\Generated_Source\PSoC4/isr_1.c **** *   will override any effect this method would have had. To set the vector 
 179:.\Generated_Source\PSoC4/isr_1.c **** *   before the component has been started use isr_1_StartEx instead.
 180:.\Generated_Source\PSoC4/isr_1.c **** * 
 181:.\Generated_Source\PSoC4/isr_1.c **** *   When defining ISR functions, the CY_ISR and CY_ISR_PROTO macros should be 
 182:.\Generated_Source\PSoC4/isr_1.c **** *   used to provide consistent definition across compilers:
 183:.\Generated_Source\PSoC4/isr_1.c **** *
 184:.\Generated_Source\PSoC4/isr_1.c **** *   Function definition example:
 185:.\Generated_Source\PSoC4/isr_1.c **** *   CY_ISR(MyISR)
 186:.\Generated_Source\PSoC4/isr_1.c **** *   {
 187:.\Generated_Source\PSoC4/isr_1.c **** *   }
ARM GAS  C:\Users\ÑÏÍþºÀ\AppData\Local\Temp\ccV92stp.s 			page 5


 188:.\Generated_Source\PSoC4/isr_1.c **** *
 189:.\Generated_Source\PSoC4/isr_1.c **** *   Function prototype example:
 190:.\Generated_Source\PSoC4/isr_1.c **** *     CY_ISR_PROTO(MyISR);
 191:.\Generated_Source\PSoC4/isr_1.c **** *
 192:.\Generated_Source\PSoC4/isr_1.c **** * Parameters:
 193:.\Generated_Source\PSoC4/isr_1.c **** *   address: Address of the ISR to set in the interrupt vector table.
 194:.\Generated_Source\PSoC4/isr_1.c **** *
 195:.\Generated_Source\PSoC4/isr_1.c **** * Return:
 196:.\Generated_Source\PSoC4/isr_1.c **** *   None
 197:.\Generated_Source\PSoC4/isr_1.c **** *
 198:.\Generated_Source\PSoC4/isr_1.c **** *******************************************************************************/
 199:.\Generated_Source\PSoC4/isr_1.c **** void isr_1_SetVector(cyisraddress address)
 200:.\Generated_Source\PSoC4/isr_1.c **** {
  42              		.loc 1 200 0
  43              		.cfi_startproc
  44              	.LVL0:
 201:.\Generated_Source\PSoC4/isr_1.c ****     CyRamVectors[CYINT_IRQ_BASE + isr_1__INTC_NUMBER] = address;
  45              		.loc 1 201 0
  46 0000 014B     		ldr	r3, .L3
  47 0002 1864     		str	r0, [r3, #64]
 202:.\Generated_Source\PSoC4/isr_1.c **** }
  48              		.loc 1 202 0
  49              		@ sp needed
  50 0004 7047     		bx	lr
  51              	.L4:
  52 0006 C046     		.align	2
  53              	.L3:
  54 0008 00000000 		.word	CyRamVectors
  55              		.cfi_endproc
  56              	.LFE4:
  57              		.size	isr_1_SetVector, .-isr_1_SetVector
  58              		.section	.text.isr_1_GetVector,"ax",%progbits
  59              		.align	2
  60              		.global	isr_1_GetVector
  61              		.code	16
  62              		.thumb_func
  63              		.type	isr_1_GetVector, %function
  64              	isr_1_GetVector:
  65              	.LFB5:
 203:.\Generated_Source\PSoC4/isr_1.c **** 
 204:.\Generated_Source\PSoC4/isr_1.c **** 
 205:.\Generated_Source\PSoC4/isr_1.c **** /*******************************************************************************
 206:.\Generated_Source\PSoC4/isr_1.c **** * Function Name: isr_1_GetVector
 207:.\Generated_Source\PSoC4/isr_1.c **** ********************************************************************************
 208:.\Generated_Source\PSoC4/isr_1.c **** *
 209:.\Generated_Source\PSoC4/isr_1.c **** * Summary:
 210:.\Generated_Source\PSoC4/isr_1.c **** *   Gets the "address" of the current ISR vector for the Interrupt.
 211:.\Generated_Source\PSoC4/isr_1.c **** *
 212:.\Generated_Source\PSoC4/isr_1.c **** * Parameters:
 213:.\Generated_Source\PSoC4/isr_1.c **** *   None
 214:.\Generated_Source\PSoC4/isr_1.c **** *
 215:.\Generated_Source\PSoC4/isr_1.c **** * Return:
 216:.\Generated_Source\PSoC4/isr_1.c **** *   Address of the ISR in the interrupt vector table.
 217:.\Generated_Source\PSoC4/isr_1.c **** *
 218:.\Generated_Source\PSoC4/isr_1.c **** *******************************************************************************/
 219:.\Generated_Source\PSoC4/isr_1.c **** cyisraddress isr_1_GetVector(void)
 220:.\Generated_Source\PSoC4/isr_1.c **** {
ARM GAS  C:\Users\ÑÏÍþºÀ\AppData\Local\Temp\ccV92stp.s 			page 6


  66              		.loc 1 220 0
  67              		.cfi_startproc
 221:.\Generated_Source\PSoC4/isr_1.c ****     return CyRamVectors[CYINT_IRQ_BASE + isr_1__INTC_NUMBER];
  68              		.loc 1 221 0
  69 0000 014B     		ldr	r3, .L6
  70 0002 186C     		ldr	r0, [r3, #64]
 222:.\Generated_Source\PSoC4/isr_1.c **** }
  71              		.loc 1 222 0
  72              		@ sp needed
  73 0004 7047     		bx	lr
  74              	.L7:
  75 0006 C046     		.align	2
  76              	.L6:
  77 0008 00000000 		.word	CyRamVectors
  78              		.cfi_endproc
  79              	.LFE5:
  80              		.size	isr_1_GetVector, .-isr_1_GetVector
  81              		.section	.text.isr_1_SetPriority,"ax",%progbits
  82              		.align	2
  83              		.global	isr_1_SetPriority
  84              		.code	16
  85              		.thumb_func
  86              		.type	isr_1_SetPriority, %function
  87              	isr_1_SetPriority:
  88              	.LFB6:
 223:.\Generated_Source\PSoC4/isr_1.c **** 
 224:.\Generated_Source\PSoC4/isr_1.c **** 
 225:.\Generated_Source\PSoC4/isr_1.c **** /*******************************************************************************
 226:.\Generated_Source\PSoC4/isr_1.c **** * Function Name: isr_1_SetPriority
 227:.\Generated_Source\PSoC4/isr_1.c **** ********************************************************************************
 228:.\Generated_Source\PSoC4/isr_1.c **** *
 229:.\Generated_Source\PSoC4/isr_1.c **** * Summary:
 230:.\Generated_Source\PSoC4/isr_1.c **** *   Sets the Priority of the Interrupt. 
 231:.\Generated_Source\PSoC4/isr_1.c **** *
 232:.\Generated_Source\PSoC4/isr_1.c **** *   Note calling isr_1_Start or isr_1_StartEx will 
 233:.\Generated_Source\PSoC4/isr_1.c **** *   override any effect this API would have had. This API should only be called
 234:.\Generated_Source\PSoC4/isr_1.c **** *   after isr_1_Start or isr_1_StartEx has been called. 
 235:.\Generated_Source\PSoC4/isr_1.c **** *   To set the initial priority for the component, use the Design-Wide Resources
 236:.\Generated_Source\PSoC4/isr_1.c **** *   Interrupt Editor.
 237:.\Generated_Source\PSoC4/isr_1.c **** *
 238:.\Generated_Source\PSoC4/isr_1.c **** *   Note This API has no effect on Non-maskable interrupt NMI).
 239:.\Generated_Source\PSoC4/isr_1.c **** *
 240:.\Generated_Source\PSoC4/isr_1.c **** * Parameters:
 241:.\Generated_Source\PSoC4/isr_1.c **** *   priority: Priority of the interrupt, 0 being the highest priority
 242:.\Generated_Source\PSoC4/isr_1.c **** *             PSoC 3 and PSoC 5LP: Priority is from 0 to 7.
 243:.\Generated_Source\PSoC4/isr_1.c **** *             PSoC 4: Priority is from 0 to 3.
 244:.\Generated_Source\PSoC4/isr_1.c **** *
 245:.\Generated_Source\PSoC4/isr_1.c **** * Return:
 246:.\Generated_Source\PSoC4/isr_1.c **** *   None
 247:.\Generated_Source\PSoC4/isr_1.c **** *
 248:.\Generated_Source\PSoC4/isr_1.c **** *******************************************************************************/
 249:.\Generated_Source\PSoC4/isr_1.c **** void isr_1_SetPriority(uint8 priority)
 250:.\Generated_Source\PSoC4/isr_1.c **** {
  89              		.loc 1 250 0
  90              		.cfi_startproc
  91              	.LVL1:
  92 0000 10B5     		push	{r4, lr}
ARM GAS  C:\Users\ÑÏÍþºÀ\AppData\Local\Temp\ccV92stp.s 			page 7


  93              		.cfi_def_cfa_offset 8
  94              		.cfi_offset 4, -8
  95              		.cfi_offset 14, -4
  96 0002 041C     		mov	r4, r0
  97              	.LVL2:
 251:.\Generated_Source\PSoC4/isr_1.c **** 	uint8 interruptState;
 252:.\Generated_Source\PSoC4/isr_1.c ****     uint32 priorityOffset = ((isr_1__INTC_NUMBER % 4u) * 8u) + 6u;
 253:.\Generated_Source\PSoC4/isr_1.c ****     
 254:.\Generated_Source\PSoC4/isr_1.c **** 	interruptState = CyEnterCriticalSection();
  98              		.loc 1 254 0
  99 0004 FFF7FEFF 		bl	CyEnterCriticalSection
 100              	.LVL3:
 255:.\Generated_Source\PSoC4/isr_1.c ****     *isr_1_INTC_PRIOR = (*isr_1_INTC_PRIOR & (uint32)(~isr_1__INTC_PRIOR_MASK)) |
 101              		.loc 1 255 0
 102 0008 044A     		ldr	r2, .L9
 103 000a 1368     		ldr	r3, [r2]
 104 000c C021     		mov	r1, #192
 105 000e 8B43     		bic	r3, r1
 256:.\Generated_Source\PSoC4/isr_1.c ****                                     ((uint32)priority << priorityOffset);
 106              		.loc 1 256 0
 107 0010 A401     		lsl	r4, r4, #6
 255:.\Generated_Source\PSoC4/isr_1.c ****     *isr_1_INTC_PRIOR = (*isr_1_INTC_PRIOR & (uint32)(~isr_1__INTC_PRIOR_MASK)) |
 108              		.loc 1 255 0
 109 0012 1C43     		orr	r4, r3
 110 0014 1460     		str	r4, [r2]
 257:.\Generated_Source\PSoC4/isr_1.c **** 	CyExitCriticalSection(interruptState);
 111              		.loc 1 257 0
 112 0016 FFF7FEFF 		bl	CyExitCriticalSection
 113              	.LVL4:
 258:.\Generated_Source\PSoC4/isr_1.c **** }
 114              		.loc 1 258 0
 115              		@ sp needed
 116 001a 10BD     		pop	{r4, pc}
 117              	.L10:
 118              		.align	2
 119              	.L9:
 120 001c 00E400E0 		.word	-536812544
 121              		.cfi_endproc
 122              	.LFE6:
 123              		.size	isr_1_SetPriority, .-isr_1_SetPriority
 124              		.section	.text.isr_1_GetPriority,"ax",%progbits
 125              		.align	2
 126              		.global	isr_1_GetPriority
 127              		.code	16
 128              		.thumb_func
 129              		.type	isr_1_GetPriority, %function
 130              	isr_1_GetPriority:
 131              	.LFB7:
 259:.\Generated_Source\PSoC4/isr_1.c **** 
 260:.\Generated_Source\PSoC4/isr_1.c **** 
 261:.\Generated_Source\PSoC4/isr_1.c **** /*******************************************************************************
 262:.\Generated_Source\PSoC4/isr_1.c **** * Function Name: isr_1_GetPriority
 263:.\Generated_Source\PSoC4/isr_1.c **** ********************************************************************************
 264:.\Generated_Source\PSoC4/isr_1.c **** *
 265:.\Generated_Source\PSoC4/isr_1.c **** * Summary:
 266:.\Generated_Source\PSoC4/isr_1.c **** *   Gets the Priority of the Interrupt.
 267:.\Generated_Source\PSoC4/isr_1.c **** *
ARM GAS  C:\Users\ÑÏÍþºÀ\AppData\Local\Temp\ccV92stp.s 			page 8


 268:.\Generated_Source\PSoC4/isr_1.c **** * Parameters:
 269:.\Generated_Source\PSoC4/isr_1.c **** *   None
 270:.\Generated_Source\PSoC4/isr_1.c **** *
 271:.\Generated_Source\PSoC4/isr_1.c **** * Return:
 272:.\Generated_Source\PSoC4/isr_1.c **** *   Priority of the interrupt, 0 being the highest priority
 273:.\Generated_Source\PSoC4/isr_1.c **** *    PSoC 3 and PSoC 5LP: Priority is from 0 to 7.
 274:.\Generated_Source\PSoC4/isr_1.c **** *    PSoC 4: Priority is from 0 to 3.
 275:.\Generated_Source\PSoC4/isr_1.c **** *
 276:.\Generated_Source\PSoC4/isr_1.c **** *******************************************************************************/
 277:.\Generated_Source\PSoC4/isr_1.c **** uint8 isr_1_GetPriority(void)
 278:.\Generated_Source\PSoC4/isr_1.c **** {
 132              		.loc 1 278 0
 133              		.cfi_startproc
 134              	.LVL5:
 279:.\Generated_Source\PSoC4/isr_1.c ****     uint32 priority;
 280:.\Generated_Source\PSoC4/isr_1.c **** 	uint32 priorityOffset = ((isr_1__INTC_NUMBER % 4u) * 8u) + 6u;
 281:.\Generated_Source\PSoC4/isr_1.c **** 
 282:.\Generated_Source\PSoC4/isr_1.c ****     priority = (*isr_1_INTC_PRIOR & isr_1__INTC_PRIOR_MASK) >> priorityOffset;
 135              		.loc 1 282 0
 136 0000 024B     		ldr	r3, .L12
 137 0002 1868     		ldr	r0, [r3]
 138 0004 0006     		lsl	r0, r0, #24
 139              	.LVL6:
 283:.\Generated_Source\PSoC4/isr_1.c **** 
 284:.\Generated_Source\PSoC4/isr_1.c ****     return (uint8)priority;
 140              		.loc 1 284 0
 141 0006 800F     		lsr	r0, r0, #30
 142              	.LVL7:
 285:.\Generated_Source\PSoC4/isr_1.c **** }
 143              		.loc 1 285 0
 144              		@ sp needed
 145 0008 7047     		bx	lr
 146              	.L13:
 147 000a C046     		.align	2
 148              	.L12:
 149 000c 00E400E0 		.word	-536812544
 150              		.cfi_endproc
 151              	.LFE7:
 152              		.size	isr_1_GetPriority, .-isr_1_GetPriority
 153              		.section	.text.isr_1_Enable,"ax",%progbits
 154              		.align	2
 155              		.global	isr_1_Enable
 156              		.code	16
 157              		.thumb_func
 158              		.type	isr_1_Enable, %function
 159              	isr_1_Enable:
 160              	.LFB8:
 286:.\Generated_Source\PSoC4/isr_1.c **** 
 287:.\Generated_Source\PSoC4/isr_1.c **** 
 288:.\Generated_Source\PSoC4/isr_1.c **** /*******************************************************************************
 289:.\Generated_Source\PSoC4/isr_1.c **** * Function Name: isr_1_Enable
 290:.\Generated_Source\PSoC4/isr_1.c **** ********************************************************************************
 291:.\Generated_Source\PSoC4/isr_1.c **** *
 292:.\Generated_Source\PSoC4/isr_1.c **** * Summary:
 293:.\Generated_Source\PSoC4/isr_1.c **** *   Enables the interrupt to the interrupt controller. Do not call this function
 294:.\Generated_Source\PSoC4/isr_1.c **** *   unless ISR_Start() has been called or the functionality of the ISR_Start() 
 295:.\Generated_Source\PSoC4/isr_1.c **** *   function, which sets the vector and the priority, has been called.
ARM GAS  C:\Users\ÑÏÍþºÀ\AppData\Local\Temp\ccV92stp.s 			page 9


 296:.\Generated_Source\PSoC4/isr_1.c **** *
 297:.\Generated_Source\PSoC4/isr_1.c **** * Parameters:
 298:.\Generated_Source\PSoC4/isr_1.c **** *   None
 299:.\Generated_Source\PSoC4/isr_1.c **** *
 300:.\Generated_Source\PSoC4/isr_1.c **** * Return:
 301:.\Generated_Source\PSoC4/isr_1.c **** *   None
 302:.\Generated_Source\PSoC4/isr_1.c **** *
 303:.\Generated_Source\PSoC4/isr_1.c **** *******************************************************************************/
 304:.\Generated_Source\PSoC4/isr_1.c **** void isr_1_Enable(void)
 305:.\Generated_Source\PSoC4/isr_1.c **** {
 161              		.loc 1 305 0
 162              		.cfi_startproc
 306:.\Generated_Source\PSoC4/isr_1.c ****     /* Enable the general interrupt. */
 307:.\Generated_Source\PSoC4/isr_1.c ****     *isr_1_INTC_SET_EN = isr_1__INTC_MASK;
 163              		.loc 1 307 0
 164 0000 0122     		mov	r2, #1
 165 0002 014B     		ldr	r3, .L15
 166 0004 1A60     		str	r2, [r3]
 308:.\Generated_Source\PSoC4/isr_1.c **** }
 167              		.loc 1 308 0
 168              		@ sp needed
 169 0006 7047     		bx	lr
 170              	.L16:
 171              		.align	2
 172              	.L15:
 173 0008 00E100E0 		.word	-536813312
 174              		.cfi_endproc
 175              	.LFE8:
 176              		.size	isr_1_Enable, .-isr_1_Enable
 177              		.section	.text.isr_1_GetState,"ax",%progbits
 178              		.align	2
 179              		.global	isr_1_GetState
 180              		.code	16
 181              		.thumb_func
 182              		.type	isr_1_GetState, %function
 183              	isr_1_GetState:
 184              	.LFB9:
 309:.\Generated_Source\PSoC4/isr_1.c **** 
 310:.\Generated_Source\PSoC4/isr_1.c **** 
 311:.\Generated_Source\PSoC4/isr_1.c **** /*******************************************************************************
 312:.\Generated_Source\PSoC4/isr_1.c **** * Function Name: isr_1_GetState
 313:.\Generated_Source\PSoC4/isr_1.c **** ********************************************************************************
 314:.\Generated_Source\PSoC4/isr_1.c **** *
 315:.\Generated_Source\PSoC4/isr_1.c **** * Summary:
 316:.\Generated_Source\PSoC4/isr_1.c **** *   Gets the state (enabled, disabled) of the Interrupt.
 317:.\Generated_Source\PSoC4/isr_1.c **** *
 318:.\Generated_Source\PSoC4/isr_1.c **** * Parameters:
 319:.\Generated_Source\PSoC4/isr_1.c **** *   None
 320:.\Generated_Source\PSoC4/isr_1.c **** *
 321:.\Generated_Source\PSoC4/isr_1.c **** * Return:
 322:.\Generated_Source\PSoC4/isr_1.c **** *   1 if enabled, 0 if disabled.
 323:.\Generated_Source\PSoC4/isr_1.c **** *
 324:.\Generated_Source\PSoC4/isr_1.c **** *******************************************************************************/
 325:.\Generated_Source\PSoC4/isr_1.c **** uint8 isr_1_GetState(void)
 326:.\Generated_Source\PSoC4/isr_1.c **** {
 185              		.loc 1 326 0
 186              		.cfi_startproc
ARM GAS  C:\Users\ÑÏÍþºÀ\AppData\Local\Temp\ccV92stp.s 			page 10


 327:.\Generated_Source\PSoC4/isr_1.c ****     /* Get the state of the general interrupt. */
 328:.\Generated_Source\PSoC4/isr_1.c ****     return ((*isr_1_INTC_SET_EN & (uint32)isr_1__INTC_MASK) != 0u) ? 1u:0u;
 187              		.loc 1 328 0
 188 0000 024B     		ldr	r3, .L18
 189 0002 1B68     		ldr	r3, [r3]
 190 0004 0120     		mov	r0, #1
 191 0006 1840     		and	r0, r3
 329:.\Generated_Source\PSoC4/isr_1.c **** }
 192              		.loc 1 329 0
 193              		@ sp needed
 194 0008 7047     		bx	lr
 195              	.L19:
 196 000a C046     		.align	2
 197              	.L18:
 198 000c 00E100E0 		.word	-536813312
 199              		.cfi_endproc
 200              	.LFE9:
 201              		.size	isr_1_GetState, .-isr_1_GetState
 202              		.section	.text.isr_1_Disable,"ax",%progbits
 203              		.align	2
 204              		.global	isr_1_Disable
 205              		.code	16
 206              		.thumb_func
 207              		.type	isr_1_Disable, %function
 208              	isr_1_Disable:
 209              	.LFB10:
 330:.\Generated_Source\PSoC4/isr_1.c **** 
 331:.\Generated_Source\PSoC4/isr_1.c **** 
 332:.\Generated_Source\PSoC4/isr_1.c **** /*******************************************************************************
 333:.\Generated_Source\PSoC4/isr_1.c **** * Function Name: isr_1_Disable
 334:.\Generated_Source\PSoC4/isr_1.c **** ********************************************************************************
 335:.\Generated_Source\PSoC4/isr_1.c **** *
 336:.\Generated_Source\PSoC4/isr_1.c **** * Summary:
 337:.\Generated_Source\PSoC4/isr_1.c **** *   Disables the Interrupt in the interrupt controller.
 338:.\Generated_Source\PSoC4/isr_1.c **** *
 339:.\Generated_Source\PSoC4/isr_1.c **** * Parameters:
 340:.\Generated_Source\PSoC4/isr_1.c **** *   None
 341:.\Generated_Source\PSoC4/isr_1.c **** *
 342:.\Generated_Source\PSoC4/isr_1.c **** * Return:
 343:.\Generated_Source\PSoC4/isr_1.c **** *   None
 344:.\Generated_Source\PSoC4/isr_1.c **** *
 345:.\Generated_Source\PSoC4/isr_1.c **** *******************************************************************************/
 346:.\Generated_Source\PSoC4/isr_1.c **** void isr_1_Disable(void)
 347:.\Generated_Source\PSoC4/isr_1.c **** {
 210              		.loc 1 347 0
 211              		.cfi_startproc
 348:.\Generated_Source\PSoC4/isr_1.c ****     /* Disable the general interrupt. */
 349:.\Generated_Source\PSoC4/isr_1.c ****     *isr_1_INTC_CLR_EN = isr_1__INTC_MASK;
 212              		.loc 1 349 0
 213 0000 0122     		mov	r2, #1
 214 0002 014B     		ldr	r3, .L21
 215 0004 1A60     		str	r2, [r3]
 350:.\Generated_Source\PSoC4/isr_1.c **** }
 216              		.loc 1 350 0
 217              		@ sp needed
 218 0006 7047     		bx	lr
 219              	.L22:
ARM GAS  C:\Users\ÑÏÍþºÀ\AppData\Local\Temp\ccV92stp.s 			page 11


 220              		.align	2
 221              	.L21:
 222 0008 80E100E0 		.word	-536813184
 223              		.cfi_endproc
 224              	.LFE10:
 225              		.size	isr_1_Disable, .-isr_1_Disable
 226              		.section	.text.isr_1_Start,"ax",%progbits
 227              		.align	2
 228              		.global	isr_1_Start
 229              		.code	16
 230              		.thumb_func
 231              		.type	isr_1_Start, %function
 232              	isr_1_Start:
 233              	.LFB0:
  57:.\Generated_Source\PSoC4/isr_1.c ****     /* For all we know the interrupt is active. */
 234              		.loc 1 57 0
 235              		.cfi_startproc
 236 0000 08B5     		push	{r3, lr}
 237              		.cfi_def_cfa_offset 8
 238              		.cfi_offset 3, -8
 239              		.cfi_offset 14, -4
  59:.\Generated_Source\PSoC4/isr_1.c **** 
 240              		.loc 1 59 0
 241 0002 FFF7FEFF 		bl	isr_1_Disable
 242              	.LVL8:
  62:.\Generated_Source\PSoC4/isr_1.c **** 
 243              		.loc 1 62 0
 244 0006 0448     		ldr	r0, .L24
 245 0008 FFF7FEFF 		bl	isr_1_SetVector
 246              	.LVL9:
  65:.\Generated_Source\PSoC4/isr_1.c **** 
 247              		.loc 1 65 0
 248 000c 0320     		mov	r0, #3
 249 000e FFF7FEFF 		bl	isr_1_SetPriority
 250              	.LVL10:
  68:.\Generated_Source\PSoC4/isr_1.c **** }
 251              		.loc 1 68 0
 252 0012 FFF7FEFF 		bl	isr_1_Enable
 253              	.LVL11:
  69:.\Generated_Source\PSoC4/isr_1.c **** 
 254              		.loc 1 69 0
 255              		@ sp needed
 256 0016 08BD     		pop	{r3, pc}
 257              	.L25:
 258              		.align	2
 259              	.L24:
 260 0018 00000000 		.word	isr_1_Interrupt
 261              		.cfi_endproc
 262              	.LFE0:
 263              		.size	isr_1_Start, .-isr_1_Start
 264              		.section	.text.isr_1_StartEx,"ax",%progbits
 265              		.align	2
 266              		.global	isr_1_StartEx
 267              		.code	16
 268              		.thumb_func
 269              		.type	isr_1_StartEx, %function
 270              	isr_1_StartEx:
ARM GAS  C:\Users\ÑÏÍþºÀ\AppData\Local\Temp\ccV92stp.s 			page 12


 271              	.LFB1:
 100:.\Generated_Source\PSoC4/isr_1.c ****     /* For all we know the interrupt is active. */
 272              		.loc 1 100 0
 273              		.cfi_startproc
 274              	.LVL12:
 275 0000 10B5     		push	{r4, lr}
 276              		.cfi_def_cfa_offset 8
 277              		.cfi_offset 4, -8
 278              		.cfi_offset 14, -4
 279 0002 041C     		mov	r4, r0
 102:.\Generated_Source\PSoC4/isr_1.c **** 
 280              		.loc 1 102 0
 281 0004 FFF7FEFF 		bl	isr_1_Disable
 282              	.LVL13:
 105:.\Generated_Source\PSoC4/isr_1.c **** 
 283              		.loc 1 105 0
 284 0008 201C     		mov	r0, r4
 285 000a FFF7FEFF 		bl	isr_1_SetVector
 286              	.LVL14:
 108:.\Generated_Source\PSoC4/isr_1.c **** 
 287              		.loc 1 108 0
 288 000e 0320     		mov	r0, #3
 289 0010 FFF7FEFF 		bl	isr_1_SetPriority
 290              	.LVL15:
 111:.\Generated_Source\PSoC4/isr_1.c **** }
 291              		.loc 1 111 0
 292 0014 FFF7FEFF 		bl	isr_1_Enable
 293              	.LVL16:
 112:.\Generated_Source\PSoC4/isr_1.c **** 
 294              		.loc 1 112 0
 295              		@ sp needed
 296              	.LVL17:
 297 0018 10BD     		pop	{r4, pc}
 298              		.cfi_endproc
 299              	.LFE1:
 300              		.size	isr_1_StartEx, .-isr_1_StartEx
 301 001a C046     		.section	.text.isr_1_Stop,"ax",%progbits
 302              		.align	2
 303              		.global	isr_1_Stop
 304              		.code	16
 305              		.thumb_func
 306              		.type	isr_1_Stop, %function
 307              	isr_1_Stop:
 308              	.LFB2:
 130:.\Generated_Source\PSoC4/isr_1.c ****     /* Disable this interrupt. */
 309              		.loc 1 130 0
 310              		.cfi_startproc
 311 0000 08B5     		push	{r3, lr}
 312              		.cfi_def_cfa_offset 8
 313              		.cfi_offset 3, -8
 314              		.cfi_offset 14, -4
 132:.\Generated_Source\PSoC4/isr_1.c **** 
 315              		.loc 1 132 0
 316 0002 FFF7FEFF 		bl	isr_1_Disable
 317              	.LVL18:
 135:.\Generated_Source\PSoC4/isr_1.c **** }
 318              		.loc 1 135 0
ARM GAS  C:\Users\ÑÏÍþºÀ\AppData\Local\Temp\ccV92stp.s 			page 13


 319 0006 0248     		ldr	r0, .L28
 320 0008 FFF7FEFF 		bl	isr_1_SetVector
 321              	.LVL19:
 136:.\Generated_Source\PSoC4/isr_1.c **** 
 322              		.loc 1 136 0
 323              		@ sp needed
 324 000c 08BD     		pop	{r3, pc}
 325              	.L29:
 326 000e C046     		.align	2
 327              	.L28:
 328 0010 00000000 		.word	IntDefaultHandler
 329              		.cfi_endproc
 330              	.LFE2:
 331              		.size	isr_1_Stop, .-isr_1_Stop
 332              		.section	.text.isr_1_SetPending,"ax",%progbits
 333              		.align	2
 334              		.global	isr_1_SetPending
 335              		.code	16
 336              		.thumb_func
 337              		.type	isr_1_SetPending, %function
 338              	isr_1_SetPending:
 339              	.LFB11:
 351:.\Generated_Source\PSoC4/isr_1.c **** 
 352:.\Generated_Source\PSoC4/isr_1.c **** 
 353:.\Generated_Source\PSoC4/isr_1.c **** /*******************************************************************************
 354:.\Generated_Source\PSoC4/isr_1.c **** * Function Name: isr_1_SetPending
 355:.\Generated_Source\PSoC4/isr_1.c **** ********************************************************************************
 356:.\Generated_Source\PSoC4/isr_1.c **** *
 357:.\Generated_Source\PSoC4/isr_1.c **** * Summary:
 358:.\Generated_Source\PSoC4/isr_1.c **** *   Causes the Interrupt to enter the pending state, a software method of
 359:.\Generated_Source\PSoC4/isr_1.c **** *   generating the interrupt.
 360:.\Generated_Source\PSoC4/isr_1.c **** *
 361:.\Generated_Source\PSoC4/isr_1.c **** * Parameters:
 362:.\Generated_Source\PSoC4/isr_1.c **** *   None
 363:.\Generated_Source\PSoC4/isr_1.c **** *
 364:.\Generated_Source\PSoC4/isr_1.c **** * Return:
 365:.\Generated_Source\PSoC4/isr_1.c **** *   None
 366:.\Generated_Source\PSoC4/isr_1.c **** *
 367:.\Generated_Source\PSoC4/isr_1.c **** * Side Effects:
 368:.\Generated_Source\PSoC4/isr_1.c **** *   If interrupts are enabled and the interrupt is set up properly, the ISR is
 369:.\Generated_Source\PSoC4/isr_1.c **** *   entered (depending on the priority of this interrupt and other pending 
 370:.\Generated_Source\PSoC4/isr_1.c **** *   interrupts).
 371:.\Generated_Source\PSoC4/isr_1.c **** *
 372:.\Generated_Source\PSoC4/isr_1.c **** *******************************************************************************/
 373:.\Generated_Source\PSoC4/isr_1.c **** void isr_1_SetPending(void)
 374:.\Generated_Source\PSoC4/isr_1.c **** {
 340              		.loc 1 374 0
 341              		.cfi_startproc
 375:.\Generated_Source\PSoC4/isr_1.c ****     *isr_1_INTC_SET_PD = isr_1__INTC_MASK;
 342              		.loc 1 375 0
 343 0000 0122     		mov	r2, #1
 344 0002 014B     		ldr	r3, .L31
 345 0004 1A60     		str	r2, [r3]
 376:.\Generated_Source\PSoC4/isr_1.c **** }
 346              		.loc 1 376 0
 347              		@ sp needed
 348 0006 7047     		bx	lr
ARM GAS  C:\Users\ÑÏÍþºÀ\AppData\Local\Temp\ccV92stp.s 			page 14


 349              	.L32:
 350              		.align	2
 351              	.L31:
 352 0008 00E200E0 		.word	-536813056
 353              		.cfi_endproc
 354              	.LFE11:
 355              		.size	isr_1_SetPending, .-isr_1_SetPending
 356              		.section	.text.isr_1_ClearPending,"ax",%progbits
 357              		.align	2
 358              		.global	isr_1_ClearPending
 359              		.code	16
 360              		.thumb_func
 361              		.type	isr_1_ClearPending, %function
 362              	isr_1_ClearPending:
 363              	.LFB12:
 377:.\Generated_Source\PSoC4/isr_1.c **** 
 378:.\Generated_Source\PSoC4/isr_1.c **** 
 379:.\Generated_Source\PSoC4/isr_1.c **** /*******************************************************************************
 380:.\Generated_Source\PSoC4/isr_1.c **** * Function Name: isr_1_ClearPending
 381:.\Generated_Source\PSoC4/isr_1.c **** ********************************************************************************
 382:.\Generated_Source\PSoC4/isr_1.c **** *
 383:.\Generated_Source\PSoC4/isr_1.c **** * Summary:
 384:.\Generated_Source\PSoC4/isr_1.c **** *   Clears a pending interrupt in the interrupt controller.
 385:.\Generated_Source\PSoC4/isr_1.c **** *
 386:.\Generated_Source\PSoC4/isr_1.c **** *   Note Some interrupt sources are clear-on-read and require the block 
 387:.\Generated_Source\PSoC4/isr_1.c **** *   interrupt/status register to be read/cleared with the appropriate block API 
 388:.\Generated_Source\PSoC4/isr_1.c **** *   (GPIO, UART, and so on). Otherwise the ISR will continue to remain in 
 389:.\Generated_Source\PSoC4/isr_1.c **** *   pending state even though the interrupt itself is cleared using this API.
 390:.\Generated_Source\PSoC4/isr_1.c **** *
 391:.\Generated_Source\PSoC4/isr_1.c **** * Parameters:
 392:.\Generated_Source\PSoC4/isr_1.c **** *   None
 393:.\Generated_Source\PSoC4/isr_1.c **** *
 394:.\Generated_Source\PSoC4/isr_1.c **** * Return:
 395:.\Generated_Source\PSoC4/isr_1.c **** *   None
 396:.\Generated_Source\PSoC4/isr_1.c **** *
 397:.\Generated_Source\PSoC4/isr_1.c **** *******************************************************************************/
 398:.\Generated_Source\PSoC4/isr_1.c **** void isr_1_ClearPending(void)
 399:.\Generated_Source\PSoC4/isr_1.c **** {
 364              		.loc 1 399 0
 365              		.cfi_startproc
 400:.\Generated_Source\PSoC4/isr_1.c ****     *isr_1_INTC_CLR_PD = isr_1__INTC_MASK;
 366              		.loc 1 400 0
 367 0000 0122     		mov	r2, #1
 368 0002 014B     		ldr	r3, .L34
 369 0004 1A60     		str	r2, [r3]
 401:.\Generated_Source\PSoC4/isr_1.c **** }
 370              		.loc 1 401 0
 371              		@ sp needed
 372 0006 7047     		bx	lr
 373              	.L35:
 374              		.align	2
 375              	.L34:
 376 0008 80E200E0 		.word	-536812928
 377              		.cfi_endproc
 378              	.LFE12:
 379              		.size	isr_1_ClearPending, .-isr_1_ClearPending
 380              		.text
ARM GAS  C:\Users\ÑÏÍþºÀ\AppData\Local\Temp\ccV92stp.s 			page 15


 381              	.Letext0:
 382              		.file 2 "Generated_Source\\PSoC4/cytypes.h"
 383              		.file 3 "Generated_Source\\PSoC4/CyLib.h"
 384              		.section	.debug_info,"",%progbits
 385              	.Ldebug_info0:
 386 0000 FA020000 		.4byte	0x2fa
 387 0004 0400     		.2byte	0x4
 388 0006 00000000 		.4byte	.Ldebug_abbrev0
 389 000a 04       		.byte	0x4
 390 000b 01       		.uleb128 0x1
 391 000c D6010000 		.4byte	.LASF33
 392 0010 01       		.byte	0x1
 393 0011 95010000 		.4byte	.LASF34
 394 0015 E2000000 		.4byte	.LASF35
 395 0019 00000000 		.4byte	.Ldebug_ranges0+0
 396 001d 00000000 		.4byte	0
 397 0021 00000000 		.4byte	.Ldebug_line0
 398 0025 02       		.uleb128 0x2
 399 0026 01       		.byte	0x1
 400 0027 06       		.byte	0x6
 401 0028 A6020000 		.4byte	.LASF0
 402 002c 02       		.uleb128 0x2
 403 002d 01       		.byte	0x1
 404 002e 08       		.byte	0x8
 405 002f AD000000 		.4byte	.LASF1
 406 0033 02       		.uleb128 0x2
 407 0034 02       		.byte	0x2
 408 0035 05       		.byte	0x5
 409 0036 64020000 		.4byte	.LASF2
 410 003a 02       		.uleb128 0x2
 411 003b 02       		.byte	0x2
 412 003c 07       		.byte	0x7
 413 003d 6B000000 		.4byte	.LASF3
 414 0041 02       		.uleb128 0x2
 415 0042 04       		.byte	0x4
 416 0043 05       		.byte	0x5
 417 0044 9D020000 		.4byte	.LASF4
 418 0048 02       		.uleb128 0x2
 419 0049 04       		.byte	0x4
 420 004a 07       		.byte	0x7
 421 004b CA000000 		.4byte	.LASF5
 422 004f 02       		.uleb128 0x2
 423 0050 08       		.byte	0x8
 424 0051 05       		.byte	0x5
 425 0052 B6010000 		.4byte	.LASF6
 426 0056 02       		.uleb128 0x2
 427 0057 08       		.byte	0x8
 428 0058 07       		.byte	0x7
 429 0059 96000000 		.4byte	.LASF7
 430 005d 03       		.uleb128 0x3
 431 005e 04       		.byte	0x4
 432 005f 05       		.byte	0x5
 433 0060 696E7400 		.ascii	"int\000"
 434 0064 02       		.uleb128 0x2
 435 0065 04       		.byte	0x4
 436 0066 07       		.byte	0x7
 437 0067 54010000 		.4byte	.LASF8
ARM GAS  C:\Users\ÑÏÍþºÀ\AppData\Local\Temp\ccV92stp.s 			page 16


 438 006b 04       		.uleb128 0x4
 439 006c DC000000 		.4byte	.LASF9
 440 0070 02       		.byte	0x2
 441 0071 C2       		.byte	0xc2
 442 0072 2C000000 		.4byte	0x2c
 443 0076 04       		.uleb128 0x4
 444 0077 36010000 		.4byte	.LASF10
 445 007b 02       		.byte	0x2
 446 007c C4       		.byte	0xc4
 447 007d 48000000 		.4byte	0x48
 448 0081 02       		.uleb128 0x2
 449 0082 04       		.byte	0x4
 450 0083 04       		.byte	0x4
 451 0084 90000000 		.4byte	.LASF11
 452 0088 02       		.uleb128 0x2
 453 0089 08       		.byte	0x8
 454 008a 04       		.byte	0x4
 455 008b 1D010000 		.4byte	.LASF12
 456 008f 02       		.uleb128 0x2
 457 0090 01       		.byte	0x1
 458 0091 08       		.byte	0x8
 459 0092 D1010000 		.4byte	.LASF13
 460 0096 05       		.uleb128 0x5
 461 0097 13000000 		.4byte	.LASF14
 462 009b 02       		.byte	0x2
 463 009c 6E01     		.2byte	0x16e
 464 009e A2000000 		.4byte	0xa2
 465 00a2 06       		.uleb128 0x6
 466 00a3 76000000 		.4byte	0x76
 467 00a7 05       		.uleb128 0x5
 468 00a8 7F010000 		.4byte	.LASF15
 469 00ac 02       		.byte	0x2
 470 00ad 7E01     		.2byte	0x17e
 471 00af B3000000 		.4byte	0xb3
 472 00b3 07       		.uleb128 0x7
 473 00b4 04       		.byte	0x4
 474 00b5 B9000000 		.4byte	0xb9
 475 00b9 08       		.uleb128 0x8
 476 00ba 02       		.uleb128 0x2
 477 00bb 04       		.byte	0x4
 478 00bc 07       		.byte	0x7
 479 00bd 8C010000 		.4byte	.LASF16
 480 00c1 09       		.uleb128 0x9
 481 00c2 7E020000 		.4byte	.LASF23
 482 00c6 01       		.byte	0x1
 483 00c7 9F       		.byte	0x9f
 484 00c8 00000000 		.4byte	.LFB3
 485 00cc 02000000 		.4byte	.LFE3-.LFB3
 486 00d0 01       		.uleb128 0x1
 487 00d1 9C       		.byte	0x9c
 488 00d2 0A       		.uleb128 0xa
 489 00d3 C0020000 		.4byte	.LASF17
 490 00d7 01       		.byte	0x1
 491 00d8 C7       		.byte	0xc7
 492 00d9 00000000 		.4byte	.LFB4
 493 00dd 0C000000 		.4byte	.LFE4-.LFB4
 494 00e1 01       		.uleb128 0x1
ARM GAS  C:\Users\ÑÏÍþºÀ\AppData\Local\Temp\ccV92stp.s 			page 17


 495 00e2 9C       		.byte	0x9c
 496 00e3 F5000000 		.4byte	0xf5
 497 00e7 0B       		.uleb128 0xb
 498 00e8 61010000 		.4byte	.LASF19
 499 00ec 01       		.byte	0x1
 500 00ed C7       		.byte	0xc7
 501 00ee A7000000 		.4byte	0xa7
 502 00f2 01       		.uleb128 0x1
 503 00f3 50       		.byte	0x50
 504 00f4 00       		.byte	0
 505 00f5 0C       		.uleb128 0xc
 506 00f6 6E020000 		.4byte	.LASF25
 507 00fa 01       		.byte	0x1
 508 00fb DB       		.byte	0xdb
 509 00fc A7000000 		.4byte	0xa7
 510 0100 00000000 		.4byte	.LFB5
 511 0104 0C000000 		.4byte	.LFE5-.LFB5
 512 0108 01       		.uleb128 0x1
 513 0109 9C       		.byte	0x9c
 514 010a 0A       		.uleb128 0xa
 515 010b 24010000 		.4byte	.LASF18
 516 010f 01       		.byte	0x1
 517 0110 F9       		.byte	0xf9
 518 0111 00000000 		.4byte	.LFB6
 519 0115 20000000 		.4byte	.LFE6-.LFB6
 520 0119 01       		.uleb128 0x1
 521 011a 9C       		.byte	0x9c
 522 011b 5C010000 		.4byte	0x15c
 523 011f 0D       		.uleb128 0xd
 524 0120 14010000 		.4byte	.LASF20
 525 0124 01       		.byte	0x1
 526 0125 F9       		.byte	0xf9
 527 0126 6B000000 		.4byte	0x6b
 528 012a 00000000 		.4byte	.LLST0
 529 012e 0E       		.uleb128 0xe
 530 012f BB000000 		.4byte	.LASF21
 531 0133 01       		.byte	0x1
 532 0134 FB       		.byte	0xfb
 533 0135 6B000000 		.4byte	0x6b
 534 0139 21000000 		.4byte	.LLST1
 535 013d 0F       		.uleb128 0xf
 536 013e 8E020000 		.4byte	.LASF22
 537 0142 01       		.byte	0x1
 538 0143 FC       		.byte	0xfc
 539 0144 76000000 		.4byte	0x76
 540 0148 06       		.byte	0x6
 541 0149 10       		.uleb128 0x10
 542 014a 08000000 		.4byte	.LVL3
 543 014e E5020000 		.4byte	0x2e5
 544 0152 10       		.uleb128 0x10
 545 0153 1A000000 		.4byte	.LVL4
 546 0157 F0020000 		.4byte	0x2f0
 547 015b 00       		.byte	0
 548 015c 11       		.uleb128 0x11
 549 015d 7E000000 		.4byte	.LASF36
 550 0161 01       		.byte	0x1
 551 0162 1501     		.2byte	0x115
ARM GAS  C:\Users\ÑÏÍþºÀ\AppData\Local\Temp\ccV92stp.s 			page 18


 552 0164 6B000000 		.4byte	0x6b
 553 0168 00000000 		.4byte	.LFB7
 554 016c 10000000 		.4byte	.LFE7-.LFB7
 555 0170 01       		.uleb128 0x1
 556 0171 9C       		.byte	0x9c
 557 0172 94010000 		.4byte	0x194
 558 0176 12       		.uleb128 0x12
 559 0177 14010000 		.4byte	.LASF20
 560 017b 01       		.byte	0x1
 561 017c 1701     		.2byte	0x117
 562 017e 76000000 		.4byte	0x76
 563 0182 34000000 		.4byte	.LLST2
 564 0186 13       		.uleb128 0x13
 565 0187 8E020000 		.4byte	.LASF22
 566 018b 01       		.byte	0x1
 567 018c 1801     		.2byte	0x118
 568 018e 76000000 		.4byte	0x76
 569 0192 06       		.byte	0x6
 570 0193 00       		.byte	0
 571 0194 14       		.uleb128 0x14
 572 0195 C4010000 		.4byte	.LASF24
 573 0199 01       		.byte	0x1
 574 019a 3001     		.2byte	0x130
 575 019c 00000000 		.4byte	.LFB8
 576 01a0 0C000000 		.4byte	.LFE8-.LFB8
 577 01a4 01       		.uleb128 0x1
 578 01a5 9C       		.byte	0x9c
 579 01a6 15       		.uleb128 0x15
 580 01a7 2A000000 		.4byte	.LASF26
 581 01ab 01       		.byte	0x1
 582 01ac 4501     		.2byte	0x145
 583 01ae 6B000000 		.4byte	0x6b
 584 01b2 00000000 		.4byte	.LFB9
 585 01b6 10000000 		.4byte	.LFE9-.LFB9
 586 01ba 01       		.uleb128 0x1
 587 01bb 9C       		.byte	0x9c
 588 01bc 14       		.uleb128 0x14
 589 01bd 46000000 		.4byte	.LASF27
 590 01c1 01       		.byte	0x1
 591 01c2 5A01     		.2byte	0x15a
 592 01c4 00000000 		.4byte	.LFB10
 593 01c8 0C000000 		.4byte	.LFE10-.LFB10
 594 01cc 01       		.uleb128 0x1
 595 01cd 9C       		.byte	0x9c
 596 01ce 0A       		.uleb128 0xa
 597 01cf 5F000000 		.4byte	.LASF28
 598 01d3 01       		.byte	0x1
 599 01d4 38       		.byte	0x38
 600 01d5 00000000 		.4byte	.LFB0
 601 01d9 1C000000 		.4byte	.LFE0-.LFB0
 602 01dd 01       		.uleb128 0x1
 603 01de 9C       		.byte	0x9c
 604 01df 20020000 		.4byte	0x220
 605 01e3 10       		.uleb128 0x10
 606 01e4 06000000 		.4byte	.LVL8
 607 01e8 BC010000 		.4byte	0x1bc
 608 01ec 16       		.uleb128 0x16
ARM GAS  C:\Users\ÑÏÍþºÀ\AppData\Local\Temp\ccV92stp.s 			page 19


 609 01ed 0C000000 		.4byte	.LVL9
 610 01f1 D2000000 		.4byte	0xd2
 611 01f5 03020000 		.4byte	0x203
 612 01f9 17       		.uleb128 0x17
 613 01fa 01       		.uleb128 0x1
 614 01fb 50       		.byte	0x50
 615 01fc 05       		.uleb128 0x5
 616 01fd 03       		.byte	0x3
 617 01fe 00000000 		.4byte	isr_1_Interrupt
 618 0202 00       		.byte	0
 619 0203 16       		.uleb128 0x16
 620 0204 12000000 		.4byte	.LVL10
 621 0208 0A010000 		.4byte	0x10a
 622 020c 16020000 		.4byte	0x216
 623 0210 17       		.uleb128 0x17
 624 0211 01       		.uleb128 0x1
 625 0212 50       		.byte	0x50
 626 0213 01       		.uleb128 0x1
 627 0214 33       		.byte	0x33
 628 0215 00       		.byte	0
 629 0216 10       		.uleb128 0x10
 630 0217 16000000 		.4byte	.LVL11
 631 021b 94010000 		.4byte	0x194
 632 021f 00       		.byte	0
 633 0220 0A       		.uleb128 0xa
 634 0221 B2020000 		.4byte	.LASF29
 635 0225 01       		.byte	0x1
 636 0226 63       		.byte	0x63
 637 0227 00000000 		.4byte	.LFB1
 638 022b 1A000000 		.4byte	.LFE1-.LFB1
 639 022f 01       		.uleb128 0x1
 640 0230 9C       		.byte	0x9c
 641 0231 7E020000 		.4byte	0x27e
 642 0235 0D       		.uleb128 0xd
 643 0236 61010000 		.4byte	.LASF19
 644 023a 01       		.byte	0x1
 645 023b 63       		.byte	0x63
 646 023c A7000000 		.4byte	0xa7
 647 0240 56000000 		.4byte	.LLST3
 648 0244 10       		.uleb128 0x10
 649 0245 08000000 		.4byte	.LVL13
 650 0249 BC010000 		.4byte	0x1bc
 651 024d 16       		.uleb128 0x16
 652 024e 0E000000 		.4byte	.LVL14
 653 0252 D2000000 		.4byte	0xd2
 654 0256 61020000 		.4byte	0x261
 655 025a 17       		.uleb128 0x17
 656 025b 01       		.uleb128 0x1
 657 025c 50       		.byte	0x50
 658 025d 02       		.uleb128 0x2
 659 025e 74       		.byte	0x74
 660 025f 00       		.sleb128 0
 661 0260 00       		.byte	0
 662 0261 16       		.uleb128 0x16
 663 0262 14000000 		.4byte	.LVL15
 664 0266 0A010000 		.4byte	0x10a
 665 026a 74020000 		.4byte	0x274
ARM GAS  C:\Users\ÑÏÍþºÀ\AppData\Local\Temp\ccV92stp.s 			page 20


 666 026e 17       		.uleb128 0x17
 667 026f 01       		.uleb128 0x1
 668 0270 50       		.byte	0x50
 669 0271 01       		.uleb128 0x1
 670 0272 33       		.byte	0x33
 671 0273 00       		.byte	0
 672 0274 10       		.uleb128 0x10
 673 0275 18000000 		.4byte	.LVL16
 674 0279 94010000 		.4byte	0x194
 675 027d 00       		.byte	0
 676 027e 0A       		.uleb128 0xa
 677 027f 54000000 		.4byte	.LASF30
 678 0283 01       		.byte	0x1
 679 0284 81       		.byte	0x81
 680 0285 00000000 		.4byte	.LFB2
 681 0289 14000000 		.4byte	.LFE2-.LFB2
 682 028d 01       		.uleb128 0x1
 683 028e 9C       		.byte	0x9c
 684 028f A6020000 		.4byte	0x2a6
 685 0293 10       		.uleb128 0x10
 686 0294 06000000 		.4byte	.LVL18
 687 0298 BC010000 		.4byte	0x1bc
 688 029c 10       		.uleb128 0x10
 689 029d 0C000000 		.4byte	.LVL19
 690 02a1 D2000000 		.4byte	0xd2
 691 02a5 00       		.byte	0
 692 02a6 14       		.uleb128 0x14
 693 02a7 19000000 		.4byte	.LASF31
 694 02ab 01       		.byte	0x1
 695 02ac 7501     		.2byte	0x175
 696 02ae 00000000 		.4byte	.LFB11
 697 02b2 0C000000 		.4byte	.LFE11-.LFB11
 698 02b6 01       		.uleb128 0x1
 699 02b7 9C       		.byte	0x9c
 700 02b8 14       		.uleb128 0x14
 701 02b9 00000000 		.4byte	.LASF32
 702 02bd 01       		.byte	0x1
 703 02be 8E01     		.2byte	0x18e
 704 02c0 00000000 		.4byte	.LFB12
 705 02c4 0C000000 		.4byte	.LFE12-.LFB12
 706 02c8 01       		.uleb128 0x1
 707 02c9 9C       		.byte	0x9c
 708 02ca 18       		.uleb128 0x18
 709 02cb A7000000 		.4byte	0xa7
 710 02cf DA020000 		.4byte	0x2da
 711 02d3 19       		.uleb128 0x19
 712 02d4 BA000000 		.4byte	0xba
 713 02d8 2F       		.byte	0x2f
 714 02d9 00       		.byte	0
 715 02da 1A       		.uleb128 0x1a
 716 02db 39000000 		.4byte	.LASF37
 717 02df 01       		.byte	0x1
 718 02e0 21       		.byte	0x21
 719 02e1 CA020000 		.4byte	0x2ca
 720 02e5 1B       		.uleb128 0x1b
 721 02e6 3D010000 		.4byte	.LASF38
 722 02ea 03       		.byte	0x3
ARM GAS  C:\Users\ÑÏÍþºÀ\AppData\Local\Temp\ccV92stp.s 			page 21


 723 02eb 5E       		.byte	0x5e
 724 02ec 6B000000 		.4byte	0x6b
 725 02f0 1C       		.uleb128 0x1c
 726 02f1 69010000 		.4byte	.LASF39
 727 02f5 03       		.byte	0x3
 728 02f6 5F       		.byte	0x5f
 729 02f7 1D       		.uleb128 0x1d
 730 02f8 6B000000 		.4byte	0x6b
 731 02fc 00       		.byte	0
 732 02fd 00       		.byte	0
 733              		.section	.debug_abbrev,"",%progbits
 734              	.Ldebug_abbrev0:
 735 0000 01       		.uleb128 0x1
 736 0001 11       		.uleb128 0x11
 737 0002 01       		.byte	0x1
 738 0003 25       		.uleb128 0x25
 739 0004 0E       		.uleb128 0xe
 740 0005 13       		.uleb128 0x13
 741 0006 0B       		.uleb128 0xb
 742 0007 03       		.uleb128 0x3
 743 0008 0E       		.uleb128 0xe
 744 0009 1B       		.uleb128 0x1b
 745 000a 0E       		.uleb128 0xe
 746 000b 55       		.uleb128 0x55
 747 000c 17       		.uleb128 0x17
 748 000d 11       		.uleb128 0x11
 749 000e 01       		.uleb128 0x1
 750 000f 10       		.uleb128 0x10
 751 0010 17       		.uleb128 0x17
 752 0011 00       		.byte	0
 753 0012 00       		.byte	0
 754 0013 02       		.uleb128 0x2
 755 0014 24       		.uleb128 0x24
 756 0015 00       		.byte	0
 757 0016 0B       		.uleb128 0xb
 758 0017 0B       		.uleb128 0xb
 759 0018 3E       		.uleb128 0x3e
 760 0019 0B       		.uleb128 0xb
 761 001a 03       		.uleb128 0x3
 762 001b 0E       		.uleb128 0xe
 763 001c 00       		.byte	0
 764 001d 00       		.byte	0
 765 001e 03       		.uleb128 0x3
 766 001f 24       		.uleb128 0x24
 767 0020 00       		.byte	0
 768 0021 0B       		.uleb128 0xb
 769 0022 0B       		.uleb128 0xb
 770 0023 3E       		.uleb128 0x3e
 771 0024 0B       		.uleb128 0xb
 772 0025 03       		.uleb128 0x3
 773 0026 08       		.uleb128 0x8
 774 0027 00       		.byte	0
 775 0028 00       		.byte	0
 776 0029 04       		.uleb128 0x4
 777 002a 16       		.uleb128 0x16
 778 002b 00       		.byte	0
 779 002c 03       		.uleb128 0x3
ARM GAS  C:\Users\ÑÏÍþºÀ\AppData\Local\Temp\ccV92stp.s 			page 22


 780 002d 0E       		.uleb128 0xe
 781 002e 3A       		.uleb128 0x3a
 782 002f 0B       		.uleb128 0xb
 783 0030 3B       		.uleb128 0x3b
 784 0031 0B       		.uleb128 0xb
 785 0032 49       		.uleb128 0x49
 786 0033 13       		.uleb128 0x13
 787 0034 00       		.byte	0
 788 0035 00       		.byte	0
 789 0036 05       		.uleb128 0x5
 790 0037 16       		.uleb128 0x16
 791 0038 00       		.byte	0
 792 0039 03       		.uleb128 0x3
 793 003a 0E       		.uleb128 0xe
 794 003b 3A       		.uleb128 0x3a
 795 003c 0B       		.uleb128 0xb
 796 003d 3B       		.uleb128 0x3b
 797 003e 05       		.uleb128 0x5
 798 003f 49       		.uleb128 0x49
 799 0040 13       		.uleb128 0x13
 800 0041 00       		.byte	0
 801 0042 00       		.byte	0
 802 0043 06       		.uleb128 0x6
 803 0044 35       		.uleb128 0x35
 804 0045 00       		.byte	0
 805 0046 49       		.uleb128 0x49
 806 0047 13       		.uleb128 0x13
 807 0048 00       		.byte	0
 808 0049 00       		.byte	0
 809 004a 07       		.uleb128 0x7
 810 004b 0F       		.uleb128 0xf
 811 004c 00       		.byte	0
 812 004d 0B       		.uleb128 0xb
 813 004e 0B       		.uleb128 0xb
 814 004f 49       		.uleb128 0x49
 815 0050 13       		.uleb128 0x13
 816 0051 00       		.byte	0
 817 0052 00       		.byte	0
 818 0053 08       		.uleb128 0x8
 819 0054 15       		.uleb128 0x15
 820 0055 00       		.byte	0
 821 0056 27       		.uleb128 0x27
 822 0057 19       		.uleb128 0x19
 823 0058 00       		.byte	0
 824 0059 00       		.byte	0
 825 005a 09       		.uleb128 0x9
 826 005b 2E       		.uleb128 0x2e
 827 005c 00       		.byte	0
 828 005d 3F       		.uleb128 0x3f
 829 005e 19       		.uleb128 0x19
 830 005f 03       		.uleb128 0x3
 831 0060 0E       		.uleb128 0xe
 832 0061 3A       		.uleb128 0x3a
 833 0062 0B       		.uleb128 0xb
 834 0063 3B       		.uleb128 0x3b
 835 0064 0B       		.uleb128 0xb
 836 0065 27       		.uleb128 0x27
ARM GAS  C:\Users\ÑÏÍþºÀ\AppData\Local\Temp\ccV92stp.s 			page 23


 837 0066 19       		.uleb128 0x19
 838 0067 11       		.uleb128 0x11
 839 0068 01       		.uleb128 0x1
 840 0069 12       		.uleb128 0x12
 841 006a 06       		.uleb128 0x6
 842 006b 40       		.uleb128 0x40
 843 006c 18       		.uleb128 0x18
 844 006d 9742     		.uleb128 0x2117
 845 006f 19       		.uleb128 0x19
 846 0070 00       		.byte	0
 847 0071 00       		.byte	0
 848 0072 0A       		.uleb128 0xa
 849 0073 2E       		.uleb128 0x2e
 850 0074 01       		.byte	0x1
 851 0075 3F       		.uleb128 0x3f
 852 0076 19       		.uleb128 0x19
 853 0077 03       		.uleb128 0x3
 854 0078 0E       		.uleb128 0xe
 855 0079 3A       		.uleb128 0x3a
 856 007a 0B       		.uleb128 0xb
 857 007b 3B       		.uleb128 0x3b
 858 007c 0B       		.uleb128 0xb
 859 007d 27       		.uleb128 0x27
 860 007e 19       		.uleb128 0x19
 861 007f 11       		.uleb128 0x11
 862 0080 01       		.uleb128 0x1
 863 0081 12       		.uleb128 0x12
 864 0082 06       		.uleb128 0x6
 865 0083 40       		.uleb128 0x40
 866 0084 18       		.uleb128 0x18
 867 0085 9742     		.uleb128 0x2117
 868 0087 19       		.uleb128 0x19
 869 0088 01       		.uleb128 0x1
 870 0089 13       		.uleb128 0x13
 871 008a 00       		.byte	0
 872 008b 00       		.byte	0
 873 008c 0B       		.uleb128 0xb
 874 008d 05       		.uleb128 0x5
 875 008e 00       		.byte	0
 876 008f 03       		.uleb128 0x3
 877 0090 0E       		.uleb128 0xe
 878 0091 3A       		.uleb128 0x3a
 879 0092 0B       		.uleb128 0xb
 880 0093 3B       		.uleb128 0x3b
 881 0094 0B       		.uleb128 0xb
 882 0095 49       		.uleb128 0x49
 883 0096 13       		.uleb128 0x13
 884 0097 02       		.uleb128 0x2
 885 0098 18       		.uleb128 0x18
 886 0099 00       		.byte	0
 887 009a 00       		.byte	0
 888 009b 0C       		.uleb128 0xc
 889 009c 2E       		.uleb128 0x2e
 890 009d 00       		.byte	0
 891 009e 3F       		.uleb128 0x3f
 892 009f 19       		.uleb128 0x19
 893 00a0 03       		.uleb128 0x3
ARM GAS  C:\Users\ÑÏÍþºÀ\AppData\Local\Temp\ccV92stp.s 			page 24


 894 00a1 0E       		.uleb128 0xe
 895 00a2 3A       		.uleb128 0x3a
 896 00a3 0B       		.uleb128 0xb
 897 00a4 3B       		.uleb128 0x3b
 898 00a5 0B       		.uleb128 0xb
 899 00a6 27       		.uleb128 0x27
 900 00a7 19       		.uleb128 0x19
 901 00a8 49       		.uleb128 0x49
 902 00a9 13       		.uleb128 0x13
 903 00aa 11       		.uleb128 0x11
 904 00ab 01       		.uleb128 0x1
 905 00ac 12       		.uleb128 0x12
 906 00ad 06       		.uleb128 0x6
 907 00ae 40       		.uleb128 0x40
 908 00af 18       		.uleb128 0x18
 909 00b0 9742     		.uleb128 0x2117
 910 00b2 19       		.uleb128 0x19
 911 00b3 00       		.byte	0
 912 00b4 00       		.byte	0
 913 00b5 0D       		.uleb128 0xd
 914 00b6 05       		.uleb128 0x5
 915 00b7 00       		.byte	0
 916 00b8 03       		.uleb128 0x3
 917 00b9 0E       		.uleb128 0xe
 918 00ba 3A       		.uleb128 0x3a
 919 00bb 0B       		.uleb128 0xb
 920 00bc 3B       		.uleb128 0x3b
 921 00bd 0B       		.uleb128 0xb
 922 00be 49       		.uleb128 0x49
 923 00bf 13       		.uleb128 0x13
 924 00c0 02       		.uleb128 0x2
 925 00c1 17       		.uleb128 0x17
 926 00c2 00       		.byte	0
 927 00c3 00       		.byte	0
 928 00c4 0E       		.uleb128 0xe
 929 00c5 34       		.uleb128 0x34
 930 00c6 00       		.byte	0
 931 00c7 03       		.uleb128 0x3
 932 00c8 0E       		.uleb128 0xe
 933 00c9 3A       		.uleb128 0x3a
 934 00ca 0B       		.uleb128 0xb
 935 00cb 3B       		.uleb128 0x3b
 936 00cc 0B       		.uleb128 0xb
 937 00cd 49       		.uleb128 0x49
 938 00ce 13       		.uleb128 0x13
 939 00cf 02       		.uleb128 0x2
 940 00d0 17       		.uleb128 0x17
 941 00d1 00       		.byte	0
 942 00d2 00       		.byte	0
 943 00d3 0F       		.uleb128 0xf
 944 00d4 34       		.uleb128 0x34
 945 00d5 00       		.byte	0
 946 00d6 03       		.uleb128 0x3
 947 00d7 0E       		.uleb128 0xe
 948 00d8 3A       		.uleb128 0x3a
 949 00d9 0B       		.uleb128 0xb
 950 00da 3B       		.uleb128 0x3b
ARM GAS  C:\Users\ÑÏÍþºÀ\AppData\Local\Temp\ccV92stp.s 			page 25


 951 00db 0B       		.uleb128 0xb
 952 00dc 49       		.uleb128 0x49
 953 00dd 13       		.uleb128 0x13
 954 00de 1C       		.uleb128 0x1c
 955 00df 0B       		.uleb128 0xb
 956 00e0 00       		.byte	0
 957 00e1 00       		.byte	0
 958 00e2 10       		.uleb128 0x10
 959 00e3 898201   		.uleb128 0x4109
 960 00e6 00       		.byte	0
 961 00e7 11       		.uleb128 0x11
 962 00e8 01       		.uleb128 0x1
 963 00e9 31       		.uleb128 0x31
 964 00ea 13       		.uleb128 0x13
 965 00eb 00       		.byte	0
 966 00ec 00       		.byte	0
 967 00ed 11       		.uleb128 0x11
 968 00ee 2E       		.uleb128 0x2e
 969 00ef 01       		.byte	0x1
 970 00f0 3F       		.uleb128 0x3f
 971 00f1 19       		.uleb128 0x19
 972 00f2 03       		.uleb128 0x3
 973 00f3 0E       		.uleb128 0xe
 974 00f4 3A       		.uleb128 0x3a
 975 00f5 0B       		.uleb128 0xb
 976 00f6 3B       		.uleb128 0x3b
 977 00f7 05       		.uleb128 0x5
 978 00f8 27       		.uleb128 0x27
 979 00f9 19       		.uleb128 0x19
 980 00fa 49       		.uleb128 0x49
 981 00fb 13       		.uleb128 0x13
 982 00fc 11       		.uleb128 0x11
 983 00fd 01       		.uleb128 0x1
 984 00fe 12       		.uleb128 0x12
 985 00ff 06       		.uleb128 0x6
 986 0100 40       		.uleb128 0x40
 987 0101 18       		.uleb128 0x18
 988 0102 9742     		.uleb128 0x2117
 989 0104 19       		.uleb128 0x19
 990 0105 01       		.uleb128 0x1
 991 0106 13       		.uleb128 0x13
 992 0107 00       		.byte	0
 993 0108 00       		.byte	0
 994 0109 12       		.uleb128 0x12
 995 010a 34       		.uleb128 0x34
 996 010b 00       		.byte	0
 997 010c 03       		.uleb128 0x3
 998 010d 0E       		.uleb128 0xe
 999 010e 3A       		.uleb128 0x3a
 1000 010f 0B       		.uleb128 0xb
 1001 0110 3B       		.uleb128 0x3b
 1002 0111 05       		.uleb128 0x5
 1003 0112 49       		.uleb128 0x49
 1004 0113 13       		.uleb128 0x13
 1005 0114 02       		.uleb128 0x2
 1006 0115 17       		.uleb128 0x17
 1007 0116 00       		.byte	0
ARM GAS  C:\Users\ÑÏÍþºÀ\AppData\Local\Temp\ccV92stp.s 			page 26


 1008 0117 00       		.byte	0
 1009 0118 13       		.uleb128 0x13
 1010 0119 34       		.uleb128 0x34
 1011 011a 00       		.byte	0
 1012 011b 03       		.uleb128 0x3
 1013 011c 0E       		.uleb128 0xe
 1014 011d 3A       		.uleb128 0x3a
 1015 011e 0B       		.uleb128 0xb
 1016 011f 3B       		.uleb128 0x3b
 1017 0120 05       		.uleb128 0x5
 1018 0121 49       		.uleb128 0x49
 1019 0122 13       		.uleb128 0x13
 1020 0123 1C       		.uleb128 0x1c
 1021 0124 0B       		.uleb128 0xb
 1022 0125 00       		.byte	0
 1023 0126 00       		.byte	0
 1024 0127 14       		.uleb128 0x14
 1025 0128 2E       		.uleb128 0x2e
 1026 0129 00       		.byte	0
 1027 012a 3F       		.uleb128 0x3f
 1028 012b 19       		.uleb128 0x19
 1029 012c 03       		.uleb128 0x3
 1030 012d 0E       		.uleb128 0xe
 1031 012e 3A       		.uleb128 0x3a
 1032 012f 0B       		.uleb128 0xb
 1033 0130 3B       		.uleb128 0x3b
 1034 0131 05       		.uleb128 0x5
 1035 0132 27       		.uleb128 0x27
 1036 0133 19       		.uleb128 0x19
 1037 0134 11       		.uleb128 0x11
 1038 0135 01       		.uleb128 0x1
 1039 0136 12       		.uleb128 0x12
 1040 0137 06       		.uleb128 0x6
 1041 0138 40       		.uleb128 0x40
 1042 0139 18       		.uleb128 0x18
 1043 013a 9742     		.uleb128 0x2117
 1044 013c 19       		.uleb128 0x19
 1045 013d 00       		.byte	0
 1046 013e 00       		.byte	0
 1047 013f 15       		.uleb128 0x15
 1048 0140 2E       		.uleb128 0x2e
 1049 0141 00       		.byte	0
 1050 0142 3F       		.uleb128 0x3f
 1051 0143 19       		.uleb128 0x19
 1052 0144 03       		.uleb128 0x3
 1053 0145 0E       		.uleb128 0xe
 1054 0146 3A       		.uleb128 0x3a
 1055 0147 0B       		.uleb128 0xb
 1056 0148 3B       		.uleb128 0x3b
 1057 0149 05       		.uleb128 0x5
 1058 014a 27       		.uleb128 0x27
 1059 014b 19       		.uleb128 0x19
 1060 014c 49       		.uleb128 0x49
 1061 014d 13       		.uleb128 0x13
 1062 014e 11       		.uleb128 0x11
 1063 014f 01       		.uleb128 0x1
 1064 0150 12       		.uleb128 0x12
ARM GAS  C:\Users\ÑÏÍþºÀ\AppData\Local\Temp\ccV92stp.s 			page 27


 1065 0151 06       		.uleb128 0x6
 1066 0152 40       		.uleb128 0x40
 1067 0153 18       		.uleb128 0x18
 1068 0154 9742     		.uleb128 0x2117
 1069 0156 19       		.uleb128 0x19
 1070 0157 00       		.byte	0
 1071 0158 00       		.byte	0
 1072 0159 16       		.uleb128 0x16
 1073 015a 898201   		.uleb128 0x4109
 1074 015d 01       		.byte	0x1
 1075 015e 11       		.uleb128 0x11
 1076 015f 01       		.uleb128 0x1
 1077 0160 31       		.uleb128 0x31
 1078 0161 13       		.uleb128 0x13
 1079 0162 01       		.uleb128 0x1
 1080 0163 13       		.uleb128 0x13
 1081 0164 00       		.byte	0
 1082 0165 00       		.byte	0
 1083 0166 17       		.uleb128 0x17
 1084 0167 8A8201   		.uleb128 0x410a
 1085 016a 00       		.byte	0
 1086 016b 02       		.uleb128 0x2
 1087 016c 18       		.uleb128 0x18
 1088 016d 9142     		.uleb128 0x2111
 1089 016f 18       		.uleb128 0x18
 1090 0170 00       		.byte	0
 1091 0171 00       		.byte	0
 1092 0172 18       		.uleb128 0x18
 1093 0173 01       		.uleb128 0x1
 1094 0174 01       		.byte	0x1
 1095 0175 49       		.uleb128 0x49
 1096 0176 13       		.uleb128 0x13
 1097 0177 01       		.uleb128 0x1
 1098 0178 13       		.uleb128 0x13
 1099 0179 00       		.byte	0
 1100 017a 00       		.byte	0
 1101 017b 19       		.uleb128 0x19
 1102 017c 21       		.uleb128 0x21
 1103 017d 00       		.byte	0
 1104 017e 49       		.uleb128 0x49
 1105 017f 13       		.uleb128 0x13
 1106 0180 2F       		.uleb128 0x2f
 1107 0181 0B       		.uleb128 0xb
 1108 0182 00       		.byte	0
 1109 0183 00       		.byte	0
 1110 0184 1A       		.uleb128 0x1a
 1111 0185 34       		.uleb128 0x34
 1112 0186 00       		.byte	0
 1113 0187 03       		.uleb128 0x3
 1114 0188 0E       		.uleb128 0xe
 1115 0189 3A       		.uleb128 0x3a
 1116 018a 0B       		.uleb128 0xb
 1117 018b 3B       		.uleb128 0x3b
 1118 018c 0B       		.uleb128 0xb
 1119 018d 49       		.uleb128 0x49
 1120 018e 13       		.uleb128 0x13
 1121 018f 3F       		.uleb128 0x3f
ARM GAS  C:\Users\ÑÏÍþºÀ\AppData\Local\Temp\ccV92stp.s 			page 28


 1122 0190 19       		.uleb128 0x19
 1123 0191 3C       		.uleb128 0x3c
 1124 0192 19       		.uleb128 0x19
 1125 0193 00       		.byte	0
 1126 0194 00       		.byte	0
 1127 0195 1B       		.uleb128 0x1b
 1128 0196 2E       		.uleb128 0x2e
 1129 0197 00       		.byte	0
 1130 0198 3F       		.uleb128 0x3f
 1131 0199 19       		.uleb128 0x19
 1132 019a 03       		.uleb128 0x3
 1133 019b 0E       		.uleb128 0xe
 1134 019c 3A       		.uleb128 0x3a
 1135 019d 0B       		.uleb128 0xb
 1136 019e 3B       		.uleb128 0x3b
 1137 019f 0B       		.uleb128 0xb
 1138 01a0 27       		.uleb128 0x27
 1139 01a1 19       		.uleb128 0x19
 1140 01a2 49       		.uleb128 0x49
 1141 01a3 13       		.uleb128 0x13
 1142 01a4 3C       		.uleb128 0x3c
 1143 01a5 19       		.uleb128 0x19
 1144 01a6 00       		.byte	0
 1145 01a7 00       		.byte	0
 1146 01a8 1C       		.uleb128 0x1c
 1147 01a9 2E       		.uleb128 0x2e
 1148 01aa 01       		.byte	0x1
 1149 01ab 3F       		.uleb128 0x3f
 1150 01ac 19       		.uleb128 0x19
 1151 01ad 03       		.uleb128 0x3
 1152 01ae 0E       		.uleb128 0xe
 1153 01af 3A       		.uleb128 0x3a
 1154 01b0 0B       		.uleb128 0xb
 1155 01b1 3B       		.uleb128 0x3b
 1156 01b2 0B       		.uleb128 0xb
 1157 01b3 27       		.uleb128 0x27
 1158 01b4 19       		.uleb128 0x19
 1159 01b5 3C       		.uleb128 0x3c
 1160 01b6 19       		.uleb128 0x19
 1161 01b7 00       		.byte	0
 1162 01b8 00       		.byte	0
 1163 01b9 1D       		.uleb128 0x1d
 1164 01ba 05       		.uleb128 0x5
 1165 01bb 00       		.byte	0
 1166 01bc 49       		.uleb128 0x49
 1167 01bd 13       		.uleb128 0x13
 1168 01be 00       		.byte	0
 1169 01bf 00       		.byte	0
 1170 01c0 00       		.byte	0
 1171              		.section	.debug_loc,"",%progbits
 1172              	.Ldebug_loc0:
 1173              	.LLST0:
 1174 0000 00000000 		.4byte	.LVL1
 1175 0004 07000000 		.4byte	.LVL3-1
 1176 0008 0100     		.2byte	0x1
 1177 000a 50       		.byte	0x50
 1178 000b 07000000 		.4byte	.LVL3-1
ARM GAS  C:\Users\ÑÏÍþºÀ\AppData\Local\Temp\ccV92stp.s 			page 29


 1179 000f 20000000 		.4byte	.LFE6
 1180 0013 0400     		.2byte	0x4
 1181 0015 F3       		.byte	0xf3
 1182 0016 01       		.uleb128 0x1
 1183 0017 50       		.byte	0x50
 1184 0018 9F       		.byte	0x9f
 1185 0019 00000000 		.4byte	0
 1186 001d 00000000 		.4byte	0
 1187              	.LLST1:
 1188 0021 08000000 		.4byte	.LVL3
 1189 0025 19000000 		.4byte	.LVL4-1
 1190 0029 0100     		.2byte	0x1
 1191 002b 50       		.byte	0x50
 1192 002c 00000000 		.4byte	0
 1193 0030 00000000 		.4byte	0
 1194              	.LLST2:
 1195 0034 06000000 		.4byte	.LVL6
 1196 0038 08000000 		.4byte	.LVL7
 1197 003c 0500     		.2byte	0x5
 1198 003e 70       		.byte	0x70
 1199 003f 00       		.sleb128 0
 1200 0040 4E       		.byte	0x4e
 1201 0041 25       		.byte	0x25
 1202 0042 9F       		.byte	0x9f
 1203 0043 08000000 		.4byte	.LVL7
 1204 0047 10000000 		.4byte	.LFE7
 1205 004b 0100     		.2byte	0x1
 1206 004d 50       		.byte	0x50
 1207 004e 00000000 		.4byte	0
 1208 0052 00000000 		.4byte	0
 1209              	.LLST3:
 1210 0056 00000000 		.4byte	.LVL12
 1211 005a 07000000 		.4byte	.LVL13-1
 1212 005e 0100     		.2byte	0x1
 1213 0060 50       		.byte	0x50
 1214 0061 07000000 		.4byte	.LVL13-1
 1215 0065 18000000 		.4byte	.LVL17
 1216 0069 0100     		.2byte	0x1
 1217 006b 54       		.byte	0x54
 1218 006c 18000000 		.4byte	.LVL17
 1219 0070 1A000000 		.4byte	.LFE1
 1220 0074 0400     		.2byte	0x4
 1221 0076 F3       		.byte	0xf3
 1222 0077 01       		.uleb128 0x1
 1223 0078 50       		.byte	0x50
 1224 0079 9F       		.byte	0x9f
 1225 007a 00000000 		.4byte	0
 1226 007e 00000000 		.4byte	0
 1227              		.section	.debug_aranges,"",%progbits
 1228 0000 7C000000 		.4byte	0x7c
 1229 0004 0200     		.2byte	0x2
 1230 0006 00000000 		.4byte	.Ldebug_info0
 1231 000a 04       		.byte	0x4
 1232 000b 00       		.byte	0
 1233 000c 0000     		.2byte	0
 1234 000e 0000     		.2byte	0
 1235 0010 00000000 		.4byte	.LFB3
ARM GAS  C:\Users\ÑÏÍþºÀ\AppData\Local\Temp\ccV92stp.s 			page 30


 1236 0014 02000000 		.4byte	.LFE3-.LFB3
 1237 0018 00000000 		.4byte	.LFB4
 1238 001c 0C000000 		.4byte	.LFE4-.LFB4
 1239 0020 00000000 		.4byte	.LFB5
 1240 0024 0C000000 		.4byte	.LFE5-.LFB5
 1241 0028 00000000 		.4byte	.LFB6
 1242 002c 20000000 		.4byte	.LFE6-.LFB6
 1243 0030 00000000 		.4byte	.LFB7
 1244 0034 10000000 		.4byte	.LFE7-.LFB7
 1245 0038 00000000 		.4byte	.LFB8
 1246 003c 0C000000 		.4byte	.LFE8-.LFB8
 1247 0040 00000000 		.4byte	.LFB9
 1248 0044 10000000 		.4byte	.LFE9-.LFB9
 1249 0048 00000000 		.4byte	.LFB10
 1250 004c 0C000000 		.4byte	.LFE10-.LFB10
 1251 0050 00000000 		.4byte	.LFB0
 1252 0054 1C000000 		.4byte	.LFE0-.LFB0
 1253 0058 00000000 		.4byte	.LFB1
 1254 005c 1A000000 		.4byte	.LFE1-.LFB1
 1255 0060 00000000 		.4byte	.LFB2
 1256 0064 14000000 		.4byte	.LFE2-.LFB2
 1257 0068 00000000 		.4byte	.LFB11
 1258 006c 0C000000 		.4byte	.LFE11-.LFB11
 1259 0070 00000000 		.4byte	.LFB12
 1260 0074 0C000000 		.4byte	.LFE12-.LFB12
 1261 0078 00000000 		.4byte	0
 1262 007c 00000000 		.4byte	0
 1263              		.section	.debug_ranges,"",%progbits
 1264              	.Ldebug_ranges0:
 1265 0000 00000000 		.4byte	.LFB3
 1266 0004 02000000 		.4byte	.LFE3
 1267 0008 00000000 		.4byte	.LFB4
 1268 000c 0C000000 		.4byte	.LFE4
 1269 0010 00000000 		.4byte	.LFB5
 1270 0014 0C000000 		.4byte	.LFE5
 1271 0018 00000000 		.4byte	.LFB6
 1272 001c 20000000 		.4byte	.LFE6
 1273 0020 00000000 		.4byte	.LFB7
 1274 0024 10000000 		.4byte	.LFE7
 1275 0028 00000000 		.4byte	.LFB8
 1276 002c 0C000000 		.4byte	.LFE8
 1277 0030 00000000 		.4byte	.LFB9
 1278 0034 10000000 		.4byte	.LFE9
 1279 0038 00000000 		.4byte	.LFB10
 1280 003c 0C000000 		.4byte	.LFE10
 1281 0040 00000000 		.4byte	.LFB0
 1282 0044 1C000000 		.4byte	.LFE0
 1283 0048 00000000 		.4byte	.LFB1
 1284 004c 1A000000 		.4byte	.LFE1
 1285 0050 00000000 		.4byte	.LFB2
 1286 0054 14000000 		.4byte	.LFE2
 1287 0058 00000000 		.4byte	.LFB11
 1288 005c 0C000000 		.4byte	.LFE11
 1289 0060 00000000 		.4byte	.LFB12
 1290 0064 0C000000 		.4byte	.LFE12
 1291 0068 00000000 		.4byte	0
 1292 006c 00000000 		.4byte	0
ARM GAS  C:\Users\ÑÏÍþºÀ\AppData\Local\Temp\ccV92stp.s 			page 31


 1293              		.section	.debug_line,"",%progbits
 1294              	.Ldebug_line0:
 1295 0000 62010000 		.section	.debug_str,"MS",%progbits,1
 1295      02006600 
 1295      00000201 
 1295      FB0E0D00 
 1295      01010101 
 1296              	.LASF32:
 1297 0000 6973725F 		.ascii	"isr_1_ClearPending\000"
 1297      315F436C 
 1297      65617250 
 1297      656E6469 
 1297      6E6700
 1298              	.LASF14:
 1299 0013 72656733 		.ascii	"reg32\000"
 1299      3200
 1300              	.LASF31:
 1301 0019 6973725F 		.ascii	"isr_1_SetPending\000"
 1301      315F5365 
 1301      7450656E 
 1301      64696E67 
 1301      00
 1302              	.LASF26:
 1303 002a 6973725F 		.ascii	"isr_1_GetState\000"
 1303      315F4765 
 1303      74537461 
 1303      746500
 1304              	.LASF37:
 1305 0039 43795261 		.ascii	"CyRamVectors\000"
 1305      6D566563 
 1305      746F7273 
 1305      00
 1306              	.LASF27:
 1307 0046 6973725F 		.ascii	"isr_1_Disable\000"
 1307      315F4469 
 1307      7361626C 
 1307      6500
 1308              	.LASF30:
 1309 0054 6973725F 		.ascii	"isr_1_Stop\000"
 1309      315F5374 
 1309      6F7000
 1310              	.LASF28:
 1311 005f 6973725F 		.ascii	"isr_1_Start\000"
 1311      315F5374 
 1311      61727400 
 1312              	.LASF3:
 1313 006b 73686F72 		.ascii	"short unsigned int\000"
 1313      7420756E 
 1313      7369676E 
 1313      65642069 
 1313      6E7400
 1314              	.LASF36:
 1315 007e 6973725F 		.ascii	"isr_1_GetPriority\000"
 1315      315F4765 
 1315      74507269 
 1315      6F726974 
 1315      7900
ARM GAS  C:\Users\ÑÏÍþºÀ\AppData\Local\Temp\ccV92stp.s 			page 32


 1316              	.LASF11:
 1317 0090 666C6F61 		.ascii	"float\000"
 1317      7400
 1318              	.LASF7:
 1319 0096 6C6F6E67 		.ascii	"long long unsigned int\000"
 1319      206C6F6E 
 1319      6720756E 
 1319      7369676E 
 1319      65642069 
 1320              	.LASF1:
 1321 00ad 756E7369 		.ascii	"unsigned char\000"
 1321      676E6564 
 1321      20636861 
 1321      7200
 1322              	.LASF21:
 1323 00bb 696E7465 		.ascii	"interruptState\000"
 1323      72727570 
 1323      74537461 
 1323      746500
 1324              	.LASF5:
 1325 00ca 6C6F6E67 		.ascii	"long unsigned int\000"
 1325      20756E73 
 1325      69676E65 
 1325      6420696E 
 1325      7400
 1326              	.LASF9:
 1327 00dc 75696E74 		.ascii	"uint8\000"
 1327      3800
 1328              	.LASF35:
 1329 00e2 433A5C54 		.ascii	"C:\\Three2\\8_KeChuang4E(2-8)\\code\\test1\\test.cy"
 1329      68726565 
 1329      325C385F 
 1329      4B654368 
 1329      75616E67 
 1330 0110 64736E00 		.ascii	"dsn\000"
 1331              	.LASF20:
 1332 0114 7072696F 		.ascii	"priority\000"
 1332      72697479 
 1332      00
 1333              	.LASF12:
 1334 011d 646F7562 		.ascii	"double\000"
 1334      6C6500
 1335              	.LASF18:
 1336 0124 6973725F 		.ascii	"isr_1_SetPriority\000"
 1336      315F5365 
 1336      74507269 
 1336      6F726974 
 1336      7900
 1337              	.LASF10:
 1338 0136 75696E74 		.ascii	"uint32\000"
 1338      333200
 1339              	.LASF38:
 1340 013d 4379456E 		.ascii	"CyEnterCriticalSection\000"
 1340      74657243 
 1340      72697469 
 1340      63616C53 
 1340      65637469 
ARM GAS  C:\Users\ÑÏÍþºÀ\AppData\Local\Temp\ccV92stp.s 			page 33


 1341              	.LASF8:
 1342 0154 756E7369 		.ascii	"unsigned int\000"
 1342      676E6564 
 1342      20696E74 
 1342      00
 1343              	.LASF19:
 1344 0161 61646472 		.ascii	"address\000"
 1344      65737300 
 1345              	.LASF39:
 1346 0169 43794578 		.ascii	"CyExitCriticalSection\000"
 1346      69744372 
 1346      69746963 
 1346      616C5365 
 1346      6374696F 
 1347              	.LASF15:
 1348 017f 63796973 		.ascii	"cyisraddress\000"
 1348      72616464 
 1348      72657373 
 1348      00
 1349              	.LASF16:
 1350 018c 73697A65 		.ascii	"sizetype\000"
 1350      74797065 
 1350      00
 1351              	.LASF34:
 1352 0195 2E5C4765 		.ascii	".\\Generated_Source\\PSoC4\\isr_1.c\000"
 1352      6E657261 
 1352      7465645F 
 1352      536F7572 
 1352      63655C50 
 1353              	.LASF6:
 1354 01b6 6C6F6E67 		.ascii	"long long int\000"
 1354      206C6F6E 
 1354      6720696E 
 1354      7400
 1355              	.LASF24:
 1356 01c4 6973725F 		.ascii	"isr_1_Enable\000"
 1356      315F456E 
 1356      61626C65 
 1356      00
 1357              	.LASF13:
 1358 01d1 63686172 		.ascii	"char\000"
 1358      00
 1359              	.LASF33:
 1360 01d6 474E5520 		.ascii	"GNU C 4.9.3 20150303 (release) [ARM/embedded-4_9-br"
 1360      4320342E 
 1360      392E3320 
 1360      32303135 
 1360      30333033 
 1361 0209 616E6368 		.ascii	"anch revision 221220] -mcpu=cortex-m0 -mthumb -g -O"
 1361      20726576 
 1361      6973696F 
 1361      6E203232 
 1361      31323230 
 1362 023c 67202D66 		.ascii	"g -ffunction-sections -ffat-lto-objects\000"
 1362      66756E63 
 1362      74696F6E 
 1362      2D736563 
ARM GAS  C:\Users\ÑÏÍþºÀ\AppData\Local\Temp\ccV92stp.s 			page 34


 1362      74696F6E 
 1363              	.LASF2:
 1364 0264 73686F72 		.ascii	"short int\000"
 1364      7420696E 
 1364      7400
 1365              	.LASF25:
 1366 026e 6973725F 		.ascii	"isr_1_GetVector\000"
 1366      315F4765 
 1366      74566563 
 1366      746F7200 
 1367              	.LASF23:
 1368 027e 6973725F 		.ascii	"isr_1_Interrupt\000"
 1368      315F496E 
 1368      74657272 
 1368      75707400 
 1369              	.LASF22:
 1370 028e 7072696F 		.ascii	"priorityOffset\000"
 1370      72697479 
 1370      4F666673 
 1370      657400
 1371              	.LASF4:
 1372 029d 6C6F6E67 		.ascii	"long int\000"
 1372      20696E74 
 1372      00
 1373              	.LASF0:
 1374 02a6 7369676E 		.ascii	"signed char\000"
 1374      65642063 
 1374      68617200 
 1375              	.LASF29:
 1376 02b2 6973725F 		.ascii	"isr_1_StartEx\000"
 1376      315F5374 
 1376      61727445 
 1376      7800
 1377              	.LASF17:
 1378 02c0 6973725F 		.ascii	"isr_1_SetVector\000"
 1378      315F5365 
 1378      74566563 
 1378      746F7200 
 1379              		.ident	"GCC: (GNU Tools for ARM Embedded Processors) 4.9.3 20150303 (release) [ARM/embedded-4_9-br
